06-29 07:55:07.113  1464  8488 W PackageConfigPersister: App-specific configuration not found for packageName: com.google.android.apps.wallpaper.pixel and userId: 0
06-29 07:55:07.113  1464  8488 W PackageConfigPersister: App-specific configuration not found for packageName: com.android.localtransport and userId: 0
06-29 07:55:07.113  1464  8488 W PackageConfigPersister: App-specific configuration not found for packageName: com.google.android.videos and userId: 0
06-29 07:55:07.113  1464  8488 W PackageConfigPersister: App-specific configuration not found for packageName: com.google.android.wallpaper.effects and userId: 0
06-29 07:55:07.113  1464  8488 W PackageConfigPersister: App-specific configuration not found for packageName: com.google.android.apps.nexuslauncher and userId: 0
06-29 07:55:07.113  1464  8488 W PackageConfigPersister: App-specific configuration not found for packageName: com.android.carrierdefaultapp and userId: 0
06-29 07:55:07.113  1464  8488 W PackageConfigPersister: App-specific configuration not found for packageName: com.fimetech.chessfimee and userId: 0
06-29 07:55:07.113  1464  8488 W PackageConfigPersister: App-specific configuration not found for packageName: com.google.android.virtualmachine.res and userId: 0
06-29 07:55:07.113  1464  8488 W PackageConfigPersister: App-specific configuration not found for packageName: com.android.credentialmanager and userId: 0
06-29 07:55:07.113  1464  8488 W PackageConfigPersister: App-specific configuration not found for packageName: com.google.RilConfigService and userId: 0
06-29 07:55:07.114  1464  8488 W PackageConfigPersister: App-specific configuration not found for packageName: com.android.theme.font.notoserifsource and userId: 0
06-29 07:55:07.114  1464  8488 W PackageConfigPersister: App-specific configuration not found for packageName: com.android.DeviceAsWebcam and userId: 0
06-29 07:55:07.114  1464  8488 W PackageConfigPersister: App-specific configuration not found for packageName: com.android.proxyhandler and userId: 0
06-29 07:55:07.114  1464  8488 W PackageConfigPersister: App-specific configuration not found for packageName: com.google.android.safetycenter.resources and userId: 0
06-29 07:55:07.114  1464  8488 W PackageConfigPersister: App-specific configuration not found for packageName: com.google.android.compos.payload and userId: 0
06-29 07:55:07.114  1464  8488 W PackageConfigPersister: App-specific configuration not found for packageName: com.android.internal.display.cutout.emulation.waterfall and userId: 0
06-29 07:55:07.114  1464  8488 W PackageConfigPersister: App-specific configuration not found for packageName: com.infomil.leclercdrive and userId: 0
06-29 07:55:07.114  1464  8488 W PackageConfigPersister: App-specific configuration not found for packageName: com.android.intentresolver and userId: 0
06-29 07:55:07.114  1464  8488 W PackageConfigPersister: App-specific configuration not found for packageName: com.google.SSRestartDetector and userId: 0
06-29 07:55:07.114  1464  8488 W PackageConfigPersister: App-specific configuration not found for packageName: com.google.android.storagemanager.auto_generated_rro_vendor__ and userId: 0
06-29 07:55:07.114  1464  8488 W PackageConfigPersister: App-specific configuration not found for packageName: com.netflix.mediaclient and userId: 0
06-29 07:55:07.114  1464  8488 W PackageConfigPersister: App-specific configuration not found for packageName: com.android.internal.systemui.navbar.transparent and userId: 0
06-29 07:55:07.114  1464  8488 W PackageConfigPersister: App-specific configuration not found for packageName: com.android.providers.contactkeys and userId: 0
06-29 07:55:07.114  1464  8488 W PackageConfigPersister: App-specific configuration not found for packageName: com.google.android.connectivity.resources and userId: 0
06-29 07:55:07.114  1464  8488 W PackageConfigPersister: App-specific configuration not found for packageName: com.android.providers.contacts.auto_generated_rro_product__ and userId: 0
06-29 07:55:07.114  1464  8488 W PackageConfigPersister: App-specific configuration not found for packageName: com.google.android.feedback and userId: 0
06-29 07:55:07.115  1464  8488 W PackageConfigPersister: App-specific configuration not found for packageName: com.google.android.printservice.recommendation and userId: 0
06-29 07:55:07.115  1464  8488 W PackageConfigPersister: App-specific configuration not found for packageName: com.google.android.apps.photos and userId: 0
06-29 07:55:07.115  1464  8488 W PackageConfigPersister: App-specific configuration not found for packageName: com.google.android.calendar and userId: 0
06-29 07:55:07.115  1464  8488 W PackageConfigPersister: App-specific configuration not found for packageName: com.android.managedprovisioning and userId: 0
06-29 07:55:07.115  1464  8488 W PackageConfigPersister: App-specific configuration not found for packageName: com.google.android.overlay.devicelockcontroller and userId: 0
06-29 07:55:07.115  1464  8488 W PackageConfigPersister: App-specific configuration not found for packageName: com.google.android.pixelnfc and userId: 0
06-29 07:55:07.115  1464  8488 W PackageConfigPersister: App-specific configuration not found for packageName: com.android.soundpicker and userId: 0
06-29 07:55:07.115  1464  8488 W PackageConfigPersister: App-specific configuration not found for packageName: com.google.android.documentsui and userId: 0
06-29 07:55:07.115  1464  8488 W PackageConfigPersister: App-specific configuration not found for packageName: com.microsoft.office.officehubrow and userId: 0
06-29 07:55:07.115  1464  8488 W PackageConfigPersister: App-specific configuration not found for packageName: com.google.android.overlay.glanceablehubconfig and userId: 0
06-29 07:55:07.115  1464  8488 W PackageConfigPersister: App-specific configuration not found for packageName: com.google.android.accessibility.switchaccess and userId: 0
06-29 07:55:07.115  1464  8488 W PackageConfigPersister: App-specific configuration not found for packageName: ai.perplexity.app.android and userId: 0
06-29 07:55:07.115  1464  8488 W PackageConfigPersister: App-specific configuration not found for packageName: com.fressnapf.mobileapp and userId: 0
06-29 07:55:07.115  1464  8488 W PackageConfigPersister: App-specific configuration not found for packageName: com.google.mainline.telemetry and userId: 0
06-29 07:55:07.117  1464  8488 W PackageConfigPersister: App-specific configuration not found for packageName: com.google.android.systemui.gxoverlay and userId: 0
06-29 07:55:07.117  1464  8488 W PackageConfigPersister: App-specific configuration not found for packageName: com.facebook.katana and userId: 0
06-29 07:55:07.117  1464  8488 W PackageConfigPersister: App-specific configuration not found for packageName: com.google.android.apps.internal.betterbug and userId: 0
06-29 07:55:07.117  1464  8488 W PackageConfigPersister: App-specific configuration not found for packageName: com.android.cellbroadcastservice.overlay.pixel and userId: 0
06-29 07:55:07.117  1464  8488 W PackageConfigPersister: App-specific configuration not found for packageName: com.amazon.avod.thirdpartyclient and userId: 0
06-29 07:55:07.117  1464  8488 W PackageConfigPersister: App-specific configuration not found for packageName: com.android.sdm.plugins.dcmo and userId: 0
06-29 07:55:07.117  1464  8488 W PackageConfigPersister: App-specific configuration not found for packageName: com.cbs.ca and userId: 0
06-29 07:55:07.117  1464  8488 W PackageConfigPersister: App-specific configuration not found for packageName: com.android.devicediagnostics.auto_generated_rro_product__ and userId: 0
06-29 07:55:07.117  1464  8488 W PackageConfigPersister: App-specific configuration not found for packageName: com.google.android.apps.camera.services and userId: 0
06-29 07:55:07.117  1464  8488 W PackageConfigPersister: App-specific configuration not found for packageName: com.android.devicediagnostics and userId: 0
06-29 07:55:07.117  1464  8488 W PackageConfigPersister: App-specific configuration not found for packageName: com.pereira.analysis and userId: 0
06-29 07:55:07.118  1464  8488 W PackageConfigPersister: App-specific configuration not found for packageName: com.android.providers.partnerbookmarks and userId: 0
06-29 07:55:07.118  1464  8488 W PackageConfigPersister: App-specific configuration not found for packageName: com.android.role.notes.enabled and userId: 0
06-29 07:55:07.118  1464  8488 W PackageConfigPersister: App-specific configuration not found for packageName: com.shannon.imsservice and userId: 0
06-29 07:55:07.118  1464  8488 W PackageConfigPersister: App-specific configuration not found for packageName: com.xlink.trailcamgo and userId: 0
06-29 07:55:07.118  1464  8488 W PackageConfigPersister: App-specific configuration not found for packageName: com.android.wallpaper.livepicker and userId: 0
06-29 07:55:07.118  1464  8488 W PackageConfigPersister: App-specific configuration not found for packageName: com.android.providers.telephony.auto_generated_rro_product__ and userId: 0
06-29 07:55:07.118  1464  8488 W PackageConfigPersister: App-specific configuration not found for packageName: com.airbnb.android and userId: 0
06-29 07:55:07.118  1464  8488 W PackageConfigPersister: App-specific configuration not found for packageName: com.android.phone.auto_generated_rro_vendor__ and userId: 0
06-29 07:55:07.118  1464  8488 W PackageConfigPersister: App-specific configuration not found for packageName: com.android.systemui.clocks.flex and userId: 0
06-29 07:55:07.118  1464  8488 W PackageConfigPersister: App-specific configuration not found for packageName: com.facebook.orca and userId: 0
06-29 07:55:07.118  1464  8488 W PackageConfigPersister: App-specific configuration not found for packageName: com.google.mainline.adservices and userId: 0
06-29 07:55:07.118  1464  8488 W PackageConfigPersister: App-specific configuration not found for packageName: com.android.imsserviceentitlement and userId: 0
06-29 07:55:07.118  1464  8488 W PackageConfigPersister: App-specific configuration not found for packageName: com.google.assistant.hubui and userId: 0
06-29 07:55:07.118  1464  8488 W PackageConfigPersister: App-specific configuration not found for packageName: com.manomano and userId: 0
06-29 07:55:07.118  1464  8488 W PackageConfigPersister: App-specific configuration not found for packageName: com.android.traceur.auto_generated_rro_vendor__ and userId: 0
06-29 07:55:07.118  1464  8488 W PackageConfigPersister: App-specific configuration not found for packageName: com.chess and userId: 0
06-29 07:55:07.118  1464  8488 W PackageConfigPersister: App-specific configuration not found for packageName: com.google.android.healthconnect.controller and userId: 0
06-29 07:55:07.118  1464  8488 W PackageConfigPersister: App-specific configuration not found for packageName: com.google.android.apps.cbrsnetworkmonitor and userId: 0
06-29 07:55:07.119  1464  8488 W PackageConfigPersister: App-specific configuration not found for packageName: com.android.internal.display.cutout.emulation.avoidAppsInCutout and userId: 0
06-29 07:55:07.119  1464  8488 W PackageConfigPersister: App-specific configuration not found for packageName: at.pelletsheizung.oekofenapp and userId: 0
06-29 07:55:07.119  1464  8488 W PackageConfigPersister: App-specific configuration not found for packageName: com.google.android.gms.supervision and userId: 0
06-29 07:55:07.119  1464  8488 W PackageConfigPersister: App-specific configuration not found for packageName: com.darva.econstat and userId: 0
06-29 07:55:07.119  1464  8488 W PackageConfigPersister: App-specific configuration not found for packageName: com.opngo.live and userId: 0
06-29 07:55:07.119  1464  8488 W PackageConfigPersister: App-specific configuration not found for packageName: com.google.android.apps.pixel.health and userId: 0
06-29 07:55:07.119  1464  8488 W PackageConfigPersister: App-specific configuration not found for packageName: air.com.unit9.bkFrApp and userId: 0
06-29 07:55:07.119  1464  8488 W PackageConfigPersister: App-specific configuration not found for packageName: com.android.pixeldisplayservice and userId: 0
06-29 07:55:07.119  1464  8488 W PackageConfigPersister: App-specific configuration not found for packageName: com.android.bookmarkprovider and userId: 0
06-29 07:55:07.119  1464  8488 W PackageConfigPersister: App-specific configuration not found for packageName: com.google.android.overlay.pixelconfigcommon and userId: 0
06-29 07:55:07.119  1464  8488 W PackageConfigPersister: App-specific configuration not found for packageName: com.android.settings and userId: 0
06-29 07:55:07.119  1464  8488 W PackageConfigPersister: App-specific configuration not found for packageName: com.android.systemui.accessibility.accessibilitymenu.auto_generated_rro_product__ and userId: 0
06-29 07:55:07.119  1464  8488 W PackageConfigPersister: App-specific configuration not found for packageName: com.google.android.wfcactivation and userId: 0
06-29 07:55:07.119  1464  8488 W PackageConfigPersister: App-specific configuration not found for packageName: com.samsung.slsi.telephony.oemril and userId: 0
06-29 07:55:07.119  1464  8488 W PackageConfigPersister: App-specific configuration not found for packageName: com.google.android.settings.intelligence and userId: 0
06-29 07:55:07.119  1464  8488 W PackageConfigPersister: App-specific configuration not found for packageName: com.google.android.projection.gearhead and userId: 0
06-29 07:55:07.120  1464  8488 W PackageConfigPersister: App-specific configuration not found for packageName: fr.tf1.mytf1 and userId: 0
06-29 07:55:07.120  1464  8488 W PackageConfigPersister: App-specific configuration not found for packageName: com.google.android.apps.scone and userId: 0
06-29 07:55:07.120  1464  8488 W PackageConfigPersister: App-specific configuration not found for packageName: com.binance.dev and userId: 0
06-29 07:55:07.120  1464  8488 W PackageConfigPersister: App-specific configuration not found for packageName: com.google.android.apps.turbo and userId: 0
06-29 07:55:07.120  1464  8488 W PackageConfigPersister: App-specific configuration not found for packageName: com.maxime.heron.monpetitroadtrip and userId: 0
06-29 07:55:07.120  1464  8488 W PackageConfigPersister: App-specific configuration not found for packageName: com.google.android.tetheringentitlement and userId: 0
06-29 07:55:07.120  1464  8488 W PackageConfigPersister: App-specific configuration not found for packageName: com.android.omadm.service and userId: 0
06-29 07:55:07.120  1464  8488 W PackageConfigPersister: App-specific configuration not found for packageName: com.anthropic.claude and userId: 0
06-29 07:55:07.120  1464  8488 W PackageConfigPersister: App-specific configuration not found for packageName: com.google.android.apps.dreamliner and userId: 0
06-29 07:55:07.120  1464  8488 W PackageConfigPersister: App-specific configuration not found for packageName: com.google.android.safetycore and userId: 0
06-29 07:55:07.120  1464  8488 W PackageConfigPersister: App-specific configuration not found for packageName: com.google.android.uwb.resources and userId: 0
06-29 07:55:07.120  1464  8488 W PackageConfigPersister: App-specific configuration not found for packageName: com.google.android.apps.chromecast.app and userId: 0
06-29 07:55:07.120  1464  8488 W PackageConfigPersister: App-specific configuration not found for packageName: com.android.cts.ctsshim and userId: 0
06-29 07:55:07.120  1464  8488 W PackageConfigPersister: App-specific configuration not found for packageName: com.google.android.apps.wearables.maestro.companion and userId: 0
06-29 07:55:07.120  1464  8488 W PackageConfigPersister: App-specific configuration not found for packageName: com.booking and userId: 0
06-29 07:55:07.120  1464  8488 W PackageConfigPersister: App-specific configuration not found for packageName: com.google.android.wifi.resources and userId: 0
06-29 07:55:07.121  1464  8488 W PackageConfigPersister: App-specific configuration not found for packageName: com.google.android.apps.pixel.support and userId: 0
06-29 07:55:07.121  1464  8488 W PackageConfigPersister: App-specific configuration not found for packageName: com.google.android.wifi.dialog and userId: 0
06-29 07:55:07.121  1464  8488 W PackageConfigPersister: App-specific configuration not found for packageName: com.parkscanada.mobile and userId: 0
06-29 07:55:07.121  1464  8488 W PackageConfigPersister: App-specific configuration not found for packageName: com.google.pixel.iwlan and userId: 0
06-29 07:55:07.121  1464  8488 W PackageConfigPersister: App-specific configuration not found for packageName: com.google.euiccpixel.overlay.zuma and userId: 0
06-29 07:55:07.121  1464  8488 W PackageConfigPersister: App-specific configuration not found for packageName: apitester.org and userId: 0
06-29 07:55:07.121  1464  8488 W PackageConfigPersister: App-specific configuration not found for packageName: net.frameo.app and userId: 0
06-29 07:55:07.121  1464  8488 W PackageConfigPersister: App-specific configuration not found for packageName: com.google.android.connectivitythermalpowermanager and userId: 0
06-29 07:55:07.121  1464  8488 W PackageConfigPersister: App-specific configuration not found for packageName: com.android.vpndialogs and userId: 0
06-29 07:55:07.121  1464  8488 W PackageConfigPersister: App-specific configuration not found for packageName: com.noctuasoftware.stellarium_free and userId: 0
06-29 07:55:07.121  1464  8488 W PackageConfigPersister: App-specific configuration not found for packageName: com.google.android.apps.wallpaper and userId: 0
06-29 07:55:07.121  1464  8488 W PackageConfigPersister: App-specific configuration not found for packageName: deezer.android.app and userId: 0
06-29 07:55:07.121  1464  8488 W PackageConfigPersister: App-specific configuration not found for packageName: com.google.android.keep and userId: 0
06-29 07:55:07.121  1464  8488 W PackageConfigPersister: App-specific configuration not found for packageName: com.google.android.odad and userId: 0
06-29 07:55:07.121  1464  8488 W PackageConfigPersister: App-specific configuration not found for packageName: com.ondonnedesnouvelles.app and userId: 0
06-29 07:55:07.121  1464  8488 W PackageConfigPersister: App-specific configuration not found for packageName: com.android.angle and userId: 0
06-29 07:55:07.121  1464  8488 W PackageConfigPersister: App-specific configuration not found for packageName: com.android.phone and userId: 0
06-29 07:55:07.121  1464  8488 W PackageConfigPersister: App-specific configuration not found for packageName: com.android.shell and userId: 0
06-29 07:55:07.121  1464  8488 W PackageConfigPersister: App-specific configuration not found for packageName: com.google.android.apps.recorder and userId: 0
06-29 07:55:07.121  1464  8488 W PackageConfigPersister: App-specific configuration not found for packageName: com.android.wallpaperbackup and userId: 0
06-29 07:55:07.121  1464  8488 W PackageConfigPersister: App-specific configuration not found for packageName: com.android.providers.blockednumber and userId: 0
06-29 07:55:07.121  1464  8488 W PackageConfigPersister: App-specific configuration not found for packageName: com.android.settings.auto_generated_rro_product__ and userId: 0
06-29 07:55:07.121  1464  8488 W PackageConfigPersister: App-specific configuration not found for packageName: com.google.android.apps.work.clouddpc and userId: 0
06-29 07:55:07.122  1464  8488 W PackageConfigPersister: App-specific configuration not found for packageName: it.zsoft.zpellettracker and userId: 0
06-29 07:55:07.122  1464  8488 W PackageConfigPersister: App-specific configuration not found for packageName: com.android.providers.userdictionary and userId: 0
06-29 07:55:07.122  1464  8488 W PackageConfigPersister: App-specific configuration not found for packageName: com.google.android.apps.carrier.carrierwifi and userId: 0
06-29 07:55:07.122  1464  8488 W PackageConfigPersister: App-specific configuration not found for packageName: com.cutlistoptimizer and userId: 0
06-29 07:55:07.122  1464  8488 W PackageConfigPersister: App-specific configuration not found for packageName: com.google.android.apps.setupwizard.searchselector and userId: 0
06-29 07:55:07.122  1464  8488 W PackageConfigPersister: App-specific configuration not found for packageName: com.android.emergency and userId: 0
06-29 07:55:07.122  1464  8488 W PackageConfigPersister: App-specific configuration not found for packageName: com.android.providers.media.overlay.pixel and userId: 0
06-29 07:55:07.122  1464  8488 W PackageConfigPersister: App-specific configuration not found for packageName: com.bzb.app and userId: 0
06-29 07:55:07.122  1464  8488 W PackageConfigPersister: App-specific configuration not found for packageName: com.android.captiveportallogin.overlay and userId: 0
06-29 07:55:07.122  1464  8488 W PackageConfigPersister: App-specific configuration not found for packageName: com.azure.authenticator and userId: 0
06-29 07:55:07.122  1464  8488 W PackageConfigPersister: App-specific configuration not found for packageName: com.android.companiondevicemanager.auto_generated_characteristics_rro and userId: 0
06-29 07:55:07.122  1464  8488 W PackageConfigPersister: App-specific configuration not found for packageName: com.google.android.gms.location.history and userId: 0
06-29 07:55:07.122  1464  8488 W PackageConfigPersister: App-specific configuration not found for packageName: com.android.internal.systemui.navbar.gestural and userId: 0
06-29 07:55:07.122  1464  8488 W PackageConfigPersister: App-specific configuration not found for packageName: com.android.location.fused and userId: 0
06-29 07:55:07.122  1464  8488 W PackageConfigPersister: App-specific configuration not found for packageName: com.android.systemui and userId: 0
06-29 07:55:07.122  1464  8488 W PackageConfigPersister: App-specific configuration not found for packageName: com.samchristiansen.ioverlander.droid and userId: 0
06-29 07:55:07.122  1464  8488 W PackageConfigPersister: App-specific configuration not found for packageName: com.google.android.apps.aiwallpapers and userId: 0
06-29 07:55:07.122  1464  8488 W PackageConfigPersister: App-specific configuration not found for packageName: com.google.android.ondevicepersonalization.services and userId: 0
06-29 07:55:07.123  1464  8488 W PackageConfigPersister: App-specific configuration not found for packageName: com.google.android.hardwareinfo and userId: 0
06-29 07:55:07.123  1464  8488 W PackageConfigPersister: App-specific configuration not found for packageName: com.google.android.apps.youtube.music and userId: 0
06-29 07:55:07.123  1464  8488 W PackageConfigPersister: App-specific configuration not found for packageName: ru.innim.my_finance and userId: 0
06-29 07:55:07.123  1464  8488 W PackageConfigPersister: App-specific configuration not found for packageName: com.salesforce.authenticator and userId: 0
06-29 07:55:07.123  1464  8488 W PackageConfigPersister: App-specific configuration not found for packageName: com.android.bluetoothmidiservice and userId: 0
06-29 07:55:07.123  1464  8488 W PackageConfigPersister: App-specific configuration not found for packageName: com.google.android.dreamlinerupdater and userId: 0
06-29 07:55:07.123  1464  8488 W PackageConfigPersister: App-specific configuration not found for packageName: callfilter.app and userId: 0
06-29 07:55:07.123  1464  8488 W PackageConfigPersister: App-specific configuration not found for packageName: com.netcosports.androlandgarros and userId: 0
06-29 07:55:07.123  1464  8488 W PackageConfigPersister: App-specific configuration not found for packageName: com.eco.global.app and userId: 0
06-29 07:55:07.123  1464  8488 W PackageConfigPersister: App-specific configuration not found for packageName: fr.cnamts.it.activity and userId: 0
06-29 07:55:07.123  1464  8488 W PackageConfigPersister: App-specific configuration not found for packageName: com.android.traceur and userId: 0
06-29 07:55:07.123  1464  8488 W PackageConfigPersister: App-specific configuration not found for packageName: com.google.android.cellbroadcastreceiver and userId: 0
06-29 07:55:07.123  1464  8488 W PackageConfigPersister: App-specific configuration not found for packageName: com.google.android.apps.helprtc and userId: 0
06-29 07:55:07.123  1464  8488 W PackageConfigPersister: App-specific configuration not found for packageName: fr.laposte.idn and userId: 0
06-29 07:55:07.123  1464  8488 W PackageConfigPersister: App-specific configuration not found for packageName: com.zeptolab.cats.google and userId: 0
06-29 07:55:07.124  1464  8488 W PackageConfigPersister: App-specific configuration not found for packageName: com.google.android.apps.pixel.creativeassistant and userId: 0
06-29 07:55:07.124  1464  8488 W PackageConfigPersister: App-specific configuration not found for packageName: com.android.phone.auto_generated_rro_product__ and userId: 0
06-29 07:55:07.124  1464  8488 W PackageConfigPersister: App-specific configuration not found for packageName: com.android.omadm.service.auto_generated_rro_vendor__ and userId: 0
06-29 07:55:07.124  1464  8488 W PackageConfigPersister: App-specific configuration not found for packageName: io.lambus.app and userId: 0
06-29 07:55:07.124  1464  8488 W PackageConfigPersister: App-specific configuration not found for packageName: com.google.android.retaildemo and userId: 0
06-29 07:55:07.124  1464  8488 W PackageConfigPersister: App-specific configuration not found for packageName: android.auto_generated_rro_product__ and userId: 0
06-29 07:55:07.124  1464  8488 W PackageConfigPersister: App-specific configuration not found for packageName: notion.id and userId: 0
06-29 07:55:07.124  1464  8488 W PackageConfigPersister: App-specific configuration not found for packageName: com.google.android.apps.adm and userId: 0
06-29 07:55:07.124  1464  8488 W PackageConfigPersister: App-specific configuration not found for packageName: com.google.android.apps.gcs and userId: 0
06-29 07:55:07.124  1464  8488 W PackageConfigPersister: App-specific configuration not found for packageName: com.google.android.rilextension and userId: 0
06-29 07:55:07.124  1464  8488 W PackageConfigPersister: App-specific configuration not found for packageName: com.android.bluetooth and userId: 0
06-29 07:55:07.124  1464  8488 W PackageConfigPersister: App-specific configuration not found for packageName: com.android.providers.contacts and userId: 0
06-29 07:55:07.124  1464  8488 W PackageConfigPersister: App-specific configuration not found for packageName: com.google.android.GoogleCamera and userId: 0
06-29 07:55:07.124  1464  8488 W PackageConfigPersister: App-specific configuration not found for packageName: com.google.android.apps.pixel.dcservice and userId: 0
06-29 07:55:07.124  1464  8488 W PackageConfigPersister: App-specific configuration not found for packageName: com.android.telephony.imsmedia and userId: 0
06-29 07:55:07.124  1464  8488 W PackageConfigPersister: App-specific configuration not found for packageName: com.google.android.photopicker and userId: 0
06-29 07:55:07.124  1464  8488 W PackageConfigPersister: App-specific configuration not found for packageName: com.microsoft.teams and userId: 0
06-29 07:55:07.125  1464  8488 W PackageConfigPersister: App-specific configuration not found for packageName: com.hp.android.printservice and userId: 0
06-29 07:55:07.125  1464  8488 W PackageConfigPersister: App-specific configuration not found for packageName: com.google.android.inputmethod.latin and userId: 0
06-29 07:55:07.125  1464  8488 W PackageConfigPersister: App-specific configuration not found for packageName: fr.gouv.finances.smartphone.android and userId: 0
06-29 07:55:07.125  1464  8488 W PackageConfigPersister: App-specific configuration not found for packageName: com.google.android.storagemanager and userId: 0
06-29 07:55:07.125  1464  8488 W PackageConfigPersister: App-specific configuration not found for packageName: android.auto_generated_rro_vendor__ and userId: 0
06-29 07:55:07.125  1464  8488 W PackageConfigPersister: App-specific configuration not found for packageName: com.google.android.apps.restore and userId: 0
06-29 07:55:07.127  1464  8488 I CDM_BackupRestoreProcessor: getBackupPayload() userId=[0].
06-29 07:55:07.127  1464  8488 I CDM_AssociationDiskStore: Fetching stored state data for user 0 from disk
06-29 07:55:07.341  1464  2134 D BackgroundInstallControlService: Package event received: 0
06-29 07:55:07.343  1464  2150 D ActivityManager: sync unfroze 3891 com.google.android.permissioncontroller for 6
06-29 07:55:07.346  1464  2134 D BackgroundInstallControlService: Package event received: 0
06-29 07:55:07.473  1464  2134 D BackgroundInstallControlService: Package event received: 0
06-29 07:55:07.558  1464  2929 D ActivityManager: sync unfroze 7527 com.google.android.webview:webview_service for 6
06-29 07:55:07.843  1464  4000 D ActivityManager: sync unfroze 25218 com.google.android.dialer for 6
06-29 07:55:08.182  1464  2004 D ActivityManager: freezing 8162 callfilter.app
06-29 07:55:08.240  1464  5008 W ProcessStats: Tracking association SourceState{51ecf93 system/1000 ImpBg #2838748} whose proc state 6 is better than process ProcessState{5385cec com.android.vending:background/10158 pkg=com.android.vending} proc state 15 (135 skipped)
06-29 07:55:08.426  1464  1994 W JobServiceContext: Sending onNetworkChanged for a job that isn't started. JobStatus{dcc0bee #u10a178/83 com.google.android.webview/org.chromium.android_webview.services.AwVariationsSeedFetcher u=10 s=1010178 NET CHARGING READY}
06-29 07:55:08.483  1464  2473 D CompatChangeReporter: Compat change id reported: 151861875; UID 1010178; state: ENABLED
06-29 07:55:08.502  1464  1724 I ActivityManager: Start proc 8964:com.google.android.webview:webview_apk/u10a178 for service {com.google.android.webview/org.chromium.android_webview.nonembedded.AwComponentUpdateService}
06-29 07:55:08.593  1464  2004 D ActivityManager: freezing 9704 com.google.android.cellbroadcastreceiver
06-29 07:55:08.802  2170  2710 D PowerUI : can't show warning due to - plugged: true status unknown: false
06-29 07:55:09.533  1464  2134 D BackgroundInstallControlService: Package event received: 0
06-29 07:55:09.538  1464  2134 D BackgroundInstallControlService: Package event received: 0
06-29 07:55:09.664  1464  2134 D BackgroundInstallControlService: Package event received: 0
06-29 07:55:09.722  1464  2057 W NetworkPolicy: shared quota unsupported; generating rule for each iface
06-29 07:55:09.858  1464  2004 D ActivityManager: freezing 8823 com.google.android.apps.messaging
06-29 07:55:10.166  1464  2134 D BackgroundInstallControlService: Package event received: 0
06-29 07:55:10.489  1464  2004 D ActivityManager: freezing 27442 com.google.android.flipendo
06-29 07:55:10.550  1464  2134 D BackgroundInstallControlService: Package event received: 0
06-29 07:55:10.584  1464  2004 D ActivityManager: freezing 8331 com.google.android.as.oss:learning_bg
06-29 07:55:10.788  1464  2004 D ActivityManager: freezing 8239 com.google.android.as.oss
06-29 07:55:10.990  1464  2004 D ActivityManager: freezing 3415 com.google.android.rkpdapp
06-29 07:55:11.331  1464  2004 D ActivityManager: freezing 16996 com.google.android.apps.walletnfcrel
06-29 07:55:11.509  1464  1973 D CompatChangeReporter: Compat change id reported: 240618202; UID 10158; state: ENABLED
06-29 07:55:11.677  1464  1787 D ActivityManager: sync unfroze 24660 com.android.vending:instant_app_installer for 10
06-29 07:55:11.684  1464  2134 D BackgroundInstallControlService: Package event received: 0
06-29 07:55:12.005  1464  1787 I PackageManager: Continuing with installation of file:///data/app/vmdl215450202.tmp
06-29 07:55:12.030  1464  1787 V Configuration: Updating configuration, locales updated from [] to [fr_FR]
06-29 07:55:12.039  1464  1787 V Configuration: Updating configuration, locales updated from [] to [fr_FR]
06-29 07:55:12.040  1464  1787 V Configuration: Updating configuration, locales updated from [] to [fr_FR]
06-29 07:55:12.041  1464  1787 V Configuration: Updating configuration, locales updated from [] to [fr_FR]
06-29 07:55:12.047  1464  1723 I ActivityManager: Force stopping com.google.android.aicore appid=10129 user=-1: installPackageLI
06-29 07:55:12.048  1464  1787 I PackageManager: Update system package com.google.android.aicore code path from /data/app/~~zqQKrXoIwbeE8-lgKldFZw==/com.google.android.aicore-SKUM-nKhX92gt3buBf8wDQ== to /data/app/vmdl215450202.tmp; Retain data and using new
06-29 07:55:12.050  1464  1787 W PackageManager: Package com.google.android.aicore declares library com.google.android.apps.aicore that already exists; skipping
06-29 07:55:12.050  1464  1787 W PackageManager: Package com.google.android.aicore declares library com.google.android.apps.aicore that already exists; skipping
06-29 07:55:12.064  1464  1787 I AppsFilter: interaction: PackageSetting{18aba31 com.google.android.microdroid.empty_payload/10260} -> PackageSetting{ccee733 com.google.android.aicore/10129} BLOCKED
06-29 07:55:12.064  1464  1787 I AppsFilter: interaction: PackageSetting{18aba31 com.google.android.microdroid.empty_payload/10260} -> PackageSetting{ccee733 com.google.android.aicore/10129} BLOCKED
06-29 07:55:12.083  1464  1723 E ActivityManager: Unable to freeze binder for 4906: -11
06-29 07:55:12.085  1464  1723 I ActivityManager: Killing 4906:com.google.android.aicore/u0a129 (adj 955): stop com.google.android.aicore due to installPackageLI
06-29 07:55:12.205  1464  1707 D DisplayManagerService: Drop pending events for gone uid 10129
06-29 07:55:12.206  1464  1707 W Looper  : Slow dispatch took 122ms android.ui h=com.android.server.am.ActivityManagerService$UiHandler c=com.android.server.am.UidObserverController$$ExternalSyntheticLambda0@c7f0af m=0
06-29 07:55:12.208  1464  4999 V ActivityManager: Got obituary of 4906:com.google.android.aicore
06-29 07:55:12.212  1464  2473 W JobScheduler: Job didn't exist in JobStore: 90d7cd7 {androidx.work.systemjobscheduler} #u0a171/28628 @androidx.work.systemjobscheduler@com.google.android.googlequicksearchbox/androidx.work.impl.background.systemjob.SystemJobService
06-29 07:55:13.317  1464  1787 I AppsFilter: interaction: PackageSetting{5b67fac com.google.android.microdroid.empty_payload/10260} -> PackageSetting{adcf6d6 com.google.android.aicore/10129} BLOCKED
06-29 07:55:13.317  1464  1787 I AppsFilter: interaction: PackageSetting{5b67fac com.google.android.microdroid.empty_payload/10260} -> PackageSetting{adcf6d6 com.google.android.aicore/10129} BLOCKED
06-29 07:55:13.335  1464  1787 I ActivityManager: Force stopping com.google.android.aicore appid=10129 user=0: pkg removed
06-29 07:55:13.342  1464  1787 I ActivityManager: Force stopping com.google.android.aicore appid=10129 user=10: pkg removed
06-29 07:55:13.345  1464  1787 I ActivityManager: Force stopping com.google.android.aicore appid=10129 user=0: pkg removed
06-29 07:55:13.351  1464  1787 I ActivityManager: Force stopping com.google.android.aicore appid=10129 user=10: pkg removed
06-29 07:55:13.364  1464  1723 D ActivityManager: sync unfroze 22594 com.android.vending:quick_launch for 3
06-29 07:55:13.364  1464  2133 D ShortcutService: received package broadcast intent: Intent { act=android.intent.action.PACKAGE_REMOVED dat=package: flg=0x4000010 (has extras) }
06-29 07:55:13.364  1464  2133 D ShortcutService: received package broadcast intent: Intent { act=android.intent.action.PACKAGE_REMOVED dat=package: flg=0x4000010 (has extras) }
06-29 07:55:13.364  1464  1723 D ActivityManager: sync unfroze 25198 com.android.vending:background for 3
06-29 07:55:13.365  1464  1723 D ActivityManager: sync unfroze 5316 com.android.vending for 3
06-29 07:55:13.369  1464  1973 W AppOpService: Ignored setUidMode call for runtime permission app op: uid = 10139, code = READ_CELL_BROADCASTS, mode = allow, callingUid = 1001, oldMode = allow
06-29 07:55:13.369  1464  2084 E AppOps  : attributionTag VCN not declared in manifest of android
06-29 07:55:13.373  1464  2041 W PackageConfigPersister: App-specific configuration not found for packageName: com.google.android.aicore and userId: 0
06-29 07:55:13.374  1464  1973 W AppOpService: Ignored setUidMode call for runtime permission app op: uid = 1001, code = READ_SMS, mode = allow, callingUid = 1001, oldMode = allow
06-29 07:55:13.374  1464  1973 W AppOpService: Ignored setUidMode call for runtime permission app op: uid = 1001, code = RECEIVE_SMS, mode = allow, callingUid = 1001, oldMode = allow
06-29 07:55:13.374  1464  1973 W AppOpService: Ignored setUidMode call for runtime permission app op: uid = 1001, code = RECEIVE_WAP_PUSH, mode = allow, callingUid = 1001, oldMode = allow
06-29 07:55:13.375  1464  2041 W PackageConfigPersister: App-specific configuration not found for packageName: com.google.android.aicore and userId: 10
06-29 07:55:13.376  1464  1973 W AppOpService: Ignored setUidMode call for runtime permission app op: uid = 1001, code = SEND_SMS, mode = allow, callingUid = 1001, oldMode = allow
06-29 07:55:13.376  1464  5008 W AppOpService: Ignored setUidMode call for runtime permission app op: uid = 1001, code = READ_CELL_BROADCASTS, mode = allow, callingUid = 1001, oldMode = allow
06-29 07:55:13.377  1464  1464 D ActivityManager: sync unfroze 27494 com.android.settings for 10
06-29 07:55:13.377  1464  1464 D ActivityManager: sync unfroze 5324 com.android.keychain for 10
06-29 07:55:13.378  1464  1464 D ActivityManager: sync unfroze 2741 system:ui for 10
06-29 07:55:13.378  1464  1464 D ActivityManager: sync unfroze 1234 com.android.DeviceAsWebcam for 10
06-29 07:55:13.379  1464  2134 D BackgroundInstallControlService: Package event received: 0
06-29 07:55:13.380  1464  1464 I Telecom : CarModeTracker: Package com.google.android.aicore is not tracked.: SSH.oR@E+0
06-29 07:55:13.380  1464  1464 I Telecom : InCallController: updateCarModeForConnections: car mode apps: : SSH.oR@E+0
06-29 07:55:13.380  1464  1464 I Telecom : InCallController: Child managed profile user found: 10: SSH.oR@E+0
06-29 07:55:13.380  1464  1464 I Telecom : InCallController: update carmode current:UserHandle{0} parent:UserHandle{10}: SSH.oR@E+0
06-29 07:55:13.385  4942  4942 D ActivityThread: Package [com.google.android.aicore] reported as REPLACED, but missing application info. Assuming REMOVED.
06-29 07:55:13.385 30982 30982 D ActivityThread: Package [com.google.android.aicore] reported as REPLACED, but missing application info. Assuming REMOVED.
06-29 07:55:13.385  3061  3061 D ActivityThread: Package [com.google.android.aicore] reported as REPLACED, but missing application info. Assuming REMOVED.
06-29 07:55:13.385 20927 20927 D ActivityThread: Package [com.google.android.aicore] reported as REPLACED, but missing application info. Assuming REMOVED.
06-29 07:55:13.385  4027  4027 D ActivityThread: Package [com.google.android.aicore] reported as REPLACED, but missing application info. Assuming REMOVED.
06-29 07:55:13.386  3294  3294 D ActivityThread: Package [com.google.android.aicore] reported as REPLACED, but missing application info. Assuming REMOVED.
06-29 07:55:13.386 15345 15345 D ActivityThread: Package [com.google.android.aicore] reported as REPLACED, but missing application info. Assuming REMOVED.
06-29 07:55:13.386 30379 30379 D ActivityThread: Package [com.google.android.aicore] reported as REPLACED, but missing application info. Assuming REMOVED.
06-29 07:55:13.386  8190  8190 D ActivityThread: Package [com.google.android.aicore] reported as REPLACED, but missing application info. Assuming REMOVED.
06-29 07:55:13.386  3168  3168 D ActivityThread: Package [com.google.android.aicore] reported as REPLACED, but missing application info. Assuming REMOVED.
06-29 07:55:13.387 10797 10797 D ActivityThread: Package [com.google.android.aicore] reported as REPLACED, but missing application info. Assuming REMOVED.
06-29 07:55:13.387  7527  7527 D ActivityThread: Package [com.google.android.aicore] reported as REPLACED, but missing application info. Assuming REMOVED.
06-29 07:55:13.387  1464  2134 D BackgroundInstallControlService: Package event received: 0
06-29 07:55:13.387  3663  3663 D ActivityThread: Package [com.google.android.aicore] reported as REPLACED, but missing application info. Assuming REMOVED.
06-29 07:55:13.387  8756  8756 D ActivityThread: Package [com.google.android.aicore] reported as REPLACED, but missing application info. Assuming REMOVED.
06-29 07:55:13.387 27535 27535 D ActivityThread: Package [com.google.android.aicore] reported as REPLACED, but missing application info. Assuming REMOVED.
06-29 07:55:13.387 29701 29701 D ActivityThread: Package [com.google.android.aicore] reported as REPLACED, but missing application info. Assuming REMOVED.
06-29 07:55:13.387 16778 16778 D ActivityThread: Package [com.google.android.aicore] reported as REPLACED, but missing application info. Assuming REMOVED.
06-29 07:55:13.388  2873  2873 D ActivityThread: Package [com.google.android.aicore] reported as REPLACED, but missing application info. Assuming REMOVED.
06-29 07:55:13.388 25218 25218 D ActivityThread: Package [com.google.android.aicore] reported as REPLACED, but missing application info. Assuming REMOVED.
06-29 07:55:13.388 10733 10733 D ActivityThread: Package [com.google.android.aicore] reported as REPLACED, but missing application info. Assuming REMOVED.
06-29 07:55:13.388 30765 30765 D ActivityThread: Package [com.google.android.aicore] reported as REPLACED, but missing application info. Assuming REMOVED.
06-29 07:55:13.388  4099  4099 D ActivityThread: Package [com.google.android.aicore] reported as REPLACED, but missing application info. Assuming REMOVED.
06-29 07:55:13.388 30994 30994 D ActivityThread: Package [com.google.android.aicore] reported as REPLACED, but missing application info. Assuming REMOVED.
06-29 07:55:13.388 19025 19025 D ActivityThread: Package [com.google.android.aicore] reported as REPLACED, but missing application info. Assuming REMOVED.
06-29 07:55:13.388  4728  4728 D ActivityThread: Package [com.google.android.aicore] reported as REPLACED, but missing application info. Assuming REMOVED.
06-29 07:55:13.389  2742  2742 D ActivityThread: Package [com.google.android.aicore] reported as REPLACED, but missing application info. Assuming REMOVED.
06-29 07:55:13.389  6349  6349 D ActivityThread: Package [com.google.android.aicore] reported as REPLACED, but missing application info. Assuming REMOVED.
06-29 07:55:13.389 30951 30951 D ActivityThread: Package [com.google.android.aicore] reported as REPLACED, but missing application info. Assuming REMOVED.
06-29 07:55:13.389 10935 10935 D ActivityThread: Package [com.google.android.aicore] reported as REPLACED, but missing application info. Assuming REMOVED.
06-29 07:55:13.390  3891  3891 D ActivityThread: Package [com.google.android.aicore] reported as REPLACED, but missing application info. Assuming REMOVED.
06-29 07:55:13.390 16331 16331 D ActivityThread: Package [com.google.android.aicore] reported as REPLACED, but missing application info. Assuming REMOVED.
06-29 07:55:13.390  3739  3739 D ActivityThread: Package [com.google.android.aicore] reported as REPLACED, but missing application info. Assuming REMOVED.
06-29 07:55:13.390 26419 26419 D ActivityThread: Package [com.google.android.aicore] reported as REPLACED, but missing application info. Assuming REMOVED.
06-29 07:55:13.390 16382 16382 D ActivityThread: Package [com.google.android.aicore] reported as REPLACED, but missing application info. Assuming REMOVED.
06-29 07:55:13.390  8773  8773 D ActivityThread: Package [com.google.android.aicore] reported as REPLACED, but missing application info. Assuming REMOVED.
06-29 07:55:13.390  2170  2170 D ActivityThread: Package [com.google.android.aicore] reported as REPLACED, but missing application info. Assuming REMOVED.
06-29 07:55:13.391  8177  8177 D ActivityThread: Package [com.google.android.aicore] reported as REPLACED, but missing application info. Assuming REMOVED.
06-29 07:55:13.391 26835 26835 D ActivityThread: Package [com.google.android.aicore] reported as REPLACED, but missing application info. Assuming REMOVED.
06-29 07:55:13.391  5472  5472 D ActivityThread: Package [com.google.android.aicore] reported as REPLACED, but missing application info. Assuming REMOVED.
06-29 07:55:13.392  2512  2512 D ActivityThread: Package [com.google.android.aicore] reported as REPLACED, but missing application info. Assuming REMOVED.
06-29 07:55:13.392  6957  6957 D ActivityThread: Package [com.google.android.aicore] reported as REPLACED, but missing application info. Assuming REMOVED.
06-29 07:55:13.392  2433  2433 D ActivityThread: Package [com.google.android.aicore] reported as REPLACED, but missing application info. Assuming REMOVED.
06-29 07:55:13.392 27622 27622 D ActivityThread: Package [com.google.android.aicore] reported as REPLACED, but missing application info. Assuming REMOVED.
06-29 07:55:13.392 11823 11823 D ActivityThread: Package [com.google.android.aicore] reported as REPLACED, but missing application info. Assuming REMOVED.
06-29 07:55:13.392  2406  2406 D ActivityThread: Package [com.google.android.aicore] reported as REPLACED, but missing application info. Assuming REMOVED.
06-29 07:55:13.392 11122 11122 D ActivityThread: Package [com.google.android.aicore] reported as REPLACED, but missing application info. Assuming REMOVED.
06-29 07:55:13.392  2389  2389 D ActivityThread: Package [com.google.android.aicore] reported as REPLACED, but missing application info. Assuming REMOVED.
06-29 07:55:13.393  2527  2527 D ActivityThread: Package [com.google.android.aicore] reported as REPLACED, but missing application info. Assuming REMOVED.
06-29 07:55:13.393 23284 23284 D ActivityThread: Package [com.google.android.aicore] reported as REPLACED, but missing application info. Assuming REMOVED.
06-29 07:55:13.393  2436  2436 D ActivityThread: Package [com.google.android.aicore] reported as REPLACED, but missing application info. Assuming REMOVED.
06-29 07:55:13.393 27041 27041 D ActivityThread: Package [com.google.android.aicore] reported as REPLACED, but missing application info. Assuming REMOVED.
06-29 07:55:13.393  3728  3728 D ActivityThread: Package [com.google.android.aicore] reported as REPLACED, but missing application info. Assuming REMOVED.
06-29 07:55:13.393  2375  2375 D ActivityThread: Package [com.google.android.aicore] reported as REPLACED, but missing application info. Assuming REMOVED.
06-29 07:55:13.394 30544 30544 D ActivityThread: Package [com.google.android.aicore] reported as REPLACED, but missing application info. Assuming REMOVED.
06-29 07:55:13.394 22862 22862 D ActivityThread: Package [com.google.android.aicore] reported as REPLACED, but missing application info. Assuming REMOVED.
06-29 07:55:13.394 11237 11237 D ActivityThread: Package [com.google.android.aicore] reported as REPLACED, but missing application info. Assuming REMOVED.
06-29 07:55:13.394  2479  2479 D ActivityThread: Package [com.google.android.aicore] reported as REPLACED, but missing application info. Assuming REMOVED.
06-29 07:55:13.395  2491  2491 D ActivityThread: Package [com.google.android.aicore] reported as REPLACED, but missing application info. Assuming REMOVED.
06-29 07:55:13.395  2361  2361 D ActivityThread: Package [com.google.android.aicore] reported as REPLACED, but missing application info. Assuming REMOVED.
06-29 07:55:13.395  2293  2293 D ActivityThread: Package [com.google.android.aicore] reported as REPLACED, but missing application info. Assuming REMOVED.
06-29 07:55:13.395 28575 28575 D ActivityThread: Package [com.google.android.aicore] reported as REPLACED, but missing application info. Assuming REMOVED.
06-29 07:55:13.395  4332  4332 D ActivityThread: Package [com.google.android.aicore] reported as REPLACED, but missing application info. Assuming REMOVED.
06-29 07:55:13.395  2359  2359 D ActivityThread: Package [com.google.android.aicore] reported as REPLACED, but missing application info. Assuming REMOVED.
06-29 07:55:13.395  2424  2424 D ActivityThread: Package [com.google.android.aicore] reported as REPLACED, but missing application info. Assuming REMOVED.
06-29 07:55:13.395  2377  2377 D ActivityThread: Package [com.google.android.aicore] reported as REPLACED, but missing application info. Assuming REMOVED.
06-29 07:55:13.396 25106 25106 D ActivityThread: Package [com.google.android.aicore] reported as REPLACED, but missing application info. Assuming REMOVED.
06-29 07:55:13.396 27144 27144 D ActivityThread: Package [com.google.android.aicore] reported as REPLACED, but missing application info. Assuming REMOVED.
06-29 07:55:13.396  4027  4027 D ActivityThread: Package [com.google.android.aicore] reported as REPLACED, but missing application info. Assuming REMOVED.
06-29 07:55:13.396  6815  6815 D ActivityThread: Package [com.google.android.aicore] reported as REPLACED, but missing application info. Assuming REMOVED.
06-29 07:55:13.396 21428 21428 D ActivityThread: Package [com.google.android.aicore] reported as REPLACED, but missing application info. Assuming REMOVED.
06-29 07:55:13.396 27513 27513 D ActivityThread: Package [com.google.android.aicore] reported as REPLACED, but missing application info. Assuming REMOVED.
06-29 07:55:13.396  6349  6349 D ActivityThread: Package [com.google.android.aicore] reported as REPLACED, but missing application info. Assuming REMOVED.
06-29 07:55:13.396 30982 30982 D ActivityThread: Package [com.google.android.aicore] reported as REPLACED, but missing application info. Assuming REMOVED.
06-29 07:55:13.397  3240  3240 D ActivityThread: Package [com.google.android.aicore] reported as REPLACED, but missing application info. Assuming REMOVED.
