--------- beginning of system
06-29 07:49:52.808  1464  1724 I ActivityManager: Start proc 4189:com.microsoft.office.outlook/u0a365 for broadcast {com.microsoft.office.outlook/com.google.firebase.iid.FirebaseInstanceIdReceiver}
06-29 07:49:52.982  1464  1973 D ActivityManager: sync unfroze 30541 com.microsoft.windowsintune.companyportal:omadm_client_process for 7
06-29 07:49:53.056  1464  2134 D BackgroundInstallControlService: Package event received: 0
06-29 07:49:53.056  1464  1973 D CompatChangeReporter: Compat change id reported: 261072174; UID 10365; state: ENABLED
06-29 07:49:53.130  1464  4000 D CompatChangeReporter: Compat change id reported: 161145287; UID 10365; state: ENABLED
06-29 07:49:53.133  1464  2134 D BackgroundInstallControlService: Package event received: 0
06-29 07:49:53.250  1464  1722 W UserManagerService: onShortcutChanged for another profile 0 from 10
06-29 07:49:53.271  1464  1973 D CompatChangeReporter: Compat change id reported: 154726397; UID 10365; state: ENABLED
06-29 07:49:53.290  1464  1973 D ActivityManager: sync unfroze 2382 com.azure.authenticator:auth for 7
06-29 07:49:53.290  1464  2134 D BackgroundInstallControlService: Package event received: 0
06-29 07:49:53.291  1464  1973 D ActivityManager: sync unfroze 3168 com.google.android.gms for 7
06-29 07:49:53.297  1464  1973 D ActivityManager: sync unfroze 9771 com.android.vending for 7
06-29 07:49:53.302  1464  1973 D ActivityManager: sync unfroze 30765 com.google.android.gms.unstable for 7
06-29 07:49:53.302  1464  1973 D ActivityManager: sync unfroze 4728 com.google.android.webview:sandboxed_process0:org.chromium.content.app.SandboxedProcessService0:0 for 7
06-29 07:49:53.306  1464  1723 D CompatChangeReporter: Compat change id reported: 151861875; UID 10483; state: ENABLED
06-29 07:49:53.321  1464  1724 I ActivityManager: Start proc 4415:com.microsoft.windowsintune.companyportal/u0a483 for broadcast {com.microsoft.windowsintune.companyportal/com.microsoft.windowsintune.companyportal.logging.TelemetryNoticeReceiver}
06-29 07:49:53.336  1464  1973 D ActivityManager: sync unfroze 30823 com.microsoft.windowsintune.companyportal.omadm_client_process for 7
06-29 07:49:53.343  1464  1972 D CompatChangeReporter: Compat change id reported: 253665015; UID 10365; state: ENABLED
06-29 07:49:53.346  1464  1973 D CompatChangeReporter: Compat change id reported: 271850009; UID 10365; state: ENABLED
06-29 07:49:53.348  1464  2134 D BackgroundInstallControlService: Package event received: 0
06-29 07:49:53.369  1464  1973 W ProcessStats: Tracking association SourceState{4a5c7e1 com.google.android.gms/10163 Receivr #2837068} whose proc state 10 is better than process ProcessState{122f195 com.google.android.webview:sandboxed_process0:org.chromium.content.app.SandboxedProcessService0:0/10163 pkg=com.google.android.gms} proc state 15 (3 skipped)
06-29 07:49:53.463  1464  2134 D BackgroundInstallControlService: Package event received: 0
06-29 07:49:53.576  1464  5011 D CompatChangeReporter: Compat change id reported: 319212206; UID 10483; state: ENABLED
06-29 07:49:53.685  1464  2134 D BackgroundInstallControlService: Package event received: 0
06-29 07:49:53.702  1464  2134 D BackgroundInstallControlService: Package event received: 0
06-29 07:49:56.289  1464  1733 I ActivityManager: Process PhantomProcessRecord {6813b4f 4383:30541:zygote_reactjs/u0a483} died
06-29 07:49:56.321  1464  1733 I ActivityManager: Process PhantomProcessRecord {33282dc 4379:30541:zygote_reactjs/u0a483} died
06-29 07:49:56.355  1464  1733 I ActivityManager: Process PhantomProcessRecord {288efe5 4381:4189:zygote_reactjs/u0a365} died
06-29 07:49:56.770  1464  2134 D BackgroundInstallControlService: Package event received: 0
06-29 07:49:56.811  1464  2134 D BackgroundInstallControlService: Package event received: 0
06-29 07:49:58.139  1464  1994 D ActivityManager: sync unfroze 25541 com.netflix.mediaclient for 6
06-29 07:49:55.428  1464  1994 W JobServiceContext: Sending onNetworkChanged for a job that isn't started. JobStatus{74e85e0 #u0a294/3 com.netflix.mediaclient/.service.job.NetflixJobService u=0 s=10294 TIME=-18s747ms:+3h59m41s253ms NET PERIODIC READY}
06-29 07:49:55.447  1464  1723 D ActivityManager: sync unfroze 23733 com.whatsapp for 3
06-29 07:49:55.450  1464  1723 D ActivityManager: sync unfroze 6442 com.facebook.orca for 3
06-29 07:49:55.452  1464  1723 D ActivityManager: sync unfroze 6470 com.facebook.orca:pretosproc for 10
06-29 07:49:55.454  1464  1723 D ActivityManager: sync unfroze 23333 com.google.android.apps.youtube.music for 3
06-29 07:49:55.456  1464  1723 D ActivityManager: sync unfroze 7509 com.google.android.webview:sandboxed_process0:org.chromium.content.app.SandboxedProcessService0:0 for 3
06-29 07:49:55.459  1464  1723 D ActivityManager: sync unfroze 7326 com.twitter.android for 3
06-29 07:49:55.460  1464  1723 D ActivityManager: sync unfroze 7831 com.google.android.webview:sandboxed_process0:org.chromium.content.app.SandboxedProcessService0:0 for 3
06-29 07:49:55.461  1464  1723 D ActivityManager: sync unfroze 7644 fr.leboncoin for 3
06-29 07:49:55.484  1464  1994 E JobScheduler.JobStatus: App com.google.android.apps.youtube.music became active but still in NEVER bucket
06-29 07:49:55.484  1464  1994 E JobScheduler.JobStatus: App com.google.android.apps.youtube.music became active but still in NEVER bucket
06-29 07:49:55.485  1464  1994 E JobScheduler.JobStatus: App com.google.android.apps.youtube.music became active but still in NEVER bucket
06-29 07:49:55.485  1464  1994 E JobScheduler.JobStatus: App com.google.android.apps.youtube.music became active but still in NEVER bucket
06-29 07:49:55.485  1464  1994 E JobScheduler.JobStatus: App com.google.android.apps.youtube.music became active but still in NEVER bucket
06-29 07:49:55.758  6470  6470 D ActivityThread: Package [com.luwukmeliana.lexicard] reported as REPLACED, but missing application info. Assuming REMOVED.
06-29 07:49:55.765  6470  6470 D ActivityThread: Package [com.luwukmeliana.lexicard] reported as REPLACED, but missing application info. Assuming REMOVED.
06-29 07:49:55.768  1464  1723 D ActivityManager: sync unfroze 27144 com.google.android.inputmethod.latin for 3
06-29 07:49:55.771  1464  1994 E JobScheduler.JobStatus: App com.google.android.inputmethod.latin became active but still in NEVER bucket
06-29 07:49:55.771  1464  1994 E JobScheduler.JobStatus: App com.google.android.inputmethod.latin became active but still in NEVER bucket
06-29 07:49:55.772  1464  1994 E JobScheduler.JobStatus: App com.google.android.inputmethod.latin became active but still in NEVER bucket
06-29 07:49:55.772  1464  1994 E JobScheduler.JobStatus: App com.google.android.inputmethod.latin became active but still in NEVER bucket
06-29 07:49:55.772  1464  1994 E JobScheduler.JobStatus: App com.google.android.inputmethod.latin became active but still in NEVER bucket
06-29 07:49:55.773  1464  1994 E JobScheduler.JobStatus: App com.google.android.inputmethod.latin became active but still in NEVER bucket
06-29 07:49:55.773  1464  1994 E JobScheduler.JobStatus: App com.google.android.inputmethod.latin became active but still in NEVER bucket
06-29 07:49:55.773  1464  1994 E JobScheduler.JobStatus: App com.google.android.inputmethod.latin became active but still in NEVER bucket
06-29 07:49:55.774  1464  1994 E JobScheduler.JobStatus: App com.google.android.inputmethod.latin became active but still in NEVER bucket
06-29 07:49:55.774  1464  1994 E JobScheduler.JobStatus: App com.google.android.inputmethod.latin became active but still in NEVER bucket
06-29 07:49:55.795  6470  6470 D ActivityThread: Package [com.fressnapf.mobileapp] reported as REPLACED, but missing application info. Assuming REMOVED.
06-29 07:49:55.821  6470  6470 D ActivityThread: Package [com.fressnapf.mobileapp] reported as REPLACED, but missing application info. Assuming REMOVED.
06-29 07:49:55.832  6470  6470 D ActivityThread: Package [notion.id] reported as REPLACED, but missing application info. Assuming REMOVED.
06-29 07:49:55.851  6470  6470 D ActivityThread: Package [notion.id] reported as REPLACED, but missing application info. Assuming REMOVED.
06-29 07:49:55.868  6470  6470 D ActivityThread: Package [com.macif.mobile.application.android] reported as REPLACED, but missing application info. Assuming REMOVED.
06-29 07:49:55.892  6470  6470 D ActivityThread: Package [com.macif.mobile.application.android] reported as REPLACED, but missing application info. Assuming REMOVED.
06-29 07:49:55.904  6470  6470 D ActivityThread: Package [com.twitter.android] reported as REPLACED, but missing application info. Assuming REMOVED.
06-29 07:49:55.906  6470  6470 D ActivityThread: Package [com.twitter.android] reported as REPLACED, but missing application info. Assuming REMOVED.
06-29 07:49:55.907  6470  6470 D ActivityThread: Package [fr.leboncoin] reported as REPLACED, but missing application info. Assuming REMOVED.
06-29 07:49:55.908  6470  6470 D ActivityThread: Package [fr.leboncoin] reported as REPLACED, but missing application info. Assuming REMOVED.
06-29 07:49:55.991  1014  3544 I vendor.google.wifi_ext-service-vendor: Wifi: Resetting SAR Scenario to default
06-29 07:49:56.172  1464  3539 D CompatChangeReporter: Compat change id reported: 161145287; UID 10403; state: ENABLED
06-29 07:49:56.263  1464  1723 D ActivityManager: sync unfroze 22879 com.google.android.videos for 3
06-29 07:49:56.268  1464  1994 E JobScheduler.JobStatus: App com.google.android.videos became active but still in NEVER bucket
06-29 07:49:56.269  1464  1994 E JobScheduler.JobStatus: App com.google.android.videos became active but still in NEVER bucket
06-29 07:49:56.269  1464  1994 E JobScheduler.JobStatus: App com.google.android.videos became active but still in NEVER bucket
06-29 07:49:56.280  1464  1723 D ActivityManager: sync unfroze 31654 com.amazon.avod.thirdpartyclient for 3
06-29 07:49:56.350  1464  2057 W NetworkPolicy: shared quota unsupported; generating rule for each iface
06-29 07:49:56.420  1464  1723 D ActivityManager: sync unfroze 1960 com.pinterest for 3
06-29 07:49:56.422  1464  1723 D ActivityManager: sync unfroze 26835 com.android.chrome for 10
06-29 07:49:56.422  1464  1723 D ActivityManager: sync unfroze 27041 com.android.chrome:sandboxed_process0:org.chromium.content.app.SandboxedProcessService0:0 for 10
06-29 07:49:56.464  1464  1723 D ActivityManager: sync unfroze 27494 com.android.settings for 10
06-29 07:49:56.465  1464  1723 D ActivityManager: sync unfroze 1234 com.android.DeviceAsWebcam for 10
06-29 07:49:56.465  1464  1723 D ActivityManager: sync unfroze 5324 com.android.keychain for 10
06-29 07:49:56.465  1464  1464 D DevicePolicyManager: updateSystemUpdateFreezePeriodsRecord
06-29 07:49:56.466  1464  1464 I DevicePolicyManager: Profile off deadline alarm is removed.
06-29 07:49:56.466  1464  1464 D DevicePolicyManager: Personal apps suspended explicitly: false, by timeout: false, notification: 0
06-29 07:49:56.470  1464  1723 D ActivityManager: sync unfroze 3294 com.android.providers.calendar for 3
06-29 07:49:56.474  1464  1723 D ActivityManager: sync unfroze 21792 com.google.android.calendar for 3
06-29 07:49:56.496  1464  2057 W NetworkPolicy: shared quota unsupported; generating rule for each iface
06-29 07:49:56.579  1464  1723 D ActivityManager: sync unfroze 20387 com.android.providers.calendar for 3
06-29 07:49:56.581  1464  1723 D ActivityManager: sync unfroze 1683 com.facebook.katana for 3
06-29 07:49:56.751  1464  1724 I ActivityManager: Start proc 4906:com.google.android.aicore/u0a129 for broadcast {com.google.android.aicore/androidx.work.impl.background.systemalarm.RescheduleReceiver}
06-29 07:49:56.803  1464  1972 W ActivityManager: pid 3061 com.huawei.health:PhoneService sent binder code 2 with flags 0 to frozen apps and got error -32
06-29 07:49:56.831  1464  1723 D ActivityManager: sync unfroze 25216 com.google.android.apps.docs for 3
06-29 07:49:56.925  1464  1993 I UsageStatsService: User[0] Time changed in by -2 seconds
06-29 07:49:56.925  1464  1993 I UsageStatsService: User[0] Flushing usage stats to disk
06-29 07:49:56.934  1464  1972 D CompatChangeReporter: Compat change id reported: 271850009; UID 10403; state: ENABLED
06-29 07:49:56.935  1464  1972 D CompatChangeReporter: Compat change id reported: 253665015; UID 10403; state: ENABLED
06-29 07:49:56.948  1464  1993 I UsageStatsDatabase: Time changed by -2s737ms. files deleted: 0 files moved: 21
06-29 07:49:56.949  1464  1993 V Configuration: Updating configuration, locales updated from [] to [fr_FR]
06-29 07:49:56.949  1464  1993 V Configuration: Updating configuration, locales updated from [] to [fr_FR]
06-29 07:49:56.950  1464  1993 V Configuration: Updating configuration, locales updated from [] to [fr_FR]
06-29 07:49:56.950  1464  1993 V Configuration: Updating configuration, locales updated from [] to [fr_FR]
06-29 07:49:56.950  1464  1993 V Configuration: Updating configuration, locales updated from [] to [fr_FR]
06-29 07:49:56.950  1464  1993 V Configuration: Updating configuration, locales updated from [] to [fr_FR]
06-29 07:49:56.950  1464  1993 V Configuration: Updating configuration, locales updated from [] to [fr_FR]
06-29 07:49:56.950  1464  1993 V Configuration: Updating configuration, locales updated from [] to [fr_FR]
06-29 07:49:56.951  1464  1993 V Configuration: Updating configuration, locales updated from [] to [fr_FR]
06-29 07:49:56.951  1464  1993 V Configuration: Updating configuration, locales updated from [] to [fr_FR]
06-29 07:49:56.951  1464  1993 V Configuration: Updating configuration, locales updated from [] to [en_US]
06-29 07:49:56.951  1464  1993 V Configuration: Updating configuration, locales updated from [] to [fr_FR]
06-29 07:49:56.951  1464  1993 V Configuration: Updating configuration, locales updated from [] to [fr_FR]
06-29 07:49:56.951  1464  1993 V Configuration: Updating configuration, locales updated from [] to [fr_FR]
06-29 07:49:56.951  1464  1993 V Configuration: Updating configuration, locales updated from [] to [en_US]
06-29 07:49:56.951  1464  1993 V Configuration: Updating configuration, locales updated from [] to [fr_FR]
06-29 07:49:56.951  1464  1993 V Configuration: Updating configuration, locales updated from [] to [en_US]
06-29 07:49:56.951  1464  1993 V Configuration: Updating configuration, locales updated from [] to [fr_FR]
06-29 07:49:56.951  1464  1993 V Configuration: Updating configuration, locales updated from [] to [fr_FR]
06-29 07:49:56.951  1464  1993 V Configuration: Updating configuration, locales updated from [] to [fr_FR]
06-29 07:49:56.951  1464  1993 V Configuration: Updating configuration, locales updated from [] to [fr_FR]
06-29 07:49:56.951  1464  1993 V Configuration: Updating configuration, locales updated from [] to [fr_FR]
06-29 07:49:56.951  1464  1993 V Configuration: Updating configuration, locales updated from [] to [en_US]
06-29 07:49:56.951  1464  1993 V Configuration: Updating configuration, locales updated from [] to [fr_FR]
06-29 07:49:56.951  1464  1993 V Configuration: Updating configuration, locales updated from [] to [fr_FR]
06-29 07:49:56.951  1464  1993 V Configuration: Updating configuration, locales updated from [] to [en_US]
06-29 07:49:56.951  1464  1993 V Configuration: Updating configuration, locales updated from [] to [fr_FR]
06-29 07:49:56.951  1464  1993 V Configuration: Updating configuration, locales updated from [] to [fr_FR]
06-29 07:49:56.951  1464  1993 V Configuration: Updating configuration, locales updated from [] to [fr_FR]
06-29 07:49:56.951  1464  1993 V Configuration: Updating configuration, locales updated from [] to [en_US]
06-29 07:49:56.951  1464  1993 V Configuration: Updating configuration, locales updated from [] to [fr_FR]
06-29 07:49:56.951  1464  1993 V Configuration: Updating configuration, locales updated from [] to [fr_FR]
06-29 07:49:56.951  1464  1993 V Configuration: Updating configuration, locales updated from [] to [fr_FR]
06-29 07:49:56.951  1464  1993 V Configuration: Updating configuration, locales updated from [] to [en_US]
06-29 07:49:56.951  1464  1993 V Configuration: Updating configuration, locales updated from [] to [fr_FR]
06-29 07:49:56.951  1464  1993 V Configuration: Updating configuration, locales updated from [] to [en_US]
06-29 07:49:56.951  1464  1993 V Configuration: Updating configuration, locales updated from [] to [fr_FR]
06-29 07:49:56.951  1464  1993 V Configuration: Updating configuration, locales updated from [] to [fr_FR]
06-29 07:49:56.951  1464  1993 V Configuration: Updating configuration, locales updated from [] to [fr_FR]
06-29 07:49:56.951  1464  1993 V Configuration: Updating configuration, locales updated from [] to [fr_FR]
06-29 07:49:56.952  1464  1993 D IntervalStats: Unable to parse usage stats packages: [327, 331, 336, 339, 343, 413, 418, 419, 423, 430, 434, 438, 444, 449, 450, 451, 452, 453, 454, 455, 456, 457, 458, 459, 460, 461, 462, 463, 464, 465, 466, 467, 468, 469, 471, 472, 485, 486, 490, 491, 496, 497, 498, 499, 500, 501, 503, 504, 505, 506, 509, 510, 511, 512, 513, 514, 515, 516, 517, 518, 519, 520, 521, 523, 525, 526, 527, 529, 530, 534, 535, 536, 537, 538, 539, 540, 541, 543, 544, 545, 547, 550, 555, 560, 566, 567, 568, 575, 577, 579, 585, 597, 598, 599, 608, 610, 631, 632]
06-29 07:49:56.952  1464  1993 I UsageStatsService: User[0] Rollover scheduled @ 2025-06-29 21:27:40(1751225260571)
06-29 07:49:56.954  1464  2134 D BackgroundInstallControlService: Package event received: 0
06-29 07:49:56.954  1464  2134 D BackgroundInstallControlService: Package event received: 0
06-29 07:49:56.954  1464  2134 D BackgroundInstallControlService: Package event received: 0
06-29 07:49:56.962  1464  1994 D CompatChangeReporter: Compat change id reported: 262645982; UID 10141; state: ENABLED
06-29 07:49:56.965  1464  1994 D CompatChangeReporter: Compat change id reported: 262645982; UID 10228; state: ENABLED
06-29 07:49:56.973  1464  1994 D CompatChangeReporter: Compat change id reported: 262645982; UID 10490; state: ENABLED
06-29 07:49:56.976  1464  1994 D CompatChangeReporter: Compat change id reported: 262645982; UID 10364; state: ENABLED
06-29 07:49:56.991  1464  2134 D BackgroundInstallControlService: Package event received: 0
06-29 07:49:56.994  1464  2134 D BackgroundInstallControlService: Package event received: 0
06-29 07:49:56.994  1464  2134 D BackgroundInstallControlService: Package event received: 0
06-29 07:49:56.994  1464  2134 D BackgroundInstallControlService: Package event received: 0
06-29 07:49:56.994  1464  2134 D BackgroundInstallControlService: Package event received: 0
06-29 07:49:56.995  1464  2134 D BackgroundInstallControlService: Package event received: 0
06-29 07:49:56.995  1464  2134 D BackgroundInstallControlService: Package event received: 0
06-29 07:49:56.995  1464  2134 D BackgroundInstallControlService: Package event received: 0
06-29 07:49:56.995  1464  2134 D BackgroundInstallControlService: Package event received: 0
06-29 07:49:56.995  1464  2134 D BackgroundInstallControlService: Package event received: 0
06-29 07:49:56.995  1464  2134 D BackgroundInstallControlService: Package event received: 0
06-29 07:49:56.996  1464  2134 D BackgroundInstallControlService: Package event received: 0
06-29 07:49:56.996  1464  2134 D BackgroundInstallControlService: Package event received: 0
06-29 07:49:56.996  1464  2134 D BackgroundInstallControlService: Package event received: 0
06-29 07:49:56.996  1464  2134 D BackgroundInstallControlService: Package event received: 0
06-29 07:49:56.996  1464  2134 D BackgroundInstallControlService: Package event received: 0
06-29 07:49:57.386  1464  1723 D ActivityManager: sync unfroze 5472 com.google.android.apps.maps for 3
06-29 07:49:57.386  1464  1464 W Looper  : Slow dispatch took 343ms main h=com.android.server.notification.NotificationManagerService$WorkerHandler c=com.android.server.notification.NotificationManagerService$CancelNotificationRunnable@1641544 m=0
06-29 07:49:57.386  1464  1464 W Looper  : Slow delivery took 218ms main h=com.android.server.power.Notifier$NotifierHandler c=null m=7
06-29 07:49:57.387  1464  1464 W Looper  : Drained
06-29 07:49:57.505  1464  1723 D ActivityManager: sync unfroze 4332 com.google.android.projection.gearhead:car for 10
06-29 07:49:57.511  1464  1989 W ActivityManager: Slow operation: 511ms so far, now at startProcess: done updating battery stats
06-29 07:49:57.511  1464  1989 W ActivityManager: Slow operation: 511ms so far, now at startProcess: building log message
06-29 07:49:57.511  1464  1989 I ActivityManager: Start proc 4981:com.microsoft.teams/u0a356 for service {com.microsoft.teams/androidx.work.impl.background.systemjob.SystemJobService}
06-29 07:49:57.511  1464  1989 W ActivityManager: Slow operation: 511ms so far, now at startProcess: starting to update pids map
06-29 07:49:57.512  1464  1989 W ActivityManager: Slow operation: 512ms so far, now at startProcess: done updating pids map
06-29 07:49:57.590  1464  1631 D CompatChangeReporter: Compat change id reported: 297989574; UID 10316; state: ENABLED
06-29 07:49:57.638  1464  1723 D ActivityManager: sync unfroze 8823 com.google.android.apps.messaging for 3
06-29 07:49:57.648  1464  1707 W Looper  : Slow dispatch took 142ms android.ui h=com.android.server.am.ActivityManagerService$UiHandler c=null m=68
06-29 07:49:57.827  3061  5114 D ActivityThread: Too many transaction errors, throttling freezer binder callback.
06-29 07:49:57.845  1464  1723 D ActivityManager: sync unfroze 3715 com.google.android.apps.nbu.files for 3
06-29 07:49:57.855  1464  4000 I ActivityManager: Process com.google.android.adservices.api (pid 26614) has died: cch+95 CEM 
06-29 07:49:57.856  1464  5011 I ActivityManager: Process com.android.keychain (pid 5350) has died: cch+85 CEM 
06-29 07:49:57.857  1464  4704 I ActivityManager: Process com.google.assistant.hubui:search (pid 27104) has died: cch+95 CEM 
06-29 07:49:57.860  1464  4008 I ActivityManager: Process com.google.android.carrier (pid 27194) has died: cch+95 CEM 
06-29 07:49:57.860  1464  2473 I ActivityManager: Process com.google.android.soundpicker (pid 3595) has died: cch+95 CEM 
06-29 07:49:57.861  1464  2482 I ActivityManager: Process com.google.ar.core (pid 3570) has died: cch+95 CEM 
06-29 07:49:57.862  1464  2483 I ActivityManager: Process com.google.android.apps.wellbeing (pid 25089) has died: cch+95 CEM 
06-29 07:49:57.863  1464  4706 I ActivityManager: Process com.google.android.apps.dreamliner (pid 3484) has died: cch+95 CEM 
06-29 07:49:57.865  1464  1632 I ActivityManager: Process android.process.acore (pid 24331) has died: cch+95 CEM 
06-29 07:49:57.869  1464  1707 D DisplayManagerService: Drop pending events for gone uid 1010244
06-29 07:49:57.869  1464  1707 D DisplayManagerService: Drop pending events for gone uid 1010331
06-29 07:49:57.869  1464  1707 D DisplayManagerService: Drop pending events for gone uid 1010154
06-29 07:49:57.869  1464  1707 D DisplayManagerService: Drop pending events for gone uid 10189
06-29 07:49:57.869  1464  1707 D DisplayManagerService: Drop pending events for gone uid 10337
06-29 07:49:57.869  1464  1707 D DisplayManagerService: Drop pending events for gone uid 1010160
06-29 07:49:57.869  1464  1707 D DisplayManagerService: Drop pending events for gone uid 10146
06-29 07:49:57.869  1464  1707 D DisplayManagerService: Drop pending events for gone uid 1010081
06-29 07:49:57.877  1464  2483 I ActivityManager: Process com.android.vending:quick_launch (pid 25045) has died: cch+85 CEM 
06-29 07:49:57.884  1464  1723 D ActivityManager: sync unfroze 23827 com.google.android.apps.photos for 3
06-29 07:49:57.891  1464  2483 I ActivityManager: Process notion.id (pid 7117) has died: cch+85 CEM 
06-29 07:49:57.892  1464  1707 D DisplayManagerService: Drop pending events for gone uid 10318
06-29 07:49:57.912  1464  2483 I ActivityManager: Process com.google.android.calculator (pid 4944) has died: cch+85 CEM 
06-29 07:49:57.918  1464  1707 D DisplayManagerService: Drop pending events for gone uid 10203
06-29 07:49:57.931  1464  2483 I ActivityManager: Process com.google.ambient.streaming (pid 4867) has died: cch+85 CEM 
06-29 07:49:57.932  1464  1707 D DisplayManagerService: Drop pending events for gone uid 10136
06-29 07:49:57.959  1464  5004 I ActivityManager: Process com.google.audio.hearing.visualization.accessibility.scribe (pid 4663) has died: cch+85 CEM 
06-29 07:49:57.963  1464  1707 D DisplayManagerService: Drop pending events for gone uid 10170
06-29 07:49:58.072  1464  3933 D CompatChangeReporter: Compat change id reported: 261072174; UID 10356; state: ENABLED
06-29 07:49:58.095  1464  1723 D ActivityManager: sync unfroze 26142 com.google.android.apps.pixel.dcservice for 3
06-29 07:49:58.188  1464  5004 E JobScheduler.JobStatus: App com.google.android.apps.youtube.music became active but still in NEVER bucket
06-29 07:49:58.199  1464  5004 D CompatChangeReporter: Compat change id reported: 161145287; UID 10356; state: ENABLED
06-29 07:49:58.216  1464  2134 D BackgroundInstallControlService: Package event received: 0
06-29 07:49:58.255  1464  1993 I UsageStatsService: Time changed in by -2 seconds
06-29 07:49:58.256  1464  2134 D BackgroundInstallControlService: Package event received: 0
06-29 07:49:58.299  1464  5004 I ActivityManager: Process com.google.android.projection.gearhead:provider (pid 25337) has died: cch+85 CEM 
06-29 07:49:58.324  1464  1723 D CompatChangeReporter: Compat change id reported: 151861875; UID 10126; state: ENABLED
06-29 07:49:58.351  1464  1724 I ActivityManager: Start proc 5214:com.google.android.apps.pixel.health/u0a126 for broadcast {com.google.android.apps.pixel.health/androidx.work.impl.background.systemalarm.RescheduleReceiver}
06-29 07:49:58.384  1464  2483 I BroadcastQueue: BOOT_COMPLETED_BROADCAST_COMPLETION_LATENCY_REPORTED action:android.intent.action.BOOT_COMPLETED dispatchLatency:-1124787729 completeLatency:0 dispatchRealLatency:-2080370648 completeRealLatency:0 receiversSize:1 userId:0 userType:android.os.usertype.full.SYSTEM
06-29 07:49:58.384  1464  2483 I BroadcastQueue: BOOT_COMPLETED_BROADCAST_COMPLETION_LATENCY_REPORTED action:android.intent.action.BOOT_COMPLETED dispatchLatency:-1124787729 completeLatency:0 dispatchRealLatency:-2080370648 completeRealLatency:0 receiversSize:1 userId:0 userType:android.os.usertype.full.SYSTEM
06-29 07:49:58.407  1464  1723 D ActivityManager: sync unfroze 4911 com.google.android.apps.pixel.relationships for 3
06-29 07:49:58.432  1464  1994 W JobServiceContext: Sending onNetworkChanged for a job that isn't started. JobStatus{21c910e #u0a356/4862 com.microsoft.teams/androidx.work.impl.background.systemjob.SystemJobService u=0 s=10356 TIME=-1m28s382ms:none NET READY}
06-29 07:49:58.438  1464  1722 W UserManagerService: onShortcutChanged for another profile 0 from 10
06-29 07:49:58.458  1464  1723 D ActivityManager: sync unfroze 23063 com.google.android.apps.pixel.support for 3
06-29 07:49:58.459  1464  5013 I ActivityManager: Process com.google.android.apps.turbo:aab (pid 3961) has died: cch+75 CEM 
06-29 07:49:58.460  1464  5003 I ActivityManager: Process com.google.android.marvin.talkback (pid 4612) has died: cch+85 CEM 
06-29 07:49:58.466  1464  1707 D DisplayManagerService: Drop pending events for gone uid 10192
06-29 07:49:58.471  1464  2474 I ActivityManager: Process com.google.android.contacts (pid 4549) has died: cch+85 CEM 
06-29 07:49:58.473  1464  1707 D DisplayManagerService: Drop pending events for gone uid 10174
06-29 07:49:58.490  1464  2407 I ActivityManager: Process com.google.android.apps.weather (pid 4984) has died: cch+75 CEM 
06-29 07:49:58.493  1464  1707 D DisplayManagerService: Drop pending events for gone uid 10111
06-29 07:49:58.510  1464  1723 D ActivityManager: sync unfroze 23099 com.google.android.apps.recorder for 3
06-29 07:49:58.575  1464  1723 D ActivityManager: sync unfroze 3642 com.google.android.apps.restore for 3
06-29 07:49:58.660  1464  1723 D ActivityManager: sync unfroze 442 com.google.android.apps.safetyhub for 3
06-29 07:49:58.769  1464  1723 D ActivityManager: sync unfroze 4217 com.google.android.apps.tachyon for 3
06-29 07:49:58.835  1464  1723 D ActivityManager: sync unfroze 4081 com.google.android.apps.tips for 3
06-29 07:49:58.936  1464  1723 D ActivityManager: sync unfroze 16778 com.google.android.apps.turbo:aab for 3
06-29 07:49:58.937  1464  1723 D ActivityManager: sync unfroze 20595 com.google.android.apps.turbo:ssb for 10
06-29 07:49:59.018  1464  1724 I ActivityManager: Start proc 5286:com.google.android.apps.weather/u0a111 for broadcast {com.google.android.apps.weather/androidx.work.impl.background.systemalarm.RescheduleReceiver}
06-29 07:49:59.060  1464  1723 D ActivityManager: sync unfroze 4138 com.google.android.apps.wellbeing for 3
06-29 07:49:59.096  1464  2407 D CompatChangeReporter: Compat change id reported: 253665015; UID 10356; state: ENABLED
06-29 07:49:59.380  1464  2407 E JobScheduler.JobStatus: App com.google.android.apps.youtube.music became active but still in NEVER bucket
06-29 07:49:59.410  1464  2407 D CompatChangeReporter: Compat change id reported: 311402873; UID 10138; state: ENABLED
06-29 07:49:59.410  1464  2407 D CompatChangeReporter: Compat change id reported: 323349338; UID 10138; state: ENABLED
06-29 07:49:59.431  1464  1723 D ActivityManager: sync unfroze 17011 com.google.android.apps.work.clouddpc for 3
06-29 07:49:59.695  1464  1724 I ActivityManager: Start proc 5371:com.google.android.contacts/u0a174 for broadcast {com.google.android.contacts/androidx.work.impl.background.systemalarm.RescheduleReceiver}
06-29 07:49:59.722  1464  3933 I ActivityManager: Background started FGS: Allowed [callingPackage: com.google.android.apps.wellbeing; callingUid: 10160; uidState: RCVR; uidBFSL: n/a; intent: Intent { cmp=com.google.android.apps.wellbeing/com.google.apps.tiktok.concurrent.InternalForegroundService (has extras) }; code:BACKGROUND_ACTIVITY_PERMISSION; tempAllowListReason:<268f5c9 android.intent.action.TIME_SET/u-1,reasonCode:TIME_CHANGED,duration:20000,callingUid:1000>; targetSdkVersion:36; callerTargetSdkVersion:36; startForegroundCount:0; bindFromPackage:null: isBindService:false]
06-29 07:49:59.730  1464  3933 W ForegroundServiceTypeLoggerModule: Foreground service start for UID: 10160 does not have any types
06-29 07:49:59.730  1464  2134 D BackgroundInstallControlService: Package event received: 0
06-29 07:49:59.747  1464  1723 D ActivityManager: sync unfroze 18892 com.google.android.deskclock for 3
06-29 07:49:59.776  1464  1723 D ActivityManager: sync unfroze 25218 com.google.android.dialer for 3
06-29 07:49:59.929  1464  2134 D BackgroundInstallControlService: Package event received: 0
06-29 07:49:59.931  1464  1973 D ActivityManager: sync unfroze 23284 android.process.acore for 7
06-29 07:49:59.983  1464  2134 D BackgroundInstallControlService: Package event received: 0
06-29 07:49:59.994  1464  1723 D ActivityManager: sync unfroze 26243 com.google.android.gm for 3
06-29 07:50:00.000  1464  2134 D BackgroundInstallControlService: Package event received: 0
06-29 07:50:00.001  1464  1723 D ActivityManager: sync unfroze 24580 com.google.android.gms.learning for 10
06-29 07:50:00.034  1464  2134 D BackgroundInstallControlService: Package event received: 0
06-29 07:50:00.054  1464  1723 D ActivityManager: sync unfroze 5380 com.google.android.odad for 3
06-29 07:50:00.057  1464  2134 D BackgroundInstallControlService: Package event received: 0
06-29 07:50:00.086  1464  1972 D ActivityManager: sync unfroze 28575 com.google.android.googlequicksearchbox:search for 6
06-29 07:50:00.087  1464  1972 D ActivityManager: sync unfroze 21428 com.google.android.googlequicksearchbox:interactor for 6
06-29 07:50:00.088  1464  1972 D ActivityManager: sync unfroze 28649 com.google.android.googlequicksearchbox:googleapp for 6
06-29 07:50:00.102  1464  1993 I UsageStatsService: User[10] Time changed in by -2 seconds
06-29 07:50:00.103  1464  1993 I UsageStatsService: User[10] Flushing usage stats to disk
06-29 07:50:00.129  1464  1993 I UsageStatsDatabase: Time changed by -2s738ms. files deleted: 0 files moved: 14
06-29 07:50:00.132  1464  1993 I UsageStatsService: User[10] Rollover scheduled @ 2025-06-29 13:22:33(1751196153679)
06-29 07:50:00.133  1464  2134 D BackgroundInstallControlService: Package event received: 0
06-29 07:50:00.133  1464  2134 D BackgroundInstallControlService: Package event received: 0
06-29 07:50:00.133  1464  2134 D BackgroundInstallControlService: Package event received: 0
06-29 07:50:00.133  1464  2134 D BackgroundInstallControlService: Package event received: 0
06-29 07:50:00.133  1464  2134 D BackgroundInstallControlService: Package event received: 0
06-29 07:50:00.133  1464  2134 D BackgroundInstallControlService: Package event received: 0
06-29 07:50:00.133  1464  2134 D BackgroundInstallControlService: Package event received: 0
06-29 07:50:00.133  1464  2134 D BackgroundInstallControlService: Package event received: 0
06-29 07:50:00.133  1464  2134 D BackgroundInstallControlService: Package event received: 0
06-29 07:50:00.133  1464  2134 D BackgroundInstallControlService: Package event received: 0
06-29 07:50:00.209  1464  1723 D ActivityManager: sync unfroze 3891 com.google.android.permissioncontroller for 3
06-29 07:50:00.234  1464  1787 I AppsFilter: interaction: PackageSetting{a5712ad com.maxime.heron.monpetitroadtrip.debug/10490} -> PackageSetting{be70ead com.microsoft.teams/10356} BLOCKED
06-29 07:50:00.234  1464  1787 I AppsFilter: interaction: PackageSetting{5b67fac com.google.android.microdroid.empty_payload/10260} -> PackageSetting{be70ead com.microsoft.teams/10356} BLOCKED
06-29 07:50:00.240  1464  1722 W UserManagerService: onPackageModified for another profile 0 from 10
06-29 07:50:00.240  1464  2474 W ForegroundServiceTypeLoggerModule: FGS stop call for: 10160 has no types!
06-29 07:50:00.243  1464  2134 D BackgroundInstallControlService: Package event received: 0
06-29 07:50:00.243  1464  2134 D BackgroundInstallControlService: Package event received: 0
06-29 07:50:00.262  1464  2134 D BackgroundInstallControlService: Package event received: 0
06-29 07:50:00.262  1464  2134 D BackgroundInstallControlService: Package event received: 0
06-29 07:50:00.264  1464  2133 D ShortcutService: received package broadcast intent: Intent { act=android.intent.action.PACKAGE_CHANGED dat=package: flg=0x45000010 (has extras) }
06-29 07:50:00.264  1464  2133 D ShortcutService: changing package: com.microsoft.teams userId=0
06-29 07:50:00.268  1464  2474 W AppOpService: Ignored setUidMode call for runtime permission app op: uid = 10139, code = READ_CELL_BROADCASTS, mode = allow, callingUid = 1001, oldMode = allow
06-29 07:50:00.272  1464  5009 W AppOpService: Ignored setUidMode call for runtime permission app op: uid = 1001, code = READ_SMS, mode = allow, callingUid = 1001, oldMode = allow
06-29 07:50:00.272  1464  2474 W AppOpService: Ignored setUidMode call for runtime permission app op: uid = 1001, code = RECEIVE_SMS, mode = allow, callingUid = 1001, oldMode = allow
06-29 07:50:00.274  1464  1972 D ActivityManager: sync unfroze 3887 com.google.android.euicc for 6
06-29 07:50:00.275  1464  2134 D BackgroundInstallControlService: Package event received: 0
06-29 07:50:00.276  1464  5009 W AppOpService: Ignored setUidMode call for runtime permission app op: uid = 1001, code = RECEIVE_WAP_PUSH, mode = allow, callingUid = 1001, oldMode = allow
06-29 07:50:00.276  1464  3933 W AppOpService: Ignored setUidMode call for runtime permission app op: uid = 1001, code = SEND_SMS, mode = allow, callingUid = 1001, oldMode = allow
06-29 07:50:00.277  1464  2407 W AppOpService: Ignored setUidMode call for runtime permission app op: uid = 1001, code = READ_CELL_BROADCASTS, mode = allow, callingUid = 1001, oldMode = allow
06-29 07:50:00.279  1464  2134 D BackgroundInstallControlService: Package event received: 0
06-29 07:50:00.297  1464  5015 W AppOpService: Ignored setUidMode call for runtime permission app op: uid = 10139, code = READ_CELL_BROADCASTS, mode = allow, callingUid = 1001, oldMode = allow
06-29 07:50:00.299  1464  1723 D ActivityManager: sync unfroze 3415 com.google.android.rkpdapp for 3
06-29 07:50:00.302  1464  2407 W AppOpService: Ignored setUidMode call for runtime permission app op: uid = 1001, code = READ_SMS, mode = allow, callingUid = 1001, oldMode = allow
06-29 07:50:00.303  1464  1973 W AppOpService: Ignored setUidMode call for runtime permission app op: uid = 1001, code = RECEIVE_SMS, mode = allow, callingUid = 1001, oldMode = allow
06-29 07:50:00.303  1464  1973 W AppOpService: Ignored setUidMode call for runtime permission app op: uid = 1001, code = RECEIVE_WAP_PUSH, mode = allow, callingUid = 1001, oldMode = allow
06-29 07:50:00.304  1464  2407 W AppOpService: Ignored setUidMode call for runtime permission app op: uid = 1001, code = SEND_SMS, mode = allow, callingUid = 1001, oldMode = allow
06-29 07:50:00.304  1464  2407 W AppOpService: Ignored setUidMode call for runtime permission app op: uid = 1001, code = READ_CELL_BROADCASTS, mode = allow, callingUid = 1001, oldMode = allow
06-29 07:50:00.319  1464  1723 D ActivityManager: sync unfroze 28136 com.google.android.settings.intelligence for 3
06-29 07:50:00.330  1464  2031 W MagnificationConnectionManager: requestConnection duplicated request: connect=false, mConnectionState=DISCONNECTED
06-29 07:50:00.333  1464  1723 D ActivityManager: sync unfroze 6349 com.google.android.tts for 3
06-29 07:50:00.355  1464  1972 I ContentCaptureManagerService: Data share request accepted by Content Capture service
06-29 07:50:00.494  1464  1723 D ActivityManager: sync unfroze 26419 com.google.android.youtube for 3
06-29 07:50:00.609  1464  1723 D ActivityManager: sync unfroze 25679 com.amazon.mShop.android.shopping for 3
06-29 07:50:00.620  1464  1724 I ActivityManager: Start proc 5606:com.airbnb.android/u0a308 for broadcast {com.airbnb.android/androidx.work.impl.background.systemalarm.RescheduleReceiver}
06-29 07:50:00.697  1464  1972 D CompatChangeReporter: Compat change id reported: 319212206; UID 10138; state: ENABLED
06-29 07:50:00.780  1464  1723 D ActivityManager: sync unfroze 29361 com.github.android for 3
06-29 07:50:00.804  1464  1972 D CompatChangeReporter: Compat change id reported: 161145287; UID 10308; state: ENABLED
06-29 07:50:00.953  1464  1723 D ActivityManager: sync unfroze 23494 com.google.android.apps.authenticator2 for 3
06-29 07:50:00.994  1464  1723 D ActivityManager: sync unfroze 23527 com.google.android.apps.docs.editors.sheets for 3
06-29 07:50:01.116  1464  2134 D BackgroundInstallControlService: Package event received: 0
06-29 07:50:01.379  1464  1724 I ActivityManager: Start proc 5755:com.azure.authenticator/u0a364 for broadcast {com.azure.authenticator/androidx.work.impl.background.systemalarm.RescheduleReceiver}
06-29 07:50:01.382  1464  1973 D CompatChangeReporter: Compat change id reported: 261072174; UID 10308; state: ENABLED
06-29 07:50:01.408  1464  1973 D CompatChangeReporter: Compat change id reported: 253665015; UID 10308; state: ENABLED
06-29 07:50:01.444  1464  1723 D ActivityManager: sync unfroze 16996 com.google.android.apps.walletnfcrel for 3
06-29 07:50:01.515  1464  1733 I ActivityManager: Process PhantomProcessRecord {db57813 5211:30541:zygote_reactjs/u0a483} died
06-29 07:50:01.529  1464  1733 I ActivityManager: Process PhantomProcessRecord {dc7014e 5206:4981:zygote_reactjs/u0a356} died
06-29 07:50:01.540  1464  1972 D CompatChangeReporter: Compat change id reported: 161145287; UID 10364; state: ENABLED
06-29 07:50:01.618  1464  1733 I ActivityManager: Process PhantomProcessRecord {43f77dc 5217:30541:zygote_reactjs/u0a483} died
06-29 07:50:01.695  1464  1723 D ActivityManager: sync unfroze 24795 com.google.android.keep for 3
06-29 07:50:01.796  1464  2134 D BackgroundInstallControlService: Package event received: 0
06-29 07:50:01.986  1464  1464 W ProcessStats: Tracking association SourceState{9288998 com.facebook.orca/10456 ImpBg #2837411} whose proc state 6 is better than process ProcessState{47b66d6 android.process.acore/10081 pkg=com.android.providers.contacts (sub)} proc state 15 (13 skipped)
06-29 07:50:01.989  1464  2134 D BackgroundInstallControlService: Package event received: 0
06-29 07:50:02.025  1464  1973 I CredentialManager: isEnabledCredentialProviderService with componentName: com.azure.authenticator/com.microsoft.authenticator.passkeys.businessLogic.AuthenticatorCredentialService
06-29 07:50:02.028  1464  5015 I DevicePolicyManager: Cannot add more managed profiles.
06-29 07:50:02.028  1464  5015 D DevicePolicyManager: checkProvisioningPreCondition(android.app.action.PROVISION_MANAGED_PROFILE, com.azure.authenticator) failed: Unexpected @ProvisioningPreCondition: 11
06-29 07:50:02.043  1464  1723 D ActivityManager: sync unfroze 29360 com.hp.android.printservice for 3
06-29 07:50:02.043  1464  1973 E JobScheduler.JobStatus: App com.google.android.apps.recorder became active but still in NEVER bucket
06-29 07:50:02.125  1464  5015 D BiometricService: canAuthenticate: User=0, Caller=0, Authenticators=15
06-29 07:50:02.126  1464  5015 D BiometricService/PreAuthInfo: Package: com.azure.authenticator Sensor ID: 0 Modality: 2 Status: 1
06-29 07:50:02.127  1464  5015 D BiometricService/PreAuthInfo: Package: com.azure.authenticator Sensor ID: 1 Modality: 8 Status: 1
06-29 07:50:02.127  1464  5015 D BiometricService/PreAuthInfo: getCanAuthenticateInternal Modality: 10 AuthenticatorStatus: 1
06-29 07:50:02.127  1464  5015 D AuthService: canAuthenticate, userId: 0, callingUserId: 0, authenticators: 15, result: 0
06-29 07:50:02.180  1464  1723 D ActivityManager: sync unfroze 21133 com.instagram.android for 3
06-29 07:50:02.182  1464  1723 D ActivityManager: sync unfroze 21321 com.instagram.android:mqtt for 10
06-29 07:50:02.202  1464  1722 W UserManagerService: onShortcutChanged for another profile 0 from 10
06-29 07:50:02.347  1464  1724 I ActivityManager: Start proc 5910:com.microsoft.office.officehubrow/u0a472 for broadcast {com.microsoft.office.officehubrow/com.microsoft.office.officemobile.SystemTimeChangedBroadcastReceiver}
06-29 07:50:02.441  1464  1723 D ActivityManager: sync unfroze 24344 com.polarsteps for 3
06-29 07:50:02.675  1464  1723 D ActivityManager: sync unfroze 309 com.weather.nold.forecast for 3
06-29 07:50:02.700  1464  1973 D CompatChangeReporter: Compat change id reported: 311402873; UID 10483; state: ENABLED
06-29 07:50:02.700  1464  1973 D CompatChangeReporter: Compat change id reported: 323349338; UID 10483; state: ENABLED
06-29 07:50:02.716  1464  1723 D ActivityManager: sync unfroze 29421 com.westjet for 3
06-29 07:50:02.717  1464  5009 D CompatChangeReporter: Compat change id reported: 154726397; UID 10356; state: ENABLED
06-29 07:50:02.743  1464  1973 D CompatChangeReporter: Compat change id reported: 261072174; UID 10472; state: ENABLED
06-29 07:50:02.760  1464  1973 D CompatChangeReporter: Compat change id reported: 161145287; UID 10472; state: ENABLED
06-29 07:50:02.792  1464  1723 D ActivityManager: sync unfroze 25869 com.google.android.apps.work.clouddpc for 3
06-29 07:50:02.834  1464  2134 D BackgroundInstallControlService: Package event received: 0
06-29 07:50:02.875  1464  1464 D CompatChangeReporter: Compat change id reported: 311208629; UID 1000; state: ENABLED
06-29 07:50:02.933  1464  1723 D ActivityManager: sync unfroze 22688 com.microsoft.windowsintune.companyportal:omadm_client_process for 3
06-29 07:50:02.933  1464  1723 D ActivityManager: sync unfroze 22667 com.microsoft.windowsintune.companyportal:auth for 10
06-29 07:50:03.057  1464  1722 W UserManagerService: onShortcutChanged for another profile 0 from 10
06-29 07:50:03.101  5910  5910 W ActivityThread: ClassLoader.loadClass: The class loader returned by Thread.getContextClassLoader() may fail for processes that host multiple applications. You should explicitly specify a context class loader. For example: Thread.setContextClassLoader(getClass().getClassLoader());
06-29 07:50:03.174  1464  1723 D CompatChangeReporter: Compat change id reported: 151861875; UID 10410; state: ENABLED
06-29 07:50:03.189  1464  1724 I ActivityManager: Start proc 6083:com.shazam.android/u0a410 for broadcast {com.shazam.android/androidx.work.impl.background.systemalarm.RescheduleReceiver}
06-29 07:50:03.419  1464  2134 D BackgroundInstallControlService: Package event received: 0
06-29 07:50:03.453  1464  1973 D CompatChangeReporter: Compat change id reported: 297989574; UID 10410; state: ENABLED
06-29 07:50:03.516  1464  1723 D CompatChangeReporter: Compat change id reported: 151861875; UID 10379; state: ENABLED
06-29 07:50:03.534  1464  1724 I ActivityManager: Start proc 6146:com.vsct.vsc.mobile.horaireetresa.android/u0a379 for broadcast {com.vsct.vsc.mobile.horaireetresa.android/com.sncf.flex.util.TimeChangedListener}
06-29 07:50:03.548  1464  2407 D CompatChangeReporter: Compat change id reported: 271850009; UID 10308; state: ENABLED
06-29 07:50:03.847  1464  2134 D BackgroundInstallControlService: Package event received: 0
06-29 07:50:03.882  1464  1787 I AppsFilter: interaction: PackageSetting{a5712ad com.maxime.heron.monpetitroadtrip.debug/10490} -> PackageSetting{f28ba16 com.microsoft.teams/10356} BLOCKED
06-29 07:50:03.883  1464  1787 I AppsFilter: interaction: PackageSetting{5b67fac com.google.android.microdroid.empty_payload/10260} -> PackageSetting{f28ba16 com.microsoft.teams/10356} BLOCKED
06-29 07:50:03.902  1464  2133 D ShortcutService: received package broadcast intent: Intent { act=android.intent.action.PACKAGE_CHANGED dat=package: flg=0x45000010 (has extras) }
06-29 07:50:03.902  1464  2133 D ShortcutService: changing package: com.microsoft.teams userId=0
06-29 07:50:03.911  1464  2473 W AppOpService: Ignored setUidMode call for runtime permission app op: uid = 10139, code = READ_CELL_BROADCASTS, mode = allow, callingUid = 1001, oldMode = allow
06-29 07:50:03.922  1464  5008 W AppOpService: Ignored setUidMode call for runtime permission app op: uid = 1001, code = READ_SMS, mode = allow, callingUid = 1001, oldMode = allow
06-29 07:50:03.923  1464  4734 W AppOpService: Ignored setUidMode call for runtime permission app op: uid = 1001, code = RECEIVE_SMS, mode = allow, callingUid = 1001, oldMode = allow
06-29 07:50:03.924  1464  4706 W AppOpService: Ignored setUidMode call for runtime permission app op: uid = 1001, code = RECEIVE_WAP_PUSH, mode = allow, callingUid = 1001, oldMode = allow
06-29 07:50:03.924  1464  5008 W AppOpService: Ignored setUidMode call for runtime permission app op: uid = 1001, code = SEND_SMS, mode = allow, callingUid = 1001, oldMode = allow
06-29 07:50:03.925  1464  4706 W AppOpService: Ignored setUidMode call for runtime permission app op: uid = 1001, code = READ_CELL_BROADCASTS, mode = allow, callingUid = 1001, oldMode = allow
06-29 07:50:03.941  1464  3539 W AppOpService: Ignored setUidMode call for runtime permission app op: uid = 10139, code = READ_CELL_BROADCASTS, mode = allow, callingUid = 1001, oldMode = allow
06-29 07:50:03.944  1464  2134 D BackgroundInstallControlService: Package event received: 0
06-29 07:50:03.945  1464  4734 W AppOpService: Ignored setUidMode call for runtime permission app op: uid = 1001, code = READ_SMS, mode = allow, callingUid = 1001, oldMode = allow
06-29 07:50:03.946  1464  4734 W AppOpService: Ignored setUidMode call for runtime permission app op: uid = 1001, code = RECEIVE_SMS, mode = allow, callingUid = 1001, oldMode = allow
06-29 07:50:03.947  1464  2407 W AppOpService: Ignored setUidMode call for runtime permission app op: uid = 1001, code = RECEIVE_WAP_PUSH, mode = allow, callingUid = 1001, oldMode = allow
06-29 07:50:03.947  1464  2407 W AppOpService: Ignored setUidMode call for runtime permission app op: uid = 1001, code = SEND_SMS, mode = allow, callingUid = 1001, oldMode = allow
06-29 07:50:03.947  1464  4734 W AppOpService: Ignored setUidMode call for runtime permission app op: uid = 1001, code = READ_CELL_BROADCASTS, mode = allow, callingUid = 1001, oldMode = allow
06-29 07:50:03.997  1464  2031 W MagnificationConnectionManager: requestConnection duplicated request: connect=false, mConnectionState=DISCONNECTED
06-29 07:50:04.040  1464  2134 D BackgroundInstallControlService: Package event received: 0
06-29 07:50:04.121  1464  1724 I ActivityManager: Start proc 6228:com.google.android.apps.nbu.files/u10a162 for broadcast {com.google.android.apps.nbu.files/androidx.work.impl.background.systemalarm.RescheduleReceiver}
06-29 07:50:04.170  1464  2134 D BackgroundInstallControlService: Package event received: 0
06-29 07:50:04.170  1464  2134 D BackgroundInstallControlService: Package event received: 0
06-29 07:50:04.170  1464  2134 D BackgroundInstallControlService: Package event received: 0
06-29 07:50:04.170  1464  2134 D BackgroundInstallControlService: Package event received: 0
06-29 07:50:04.171  1464  2134 D BackgroundInstallControlService: Package event received: 0
06-29 07:50:04.232  1464  2134 D BackgroundInstallControlService: Package event received: 0
06-29 07:50:04.263  1464  1723 D CompatChangeReporter: Compat change id reported: 151861875; UID 1010346; state: ENABLED
06-29 07:50:04.279  1464  4734 D CompatChangeReporter: Compat change id reported: 271850009; UID 10364; state: ENABLED
06-29 07:50:04.279  1464  4734 D CompatChangeReporter: Compat change id reported: 253665015; UID 10364; state: ENABLED
06-29 07:50:04.282  1464  1724 I ActivityManager: Start proc 6267:com.google.android.apps.pixel.dcservice/u10a346 for broadcast {com.google.android.apps.pixel.dcservice/androidx.work.impl.background.systemalarm.RescheduleReceiver}
06-29 07:50:04.283  1464  1722 W UserManagerService: onPackageModified for another profile 0 from 10
