06-29 08:23:43.275 12925 12930 I artd    : GetBestInfo checking odex next to the dex file (/data/app/~~6SUf3zOdWH85EyZVWAe3Mw==/com.maxime.heron.monpetitroadtrip.debug-wZKyklDLPAs_oBEayNimlQ==/oat/arm64/base.odex)
06-29 08:23:43.275 12925 12930 I artd    : Loading /data/app/~~6SUf3zOdWH85EyZVWAe3Mw==/com.maxime.heron.monpetitroadtrip.debug-wZKyklDLPAs_oBEayNimlQ==/oat/arm64/base.odex with executable: 0
06-29 08:23:43.275 12925 12930 I artd    : OatFileAssistant test for existing oat file /data/app/~~6SUf3zOdWH85EyZVWAe3Mw==/com.maxime.heron.monpetitroadtrip.debug-wZKyklDLPAs_oBEayNimlQ==/oat/arm64/base.odex: File /data/app/~~6SUf3zOdWH85EyZVWAe3Mw==/com.maxime.heron.monpetitroadtrip.debug-wZKyklDLPAs_oBEayNimlQ==/oat/arm64/base.vdex does not exist.
06-29 08:23:43.275 12925 12930 I artd    : GetBestInfo checking vdex in dalvik-cache (/data/dalvik-cache/arm64/data@app@~~6SUf3zOdWH85EyZVWAe3Mw==@com.maxime.heron.monpetitroadtrip.debug-wZKyklDLPAs_oBEayNimlQ==@base.apk@classes.vdex)
06-29 08:23:43.275 12925 12930 I artd    : unable to open vdex file /data/dalvik-cache/arm64/data@app@~~6SUf3zOdWH85EyZVWAe3Mw==@com.maxime.heron.monpetitroadtrip.debug-wZKyklDLPAs_oBEayNimlQ==@base.apk@classes.vdex: File /data/dalvik-cache/arm64/data@app@~~6SUf3zOdWH85EyZVWAe3Mw==@com.maxime.heron.monpetitroadtrip.debug-wZKyklDLPAs_oBEayNimlQ==@base.apk@classes.vdex does not exist.
06-29 08:23:43.275 12925 12930 I artd    : OatFileAssistant test for existing oat file /data/dalvik-cache/arm64/data@app@~~6SUf3zOdWH85EyZVWAe3Mw==@com.maxime.heron.monpetitroadtrip.debug-wZKyklDLPAs_oBEayNimlQ==@base.apk@classes.vdex: File /data/dalvik-cache/arm64/data@app@~~6SUf3zOdWH85EyZVWAe3Mw==@com.maxime.heron.monpetitroadtrip.debug-wZKyklDLPAs_oBEayNimlQ==@base.apk@classes.vdex does not exist.
06-29 08:23:43.275 12925 12930 I artd    : GetBestInfo checking vdex next to the dex file (/data/app/~~6SUf3zOdWH85EyZVWAe3Mw==/com.maxime.heron.monpetitroadtrip.debug-wZKyklDLPAs_oBEayNimlQ==/oat/arm64/base.vdex)
06-29 08:23:43.275 12925 12930 I artd    : unable to open vdex file /data/app/~~6SUf3zOdWH85EyZVWAe3Mw==/com.maxime.heron.monpetitroadtrip.debug-wZKyklDLPAs_oBEayNimlQ==/oat/arm64/base.vdex: File /data/app/~~6SUf3zOdWH85EyZVWAe3Mw==/com.maxime.heron.monpetitroadtrip.debug-wZKyklDLPAs_oBEayNimlQ==/oat/arm64/base.vdex does not exist.
06-29 08:23:43.275 12925 12930 I artd    : OatFileAssistant test for existing oat file /data/app/~~6SUf3zOdWH85EyZVWAe3Mw==/com.maxime.heron.monpetitroadtrip.debug-wZKyklDLPAs_oBEayNimlQ==/oat/arm64/base.vdex: File /data/app/~~6SUf3zOdWH85EyZVWAe3Mw==/com.maxime.heron.monpetitroadtrip.debug-wZKyklDLPAs_oBEayNimlQ==/oat/arm64/base.vdex does not exist.
06-29 08:23:43.275 12925 12930 I artd    : GetBestInfo checking dm (/data/app/~~6SUf3zOdWH85EyZVWAe3Mw==/com.maxime.heron.monpetitroadtrip.debug-wZKyklDLPAs_oBEayNimlQ==/base.dm)
06-29 08:23:43.275 12925 12930 W ziparchive: Unable to open '/data/app/~~6SUf3zOdWH85EyZVWAe3Mw==/com.maxime.heron.monpetitroadtrip.debug-wZKyklDLPAs_oBEayNimlQ==/base.dm': No such file or directory
06-29 08:23:43.275 12925 12930 I artd    : OatFileAssistant test for existing oat file /data/app/~~6SUf3zOdWH85EyZVWAe3Mw==/com.maxime.heron.monpetitroadtrip.debug-wZKyklDLPAs_oBEayNimlQ==/base.dm: I/O error
06-29 08:23:43.275 12925 12930 I artd    : GetBestInfo checking dm (/data/app/~~6SUf3zOdWH85EyZVWAe3Mw==/com.maxime.heron.monpetitroadtrip.debug-wZKyklDLPAs_oBEayNimlQ==/base.dm)
06-29 08:23:43.275 12925 12930 W ziparchive: Unable to open '/data/app/~~6SUf3zOdWH85EyZVWAe3Mw==/com.maxime.heron.monpetitroadtrip.debug-wZKyklDLPAs_oBEayNimlQ==/base.dm': No such file or directory
06-29 08:23:43.275 12925 12930 I artd    : OatFileAssistant test for existing oat file /data/app/~~6SUf3zOdWH85EyZVWAe3Mw==/com.maxime.heron.monpetitroadtrip.debug-wZKyklDLPAs_oBEayNimlQ==/base.dm: I/O error
06-29 08:23:44.227 12925 12930 I artd    : Dex parent of /data/app/~~o9xPGZhh992Dq1_aaxjFRg==/com.maxime.heron.monpetitroadtrip-86ExRNTlKcZhGSqNr5ilVg==/base.apk is not writable: Permission denied
06-29 08:23:44.227 12925 12930 I artd    : GetBestInfo checking odex in dalvik-cache (/data/dalvik-cache/arm64/data@app@~~o9xPGZhh992Dq1_aaxjFRg==@com.maxime.heron.monpetitroadtrip-86ExRNTlKcZhGSqNr5ilVg==@base.apk@classes.dex)
06-29 08:23:44.227 12925 12930 I artd    : Loading /data/dalvik-cache/arm64/data@app@~~o9xPGZhh992Dq1_aaxjFRg==@com.maxime.heron.monpetitroadtrip-86ExRNTlKcZhGSqNr5ilVg==@base.apk@classes.dex with executable: 0
06-29 08:23:44.227 12925 12930 I artd    : OatFileAssistant test for existing oat file /data/dalvik-cache/arm64/data@app@~~o9xPGZhh992Dq1_aaxjFRg==@com.maxime.heron.monpetitroadtrip-86ExRNTlKcZhGSqNr5ilVg==@base.apk@classes.dex: File /data/dalvik-cache/arm64/data@app@~~o9xPGZhh992Dq1_aaxjFRg==@com.maxime.heron.monpetitroadtrip-86ExRNTlKcZhGSqNr5ilVg==@base.apk@classes.vdex does not exist.
06-29 08:23:44.227 12925 12930 I artd    : GetBestInfo checking odex next to the dex file (/data/app/~~o9xPGZhh992Dq1_aaxjFRg==/com.maxime.heron.monpetitroadtrip-86ExRNTlKcZhGSqNr5ilVg==/oat/arm64/base.odex)
06-29 08:23:44.227 12925 12930 I artd    : Loading /data/app/~~o9xPGZhh992Dq1_aaxjFRg==/com.maxime.heron.monpetitroadtrip-86ExRNTlKcZhGSqNr5ilVg==/oat/arm64/base.odex with executable: 0
06-29 08:23:44.228 12925 12930 I artd    : Successfully loaded /data/app/~~o9xPGZhh992Dq1_aaxjFRg==/com.maxime.heron.monpetitroadtrip-86ExRNTlKcZhGSqNr5ilVg==/oat/arm64/base.odex with executable: 0
06-29 08:23:44.229 12925 12930 I artd    : /data/app/~~o9xPGZhh992Dq1_aaxjFRg==/com.maxime.heron.monpetitroadtrip-86ExRNTlKcZhGSqNr5ilVg==/oat/arm64/base.odex is kOatUpToDate with filter speed-profile
06-29 08:23:45.745  8190  8190 D ActivityThread: Package [com.maxime.heron.monpetitroadtrip.debug] reported as REPLACED, but missing application info. Assuming REMOVED.
06-29 08:23:45.746  8190  8190 D ActivityThread: Package [com.maxime.heron.monpetitroadtrip.debug] reported as REPLACED, but missing application info. Assuming REMOVED.
06-29 08:25:04.951  1464  2015 W InputDispatcher: Not sending touch gesture to f24b67e ActivityRecordInputSink com.maxime.heron.monpetitroadtrip.debug/expo.modules.devlauncher.launcher.errors.DevLauncherErrorActivity because it has config NO_INPUT_CHANNEL
06-29 08:25:05.025  1464  1706 V WindowManager:         {WCT{RemoteToken{dc2eda5 Task{ef4b340 #7781 type=standard A=10491:com.maxime.heron.monpetitroadtrip.debug}}} m=TO_BACK f=NONE leash=Surface(name=Task=7781)/@0xf56f06e sb=Rect(0, 0 - 1008, 2244) eb=Rect(0, 0 - 1008, 2244) epz=Point(1008, 2244) d=0 taskParent=-1},
06-29 08:25:06.274  1464  1993 W UsageStatsService: Unexpected activity event reported! (com.maxime.heron.monpetitroadtrip.debug/expo.modules.devlauncher.launcher.errors.DevLauncherErrorActivity event : 23 instanceId : 124697644)
06-29 08:25:24.510  9771  9771 I Finsky  : [2] VerifyApps: Install-time verification requested for package com.maxime.heron.monpetitroadtrip.debug, PackageManager id = 306, Verifier id = a648b77d-aba5-49ad-82aa-54940dbe83a8
06-29 08:25:24.974  9771 13130 I Finsky  : [8855] VerifyApps: Anti-malware verification task started for package=com.maxime.heron.monpetitroadtrip.debug
06-29 08:25:26.027  9771  9812 I Finsky  : [8700] VerifyApps: Starting APK Analysis scan for com.maxime.heron.monpetitroadtrip.debug.
06-29 08:25:26.030  9771  9812 I Finsky  : [8700] Scanning package com.maxime.heron.monpetitroadtrip.debug contents with client side protections. File: [h8bWzbh80WvaWaIHo3mJM9jDmnNd0eY6kxwQ4tdWVWA]
06-29 08:25:26.030  9771  9812 I Finsky  : [8700] VerifyApps: APK Analysis scan finished for com.maxime.heron.monpetitroadtrip.debug. Verdict: SAFE
06-29 08:25:26.169  9771 13134 I Finsky  : [8859] VerifyApps: Verification package=com.maxime.heron.monpetitroadtrip.debug, id=306, response=0, upload_requested=false, run_post_install=false
06-29 08:25:26.179  9771 13134 I Finsky  : [8859] VerifyApps: PAM result saving to datastore delayed for package: com.maxime.heron.monpetitroadtrip.debug
06-29 08:25:26.211  9771  9771 I Finsky  : [2] VerifyApps: Install-time verification complete: id=306, package_name=com.maxime.heron.monpetitroadtrip.debug
06-29 08:25:27.667  1464  1723 I ActivityManager: Force stopping com.maxime.heron.monpetitroadtrip.debug appid=10491 user=-1: installPackageLI
06-29 08:25:27.669  1464  1787 I PackageManager: Update package com.maxime.heron.monpetitroadtrip.debug code path from /data/app/~~6SUf3zOdWH85EyZVWAe3Mw==/com.maxime.heron.monpetitroadtrip.debug-wZKyklDLPAs_oBEayNimlQ== to /data/app/vmdl1291033328.tmp; Retain data and using new
06-29 08:25:27.677  1464  1787 I AppsFilter: interaction: PackageSetting{18aba31 com.google.android.microdroid.empty_payload/10260} -> PackageSetting{224cb92 com.maxime.heron.monpetitroadtrip.debug/10491} BLOCKED
06-29 08:25:27.677  1464  1787 I AppsFilter: interaction: PackageSetting{18aba31 com.google.android.microdroid.empty_payload/10260} -> PackageSetting{224cb92 com.maxime.heron.monpetitroadtrip.debug/10491} BLOCKED
06-29 08:25:27.678  1464  1787 I AppsFilter: interaction: PackageSetting{18aba31 com.google.android.microdroid.empty_payload/10260} -> PackageSetting{f447d00 com.maxime.heron.monpetitroadtrip.debug/10491} BLOCKED
06-29 08:25:27.678  1464  1787 I AppsFilter: interaction: PackageSetting{18aba31 com.google.android.microdroid.empty_payload/10260} -> PackageSetting{f447d00 com.maxime.heron.monpetitroadtrip.debug/10491} BLOCKED
06-29 08:25:27.885  1464  1787 I AppsFilter: interaction: PackageSetting{ee8f7f2 com.google.android.microdroid.empty_payload/10260} -> PackageSetting{7248025 com.maxime.heron.monpetitroadtrip.debug/10491} BLOCKED
06-29 08:25:27.895  1464  1787 I ActivityManager: Force stopping com.maxime.heron.monpetitroadtrip.debug appid=10491 user=0: pkg removed
06-29 08:25:27.949 20927 20927 D ActivityThread: Package [com.maxime.heron.monpetitroadtrip.debug] reported as REPLACED, but missing application info. Assuming REMOVED.
06-29 08:25:27.949  4942  4942 D ActivityThread: Package [com.maxime.heron.monpetitroadtrip.debug] reported as REPLACED, but missing application info. Assuming REMOVED.
06-29 08:25:27.949 30982 30982 D ActivityThread: Package [com.maxime.heron.monpetitroadtrip.debug] reported as REPLACED, but missing application info. Assuming REMOVED.
06-29 08:25:27.949  2555  2555 D ActivityThread: Package [com.maxime.heron.monpetitroadtrip.debug] reported as REPLACED, but missing application info. Assuming REMOVED.
06-29 08:25:27.949  3061  3061 D ActivityThread: Package [com.maxime.heron.monpetitroadtrip.debug] reported as REPLACED, but missing application info. Assuming REMOVED.
06-29 08:25:27.949  1464  2041 W PackageConfigPersister: App-specific configuration not found for packageName: com.maxime.heron.monpetitroadtrip.debug and userId: 0
06-29 08:25:27.950  3294  3294 D ActivityThread: Package [com.maxime.heron.monpetitroadtrip.debug] reported as REPLACED, but missing application info. Assuming REMOVED.
06-29 08:25:27.950 30951 30951 D ActivityThread: Package [com.maxime.heron.monpetitroadtrip.debug] reported as REPLACED, but missing application info. Assuming REMOVED.
06-29 08:25:27.950  9771  9771 D ActivityThread: Package [com.maxime.heron.monpetitroadtrip.debug] reported as REPLACED, but missing application info. Assuming REMOVED.
06-29 08:25:27.951 15345 15345 D ActivityThread: Package [com.maxime.heron.monpetitroadtrip.debug] reported as REPLACED, but missing application info. Assuming REMOVED.
06-29 08:25:27.951 30379 30379 D ActivityThread: Package [com.maxime.heron.monpetitroadtrip.debug] reported as REPLACED, but missing application info. Assuming REMOVED.
06-29 08:25:27.951  4027  4027 D ActivityThread: Package [com.maxime.heron.monpetitroadtrip.debug] reported as REPLACED, but missing application info. Assuming REMOVED.
06-29 08:25:27.951  4099  4099 D ActivityThread: Package [com.maxime.heron.monpetitroadtrip.debug] reported as REPLACED, but missing application info. Assuming REMOVED.
06-29 08:25:27.951 27494 27494 D ActivityThread: Package [com.maxime.heron.monpetitroadtrip.debug] reported as REPLACED, but missing application info. Assuming REMOVED.
06-29 08:25:27.951 10797 10797 D ActivityThread: Package [com.maxime.heron.monpetitroadtrip.debug] reported as REPLACED, but missing application info. Assuming REMOVED.
06-29 08:25:27.952 24670 24670 D ActivityThread: Package [com.maxime.heron.monpetitroadtrip.debug] reported as REPLACED, but missing application info. Assuming REMOVED.
06-29 08:25:27.952  5324  5324 D ActivityThread: Package [com.maxime.heron.monpetitroadtrip.debug] reported as REPLACED, but missing application info. Assuming REMOVED.
06-29 08:25:27.952 27535 27535 D ActivityThread: Package [com.maxime.heron.monpetitroadtrip.debug] reported as REPLACED, but missing application info. Assuming REMOVED.
06-29 08:25:27.953 24660 24660 D ActivityThread: Package [com.maxime.heron.monpetitroadtrip.debug] reported as REPLACED, but missing application info. Assuming REMOVED.
06-29 08:25:27.953  3663  3663 D ActivityThread: Package [com.maxime.heron.monpetitroadtrip.debug] reported as REPLACED, but missing application info. Assuming REMOVED.
06-29 08:25:27.953 30994 30994 D ActivityThread: Package [com.maxime.heron.monpetitroadtrip.debug] reported as REPLACED, but missing application info. Assuming REMOVED.
06-29 08:25:27.953  1234  1234 D ActivityThread: Package [com.maxime.heron.monpetitroadtrip.debug] reported as REPLACED, but missing application info. Assuming REMOVED.
06-29 08:25:27.953 19025 19025 D ActivityThread: Package [com.maxime.heron.monpetitroadtrip.debug] reported as REPLACED, but missing application info. Assuming REMOVED.
06-29 08:25:27.954  2873  2873 D ActivityThread: Package [com.maxime.heron.monpetitroadtrip.debug] reported as REPLACED, but missing application info. Assuming REMOVED.
06-29 08:25:27.954  6349  6349 D ActivityThread: Package [com.maxime.heron.monpetitroadtrip.debug] reported as REPLACED, but missing application info. Assuming REMOVED.
06-29 08:25:27.954  2742  2742 D ActivityThread: Package [com.maxime.heron.monpetitroadtrip.debug] reported as REPLACED, but missing application info. Assuming REMOVED.
06-29 08:25:27.955 16382 16382 D ActivityThread: Package [com.maxime.heron.monpetitroadtrip.debug] reported as REPLACED, but missing application info. Assuming REMOVED.
06-29 08:25:27.955 25106 25106 D ActivityThread: Package [com.maxime.heron.monpetitroadtrip.debug] reported as REPLACED, but missing application info. Assuming REMOVED.
06-29 08:25:27.955 16331 16331 D ActivityThread: Package [com.maxime.heron.monpetitroadtrip.debug] reported as REPLACED, but missing application info. Assuming REMOVED.
06-29 08:25:27.955 10935 10935 D ActivityThread: Package [com.maxime.heron.monpetitroadtrip.debug] reported as REPLACED, but missing application info. Assuming REMOVED.
06-29 08:25:27.956  2406  2406 D ActivityThread: Package [com.maxime.heron.monpetitroadtrip.debug] reported as REPLACED, but missing application info. Assuming REMOVED.
06-29 08:25:27.956  2433  2433 D ActivityThread: Package [com.maxime.heron.monpetitroadtrip.debug] reported as REPLACED, but missing application info. Assuming REMOVED.
06-29 08:25:27.956 29701 29701 D ActivityThread: Package [com.maxime.heron.monpetitroadtrip.debug] reported as REPLACED, but missing application info. Assuming REMOVED.
06-29 08:25:27.956  2389  2389 D ActivityThread: Package [com.maxime.heron.monpetitroadtrip.debug] reported as REPLACED, but missing application info. Assuming REMOVED.
06-29 08:25:27.956  2491  2491 D ActivityThread: Package [com.maxime.heron.monpetitroadtrip.debug] reported as REPLACED, but missing application info. Assuming REMOVED.
06-29 08:25:27.957  2359  2359 D ActivityThread: Package [com.maxime.heron.monpetitroadtrip.debug] reported as REPLACED, but missing application info. Assuming REMOVED.
06-29 08:25:27.957  3728  3728 D ActivityThread: Package [com.maxime.heron.monpetitroadtrip.debug] reported as REPLACED, but missing application info. Assuming REMOVED.
06-29 08:25:27.957  2424  2424 D ActivityThread: Package [com.maxime.heron.monpetitroadtrip.debug] reported as REPLACED, but missing application info. Assuming REMOVED.
06-29 08:25:27.957  2436  2436 D ActivityThread: Package [com.maxime.heron.monpetitroadtrip.debug] reported as REPLACED, but missing application info. Assuming REMOVED.
06-29 08:25:27.957  2375  2375 D ActivityThread: Package [com.maxime.heron.monpetitroadtrip.debug] reported as REPLACED, but missing application info. Assuming REMOVED.
06-29 08:25:27.957  2512  2512 D ActivityThread: Package [com.maxime.heron.monpetitroadtrip.debug] reported as REPLACED, but missing application info. Assuming REMOVED.
06-29 08:25:27.957  2293  2293 D ActivityThread: Package [com.maxime.heron.monpetitroadtrip.debug] reported as REPLACED, but missing application info. Assuming REMOVED.
06-29 08:25:27.957  2361  2361 D ActivityThread: Package [com.maxime.heron.monpetitroadtrip.debug] reported as REPLACED, but missing application info. Assuming REMOVED.
06-29 08:25:27.958  2479  2479 D ActivityThread: Package [com.maxime.heron.monpetitroadtrip.debug] reported as REPLACED, but missing application info. Assuming REMOVED.
06-29 08:25:27.958  2377  2377 D ActivityThread: Package [com.maxime.heron.monpetitroadtrip.debug] reported as REPLACED, but missing application info. Assuming REMOVED.
06-29 08:25:27.958  2170  2170 D ActivityThread: Package [com.maxime.heron.monpetitroadtrip.debug] reported as REPLACED, but missing application info. Assuming REMOVED.
06-29 08:25:27.958  2527  2527 D ActivityThread: Package [com.maxime.heron.monpetitroadtrip.debug] reported as REPLACED, but missing application info. Assuming REMOVED.
06-29 08:25:27.958  3739  3739 D ActivityThread: Package [com.maxime.heron.monpetitroadtrip.debug] reported as REPLACED, but missing application info. Assuming REMOVED.
06-29 08:25:27.959 20927 20963 D PackageUpdatedTask: Package updated: mOp=UPDATE packages=[com.maxime.heron.monpetitroadtrip.debug], user=UserHandle{0}
06-29 08:25:27.966 20927 20927 D ActivityThread: Package [com.maxime.heron.monpetitroadtrip.debug] reported as REPLACED, but missing application info. Assuming REMOVED.
06-29 08:25:27.966  4027  4027 D ActivityThread: Package [com.maxime.heron.monpetitroadtrip.debug] reported as REPLACED, but missing application info. Assuming REMOVED.
06-29 08:25:27.967  3061  3061 D ActivityThread: Package [com.maxime.heron.monpetitroadtrip.debug] reported as REPLACED, but missing application info. Assuming REMOVED.
06-29 08:25:27.967 30982 30982 D ActivityThread: Package [com.maxime.heron.monpetitroadtrip.debug] reported as REPLACED, but missing application info. Assuming REMOVED.
06-29 08:25:27.968  2555  2555 D ActivityThread: Package [com.maxime.heron.monpetitroadtrip.debug] reported as REPLACED, but missing application info. Assuming REMOVED.
06-29 08:25:27.968 30379 30379 D ActivityThread: Package [com.maxime.heron.monpetitroadtrip.debug] reported as REPLACED, but missing application info. Assuming REMOVED.
06-29 08:25:27.968  9771  9771 D ActivityThread: Package [com.maxime.heron.monpetitroadtrip.debug] reported as REPLACED, but missing application info. Assuming REMOVED.
06-29 08:25:27.969 30951 30951 D ActivityThread: Package [com.maxime.heron.monpetitroadtrip.debug] reported as REPLACED, but missing application info. Assuming REMOVED.
06-29 08:25:27.969  3294  3294 D ActivityThread: Package [com.maxime.heron.monpetitroadtrip.debug] reported as REPLACED, but missing application info. Assuming REMOVED.
06-29 08:25:27.970  3663  3663 D ActivityThread: Package [com.maxime.heron.monpetitroadtrip.debug] reported as REPLACED, but missing application info. Assuming REMOVED.
06-29 08:25:27.970 27494 27494 D ActivityThread: Package [com.maxime.heron.monpetitroadtrip.debug] reported as REPLACED, but missing application info. Assuming REMOVED.
06-29 08:25:27.970 15345 15345 D ActivityThread: Package [com.maxime.heron.monpetitroadtrip.debug] reported as REPLACED, but missing application info. Assuming REMOVED.
06-29 08:25:27.970 24670 24670 D ActivityThread: Package [com.maxime.heron.monpetitroadtrip.debug] reported as REPLACED, but missing application info. Assuming REMOVED.
06-29 08:25:27.970 30994 30994 D ActivityThread: Package [com.maxime.heron.monpetitroadtrip.debug] reported as REPLACED, but missing application info. Assuming REMOVED.
06-29 08:25:27.970 10797 10797 D ActivityThread: Package [com.maxime.heron.monpetitroadtrip.debug] reported as REPLACED, but missing application info. Assuming REMOVED.
06-29 08:25:27.970  4099  4099 D ActivityThread: Package [com.maxime.heron.monpetitroadtrip.debug] reported as REPLACED, but missing application info. Assuming REMOVED.
06-29 08:25:27.970 29701 29701 D ActivityThread: Package [com.maxime.heron.monpetitroadtrip.debug] reported as REPLACED, but missing application info. Assuming REMOVED.
06-29 08:25:27.970  5324  5324 D ActivityThread: Package [com.maxime.heron.monpetitroadtrip.debug] reported as REPLACED, but missing application info. Assuming REMOVED.
06-29 08:25:27.971  4942  4942 D ActivityThread: Package [com.maxime.heron.monpetitroadtrip.debug] reported as REPLACED, but missing application info. Assuming REMOVED.
06-29 08:25:27.971  2873  2873 D ActivityThread: Package [com.maxime.heron.monpetitroadtrip.debug] reported as REPLACED, but missing application info. Assuming REMOVED.
06-29 08:25:27.972 24660 24660 D ActivityThread: Package [com.maxime.heron.monpetitroadtrip.debug] reported as REPLACED, but missing application info. Assuming REMOVED.
06-29 08:25:27.972  2742  2742 D ActivityThread: Package [com.maxime.heron.monpetitroadtrip.debug] reported as REPLACED, but missing application info. Assuming REMOVED.
06-29 08:25:27.972  6349  6349 D ActivityThread: Package [com.maxime.heron.monpetitroadtrip.debug] reported as REPLACED, but missing application info. Assuming REMOVED.
06-29 08:25:27.972 27535 27535 D ActivityThread: Package [com.maxime.heron.monpetitroadtrip.debug] reported as REPLACED, but missing application info. Assuming REMOVED.
06-29 08:25:27.972 19025 19025 D ActivityThread: Package [com.maxime.heron.monpetitroadtrip.debug] reported as REPLACED, but missing application info. Assuming REMOVED.
06-29 08:25:27.973  1234  1234 D ActivityThread: Package [com.maxime.heron.monpetitroadtrip.debug] reported as REPLACED, but missing application info. Assuming REMOVED.
06-29 08:25:27.973 10935 10935 D ActivityThread: Package [com.maxime.heron.monpetitroadtrip.debug] reported as REPLACED, but missing application info. Assuming REMOVED.
06-29 08:25:27.973 16331 16331 D ActivityThread: Package [com.maxime.heron.monpetitroadtrip.debug] reported as REPLACED, but missing application info. Assuming REMOVED.
06-29 08:25:27.974  2527  2527 D ActivityThread: Package [com.maxime.heron.monpetitroadtrip.debug] reported as REPLACED, but missing application info. Assuming REMOVED.
06-29 08:25:27.974 16382 16382 D ActivityThread: Package [com.maxime.heron.monpetitroadtrip.debug] reported as REPLACED, but missing application info. Assuming REMOVED.
06-29 08:25:27.974  2512  2512 D ActivityThread: Package [com.maxime.heron.monpetitroadtrip.debug] reported as REPLACED, but missing application info. Assuming REMOVED.
06-29 08:25:27.974 25106 25106 D ActivityThread: Package [com.maxime.heron.monpetitroadtrip.debug] reported as REPLACED, but missing application info. Assuming REMOVED.
06-29 08:25:27.974  2491  2491 D ActivityThread: Package [com.maxime.heron.monpetitroadtrip.debug] reported as REPLACED, but missing application info. Assuming REMOVED.
06-29 08:25:27.974  3739  3739 D ActivityThread: Package [com.maxime.heron.monpetitroadtrip.debug] reported as REPLACED, but missing application info. Assuming REMOVED.
06-29 08:25:27.974  2479  2479 D ActivityThread: Package [com.maxime.heron.monpetitroadtrip.debug] reported as REPLACED, but missing application info. Assuming REMOVED.
06-29 08:25:27.975  2170  2170 D ActivityThread: Package [com.maxime.heron.monpetitroadtrip.debug] reported as REPLACED, but missing application info. Assuming REMOVED.
06-29 08:25:27.975  2433  2433 D ActivityThread: Package [com.maxime.heron.monpetitroadtrip.debug] reported as REPLACED, but missing application info. Assuming REMOVED.
06-29 08:25:27.975  2361  2361 D ActivityThread: Package [com.maxime.heron.monpetitroadtrip.debug] reported as REPLACED, but missing application info. Assuming REMOVED.
06-29 08:25:27.975  2406  2406 D ActivityThread: Package [com.maxime.heron.monpetitroadtrip.debug] reported as REPLACED, but missing application info. Assuming REMOVED.
06-29 08:25:27.975  2424  2424 D ActivityThread: Package [com.maxime.heron.monpetitroadtrip.debug] reported as REPLACED, but missing application info. Assuming REMOVED.
06-29 08:25:27.975  2375  2375 D ActivityThread: Package [com.maxime.heron.monpetitroadtrip.debug] reported as REPLACED, but missing application info. Assuming REMOVED.
06-29 08:25:27.975  2436  2436 D ActivityThread: Package [com.maxime.heron.monpetitroadtrip.debug] reported as REPLACED, but missing application info. Assuming REMOVED.
06-29 08:25:27.975  2377  2377 D ActivityThread: Package [com.maxime.heron.monpetitroadtrip.debug] reported as REPLACED, but missing application info. Assuming REMOVED.
06-29 08:25:27.975  2359  2359 D ActivityThread: Package [com.maxime.heron.monpetitroadtrip.debug] reported as REPLACED, but missing application info. Assuming REMOVED.
06-29 08:25:27.976  2293  2293 D ActivityThread: Package [com.maxime.heron.monpetitroadtrip.debug] reported as REPLACED, but missing application info. Assuming REMOVED.
06-29 08:25:27.976  2389  2389 D ActivityThread: Package [com.maxime.heron.monpetitroadtrip.debug] reported as REPLACED, but missing application info. Assuming REMOVED.
06-29 08:25:27.977  1464  1464 I Telecom : CarModeTracker: Package com.maxime.heron.monpetitroadtrip.debug is not tracked.: SSH.oR@FPY
06-29 08:25:27.977  1464  1464 D ActivityThread: Package [com.maxime.heron.monpetitroadtrip.debug] reported as REPLACED, but missing application info. Assuming REMOVED.
06-29 08:25:27.977  1464  1464 D ActivityThread: Package [com.maxime.heron.monpetitroadtrip.debug] reported as REPLACED, but missing application info. Assuming REMOVED.
06-29 08:25:27.977  3728  3728 D ActivityThread: Package [com.maxime.heron.monpetitroadtrip.debug] reported as REPLACED, but missing application info. Assuming REMOVED.
06-29 08:25:27.983  1464  2141 I SdkSandboxManager: No SDKs used. Skipping SDK data reconcilation for CallingInfo{mUid=10491, mPackageName='com.maxime.heron.monpetitroadtrip.debug, mAppProcessToken='null'}
06-29 08:25:27.983  1464  1464 W AlarmManager: Package com.maxime.heron.monpetitroadtrip.debug, uid 10491 lost permission to set exact alarms!
06-29 08:25:27.983  1464  2133 D ShortcutService: replacing package: com.maxime.heron.monpetitroadtrip.debug userId=0
06-29 08:25:27.985  3891  3891 D ActivityThread: Package [com.maxime.heron.monpetitroadtrip.debug] reported as REPLACED, but missing application info. Assuming REMOVED.
06-29 08:25:27.988  1464  2141 I SdkSandboxManager: No SDKs used. Skipping SDK data reconcilation for CallingInfo{mUid=10491, mPackageName='com.maxime.heron.monpetitroadtrip.debug, mAppProcessToken='null'}
06-29 08:25:27.995  3891  3891 D ActivityThread: Package [com.maxime.heron.monpetitroadtrip.debug] reported as REPLACED, but missing application info. Assuming REMOVED.
06-29 08:25:27.998  3891  3891 I SafetyLabelChangedBroadcastReceiver: received broadcast packageName: com.maxime.heron.monpetitroadtrip.debug, current user: UserHandle{0}, packageChangeEvent: UPDATE, intent user: UserHandle{0}
06-29 08:25:28.008  5380  5380 D ActivityThread: Package [com.maxime.heron.monpetitroadtrip.debug] reported as REPLACED, but missing application info. Assuming REMOVED.
06-29 08:25:28.009  5380  5380 D ActivityThread: Package [com.maxime.heron.monpetitroadtrip.debug] reported as REPLACED, but missing application info. Assuming REMOVED.
06-29 08:25:28.011  3887  3887 D ActivityThread: Package [com.maxime.heron.monpetitroadtrip.debug] reported as REPLACED, but missing application info. Assuming REMOVED.
06-29 08:25:28.011  3887  3887 D ActivityThread: Package [com.maxime.heron.monpetitroadtrip.debug] reported as REPLACED, but missing application info. Assuming REMOVED.
06-29 08:25:28.012  2497  2497 D ActivityThread: Package [com.maxime.heron.monpetitroadtrip.debug] reported as REPLACED, but missing application info. Assuming REMOVED.
06-29 08:25:28.012  2497  2497 D ActivityThread: Package [com.maxime.heron.monpetitroadtrip.debug] reported as REPLACED, but missing application info. Assuming REMOVED.
06-29 08:25:28.012  2497  2497 D CarrierSvcBindHelper: onPackageUpdateFinished: com.maxime.heron.monpetitroadtrip.debug
06-29 08:25:28.013  2497  2497 D CarrierSvcBindHelper: onPackageModified: com.maxime.heron.monpetitroadtrip.debug
06-29 08:25:28.033  3716  3716 D ActivityThread: Package [com.maxime.heron.monpetitroadtrip.debug] reported as REPLACED, but missing application info. Assuming REMOVED.
06-29 08:25:28.035  3716  3716 D ActivityThread: Package [com.maxime.heron.monpetitroadtrip.debug] reported as REPLACED, but missing application info. Assuming REMOVED.
06-29 08:25:28.049  2497  2825 D ImsResolver: maybeAddedImsService, packageName: com.maxime.heron.monpetitroadtrip.debug
06-29 08:25:28.049  2497  2825 V ImsResolver: searchForImsServices: package=com.maxime.heron.monpetitroadtrip.debug, users=[UserHandle{0}]
06-29 08:25:28.049  2497  2825 V ImsResolver: searchForImsServices: package=com.maxime.heron.monpetitroadtrip.debug, users=[UserHandle{0}]
06-29 08:25:28.051  2497  2497 W VvmPkgInstalledRcvr: carrierVvmPkgAdded: carrier vvm packages doesn't contain com.maxime.heron.monpetitroadtrip.debug
06-29 08:25:28.256  5380 13152 I bfe     : Handling installed or updated package: com.maxime.heron.monpetitroadtrip.debug
06-29 08:25:28.256  5380 13152 I btf     : Attempting to classify package: com.maxime.heron.monpetitroadtrip.debug using model: bll_1
06-29 08:25:28.393  5380 13152 I bgi     : BLL finished for package: com.maxime.heron.monpetitroadtrip.debug, score: 6.0, verdict: NOT_HARMFUL
06-29 08:25:28.393  5380 13152 I btf     : Finished new classification for package: com.maxime.heron.monpetitroadtrip.debug, model: bll_1, verdict: NOT_HARMFUL, score: 6.0
06-29 08:25:28.434  4138  4138 D ActivityThread: Package [com.maxime.heron.monpetitroadtrip.debug] reported as REPLACED, but missing application info. Assuming REMOVED.
06-29 08:25:28.435  4138  4138 D ActivityThread: Package [com.maxime.heron.monpetitroadtrip.debug] reported as REPLACED, but missing application info. Assuming REMOVED.
06-29 08:25:28.451  9771  9771 I Finsky  : [2] AIM: AppInfoCacheUpdater -> invalidating apps: [com.maxime.heron.monpetitroadtrip.debug]
06-29 08:25:28.452  9771  9812 I Finsky  : [8700] AIM: AppInfoManager-Perf > OnDeviceAppInfo > cacheHitCount=0, cacheMissCount=1. Missed  in cache (limit 10) : [com.maxime.heron.monpetitroadtrip.debug]
06-29 08:25:28.460 24670 24670 I Finsky:background: [2] IQ: onPackageRemoved com.maxime.heron.monpetitroadtrip.debug, replacing=true, uninstallingFromPlay=false
06-29 08:25:28.463  3168  3168 D ActivityThread: Package [com.maxime.heron.monpetitroadtrip.debug] reported as REPLACED, but missing application info. Assuming REMOVED.
06-29 08:25:28.464  3168  3168 D ActivityThread: Package [com.maxime.heron.monpetitroadtrip.debug] reported as REPLACED, but missing application info. Assuming REMOVED.
06-29 08:25:28.465 30765 30765 D ActivityThread: Package [com.maxime.heron.monpetitroadtrip.debug] reported as REPLACED, but missing application info. Assuming REMOVED.
06-29 08:25:28.466 30765 30765 D ActivityThread: Package [com.maxime.heron.monpetitroadtrip.debug] reported as REPLACED, but missing application info. Assuming REMOVED.
06-29 08:25:28.469  4728  4728 D ActivityThread: Package [com.maxime.heron.monpetitroadtrip.debug] reported as REPLACED, but missing application info. Assuming REMOVED.
06-29 08:25:28.469  4728  4728 D ActivityThread: Package [com.maxime.heron.monpetitroadtrip.debug] reported as REPLACED, but missing application info. Assuming REMOVED.
06-29 08:25:28.496 13137 13138 I artd    : Dex parent of /data/app/~~7Kscm4Zg0EykX3xzpxanfw==/com.maxime.heron.monpetitroadtrip.debug-UBvK-ZSV_oG8l79JdnGOVg==/base.apk is not writable: Permission denied
06-29 08:25:28.496 13137 13138 I artd    : GetBestInfo checking odex in dalvik-cache (/data/dalvik-cache/arm64/data@app@~~7Kscm4Zg0EykX3xzpxanfw==@com.maxime.heron.monpetitroadtrip.debug-UBvK-ZSV_oG8l79JdnGOVg==@base.apk@classes.dex)
06-29 08:25:28.496 13137 13138 I artd    : Loading /data/dalvik-cache/arm64/data@app@~~7Kscm4Zg0EykX3xzpxanfw==@com.maxime.heron.monpetitroadtrip.debug-UBvK-ZSV_oG8l79JdnGOVg==@base.apk@classes.dex with executable: 0
06-29 08:25:28.496 13137 13138 I artd    : OatFileAssistant test for existing oat file /data/dalvik-cache/arm64/data@app@~~7Kscm4Zg0EykX3xzpxanfw==@com.maxime.heron.monpetitroadtrip.debug-UBvK-ZSV_oG8l79JdnGOVg==@base.apk@classes.dex: File /data/dalvik-cache/arm64/data@app@~~7Kscm4Zg0EykX3xzpxanfw==@com.maxime.heron.monpetitroadtrip.debug-UBvK-ZSV_oG8l79JdnGOVg==@base.apk@classes.vdex does not exist.
06-29 08:25:28.496 13137 13138 I artd    : GetBestInfo checking odex next to the dex file (/data/app/~~7Kscm4Zg0EykX3xzpxanfw==/com.maxime.heron.monpetitroadtrip.debug-UBvK-ZSV_oG8l79JdnGOVg==/oat/arm64/base.odex)
06-29 08:25:28.496 13137 13138 I artd    : Loading /data/app/~~7Kscm4Zg0EykX3xzpxanfw==/com.maxime.heron.monpetitroadtrip.debug-UBvK-ZSV_oG8l79JdnGOVg==/oat/arm64/base.odex with executable: 0
06-29 08:25:28.496 13137 13138 I artd    : OatFileAssistant test for existing oat file /data/app/~~7Kscm4Zg0EykX3xzpxanfw==/com.maxime.heron.monpetitroadtrip.debug-UBvK-ZSV_oG8l79JdnGOVg==/oat/arm64/base.odex: File /data/app/~~7Kscm4Zg0EykX3xzpxanfw==/com.maxime.heron.monpetitroadtrip.debug-UBvK-ZSV_oG8l79JdnGOVg==/oat/arm64/base.vdex does not exist.
06-29 08:25:28.496 13137 13138 I artd    : GetBestInfo checking vdex in dalvik-cache (/data/dalvik-cache/arm64/data@app@~~7Kscm4Zg0EykX3xzpxanfw==@com.maxime.heron.monpetitroadtrip.debug-UBvK-ZSV_oG8l79JdnGOVg==@base.apk@classes.vdex)
06-29 08:25:28.496 13137 13138 I artd    : unable to open vdex file /data/dalvik-cache/arm64/data@app@~~7Kscm4Zg0EykX3xzpxanfw==@com.maxime.heron.monpetitroadtrip.debug-UBvK-ZSV_oG8l79JdnGOVg==@base.apk@classes.vdex: File /data/dalvik-cache/arm64/data@app@~~7Kscm4Zg0EykX3xzpxanfw==@com.maxime.heron.monpetitroadtrip.debug-UBvK-ZSV_oG8l79JdnGOVg==@base.apk@classes.vdex does not exist.
06-29 08:25:28.496 13137 13138 I artd    : OatFileAssistant test for existing oat file /data/dalvik-cache/arm64/data@app@~~7Kscm4Zg0EykX3xzpxanfw==@com.maxime.heron.monpetitroadtrip.debug-UBvK-ZSV_oG8l79JdnGOVg==@base.apk@classes.vdex: File /data/dalvik-cache/arm64/data@app@~~7Kscm4Zg0EykX3xzpxanfw==@com.maxime.heron.monpetitroadtrip.debug-UBvK-ZSV_oG8l79JdnGOVg==@base.apk@classes.vdex does not exist.
06-29 08:25:28.496 13137 13138 I artd    : GetBestInfo checking vdex next to the dex file (/data/app/~~7Kscm4Zg0EykX3xzpxanfw==/com.maxime.heron.monpetitroadtrip.debug-UBvK-ZSV_oG8l79JdnGOVg==/oat/arm64/base.vdex)
06-29 08:25:28.496 13137 13138 I artd    : unable to open vdex file /data/app/~~7Kscm4Zg0EykX3xzpxanfw==/com.maxime.heron.monpetitroadtrip.debug-UBvK-ZSV_oG8l79JdnGOVg==/oat/arm64/base.vdex: File /data/app/~~7Kscm4Zg0EykX3xzpxanfw==/com.maxime.heron.monpetitroadtrip.debug-UBvK-ZSV_oG8l79JdnGOVg==/oat/arm64/base.vdex does not exist.
06-29 08:25:28.496 13137 13138 I artd    : OatFileAssistant test for existing oat file /data/app/~~7Kscm4Zg0EykX3xzpxanfw==/com.maxime.heron.monpetitroadtrip.debug-UBvK-ZSV_oG8l79JdnGOVg==/oat/arm64/base.vdex: File /data/app/~~7Kscm4Zg0EykX3xzpxanfw==/com.maxime.heron.monpetitroadtrip.debug-UBvK-ZSV_oG8l79JdnGOVg==/oat/arm64/base.vdex does not exist.
06-29 08:25:28.496 13137 13138 I artd    : GetBestInfo checking dm (/data/app/~~7Kscm4Zg0EykX3xzpxanfw==/com.maxime.heron.monpetitroadtrip.debug-UBvK-ZSV_oG8l79JdnGOVg==/base.dm)
06-29 08:25:28.496 13137 13138 W ziparchive: Unable to open '/data/app/~~7Kscm4Zg0EykX3xzpxanfw==/com.maxime.heron.monpetitroadtrip.debug-UBvK-ZSV_oG8l79JdnGOVg==/base.dm': No such file or directory
06-29 08:25:28.496 13137 13138 I artd    : OatFileAssistant test for existing oat file /data/app/~~7Kscm4Zg0EykX3xzpxanfw==/com.maxime.heron.monpetitroadtrip.debug-UBvK-ZSV_oG8l79JdnGOVg==/base.dm: I/O error
06-29 08:25:28.496 13137 13138 I artd    : GetBestInfo checking dm (/data/app/~~7Kscm4Zg0EykX3xzpxanfw==/com.maxime.heron.monpetitroadtrip.debug-UBvK-ZSV_oG8l79JdnGOVg==/base.dm)
06-29 08:25:28.496 13137 13138 W ziparchive: Unable to open '/data/app/~~7Kscm4Zg0EykX3xzpxanfw==/com.maxime.heron.monpetitroadtrip.debug-UBvK-ZSV_oG8l79JdnGOVg==/base.dm': No such file or directory
06-29 08:25:28.496 13137 13138 I artd    : OatFileAssistant test for existing oat file /data/app/~~7Kscm4Zg0EykX3xzpxanfw==/com.maxime.heron.monpetitroadtrip.debug-UBvK-ZSV_oG8l79JdnGOVg==/base.dm: I/O error
06-29 08:25:28.504  9771  9771 I Finsky  : [2] AIM: AppInfoCacheUpdater -> invalidating apps: [com.maxime.heron.monpetitroadtrip.debug]
06-29 08:25:28.506  9771  9814 I Finsky  : [8702] AIM: AppInfoManager-Perf > OnDeviceAppInfo > cacheHitCount=0, cacheMissCount=1. Missed  in cache (limit 10) : [com.maxime.heron.monpetitroadtrip.debug]
06-29 08:25:28.506 13137 13138 I artd    : Dex parent of /data/app/~~7Kscm4Zg0EykX3xzpxanfw==/com.maxime.heron.monpetitroadtrip.debug-UBvK-ZSV_oG8l79JdnGOVg==/base.apk is not writable: Permission denied
06-29 08:25:28.506 13137 13138 I artd    : GetBestInfo checking odex in dalvik-cache (/data/dalvik-cache/arm64/data@app@~~7Kscm4Zg0EykX3xzpxanfw==@com.maxime.heron.monpetitroadtrip.debug-UBvK-ZSV_oG8l79JdnGOVg==@base.apk@classes.dex)
06-29 08:25:28.506 13137 13138 I artd    : Loading /data/dalvik-cache/arm64/data@app@~~7Kscm4Zg0EykX3xzpxanfw==@com.maxime.heron.monpetitroadtrip.debug-UBvK-ZSV_oG8l79JdnGOVg==@base.apk@classes.dex with executable: 0
06-29 08:25:28.506 13137 13138 I artd    : OatFileAssistant test for existing oat file /data/dalvik-cache/arm64/data@app@~~7Kscm4Zg0EykX3xzpxanfw==@com.maxime.heron.monpetitroadtrip.debug-UBvK-ZSV_oG8l79JdnGOVg==@base.apk@classes.dex: File /data/dalvik-cache/arm64/data@app@~~7Kscm4Zg0EykX3xzpxanfw==@com.maxime.heron.monpetitroadtrip.debug-UBvK-ZSV_oG8l79JdnGOVg==@base.apk@classes.vdex does not exist.
06-29 08:25:28.506 13137 13138 I artd    : GetBestInfo checking odex next to the dex file (/data/app/~~7Kscm4Zg0EykX3xzpxanfw==/com.maxime.heron.monpetitroadtrip.debug-UBvK-ZSV_oG8l79JdnGOVg==/oat/arm64/base.odex)
06-29 08:25:28.506 13137 13138 I artd    : Loading /data/app/~~7Kscm4Zg0EykX3xzpxanfw==/com.maxime.heron.monpetitroadtrip.debug-UBvK-ZSV_oG8l79JdnGOVg==/oat/arm64/base.odex with executable: 0
06-29 08:25:28.506 13137 13138 I artd    : OatFileAssistant test for existing oat file /data/app/~~7Kscm4Zg0EykX3xzpxanfw==/com.maxime.heron.monpetitroadtrip.debug-UBvK-ZSV_oG8l79JdnGOVg==/oat/arm64/base.odex: File /data/app/~~7Kscm4Zg0EykX3xzpxanfw==/com.maxime.heron.monpetitroadtrip.debug-UBvK-ZSV_oG8l79JdnGOVg==/oat/arm64/base.vdex does not exist.
06-29 08:25:28.506 13137 13138 I artd    : GetBestInfo checking vdex in dalvik-cache (/data/dalvik-cache/arm64/data@app@~~7Kscm4Zg0EykX3xzpxanfw==@com.maxime.heron.monpetitroadtrip.debug-UBvK-ZSV_oG8l79JdnGOVg==@base.apk@classes.vdex)
06-29 08:25:28.506 13137 13138 I artd    : unable to open vdex file /data/dalvik-cache/arm64/data@app@~~7Kscm4Zg0EykX3xzpxanfw==@com.maxime.heron.monpetitroadtrip.debug-UBvK-ZSV_oG8l79JdnGOVg==@base.apk@classes.vdex: File /data/dalvik-cache/arm64/data@app@~~7Kscm4Zg0EykX3xzpxanfw==@com.maxime.heron.monpetitroadtrip.debug-UBvK-ZSV_oG8l79JdnGOVg==@base.apk@classes.vdex does not exist.
06-29 08:25:28.506 13137 13138 I artd    : OatFileAssistant test for existing oat file /data/dalvik-cache/arm64/data@app@~~7Kscm4Zg0EykX3xzpxanfw==@com.maxime.heron.monpetitroadtrip.debug-UBvK-ZSV_oG8l79JdnGOVg==@base.apk@classes.vdex: File /data/dalvik-cache/arm64/data@app@~~7Kscm4Zg0EykX3xzpxanfw==@com.maxime.heron.monpetitroadtrip.debug-UBvK-ZSV_oG8l79JdnGOVg==@base.apk@classes.vdex does not exist.
06-29 08:25:28.506 13137 13138 I artd    : GetBestInfo checking vdex next to the dex file (/data/app/~~7Kscm4Zg0EykX3xzpxanfw==/com.maxime.heron.monpetitroadtrip.debug-UBvK-ZSV_oG8l79JdnGOVg==/oat/arm64/base.vdex)
06-29 08:25:28.506 13137 13138 I artd    : unable to open vdex file /data/app/~~7Kscm4Zg0EykX3xzpxanfw==/com.maxime.heron.monpetitroadtrip.debug-UBvK-ZSV_oG8l79JdnGOVg==/oat/arm64/base.vdex: File /data/app/~~7Kscm4Zg0EykX3xzpxanfw==/com.maxime.heron.monpetitroadtrip.debug-UBvK-ZSV_oG8l79JdnGOVg==/oat/arm64/base.vdex does not exist.
06-29 08:25:28.506 13137 13138 I artd    : OatFileAssistant test for existing oat file /data/app/~~7Kscm4Zg0EykX3xzpxanfw==/com.maxime.heron.monpetitroadtrip.debug-UBvK-ZSV_oG8l79JdnGOVg==/oat/arm64/base.vdex: File /data/app/~~7Kscm4Zg0EykX3xzpxanfw==/com.maxime.heron.monpetitroadtrip.debug-UBvK-ZSV_oG8l79JdnGOVg==/oat/arm64/base.vdex does not exist.
06-29 08:25:28.506 13137 13138 I artd    : GetBestInfo checking dm (/data/app/~~7Kscm4Zg0EykX3xzpxanfw==/com.maxime.heron.monpetitroadtrip.debug-UBvK-ZSV_oG8l79JdnGOVg==/base.dm)
06-29 08:25:28.506 13137 13138 W ziparchive: Unable to open '/data/app/~~7Kscm4Zg0EykX3xzpxanfw==/com.maxime.heron.monpetitroadtrip.debug-UBvK-ZSV_oG8l79JdnGOVg==/base.dm': No such file or directory
06-29 08:25:28.506 13137 13138 I artd    : OatFileAssistant test for existing oat file /data/app/~~7Kscm4Zg0EykX3xzpxanfw==/com.maxime.heron.monpetitroadtrip.debug-UBvK-ZSV_oG8l79JdnGOVg==/base.dm: I/O error
06-29 08:25:28.506 13137 13138 I artd    : GetBestInfo checking dm (/data/app/~~7Kscm4Zg0EykX3xzpxanfw==/com.maxime.heron.monpetitroadtrip.debug-UBvK-ZSV_oG8l79JdnGOVg==/base.dm)
06-29 08:25:28.506 13137 13138 W ziparchive: Unable to open '/data/app/~~7Kscm4Zg0EykX3xzpxanfw==/com.maxime.heron.monpetitroadtrip.debug-UBvK-ZSV_oG8l79JdnGOVg==/base.dm': No such file or directory
06-29 08:25:28.506 13137 13138 I artd    : OatFileAssistant test for existing oat file /data/app/~~7Kscm4Zg0EykX3xzpxanfw==/com.maxime.heron.monpetitroadtrip.debug-UBvK-ZSV_oG8l79JdnGOVg==/base.dm: I/O error
06-29 08:25:28.550 30379 13172 I ProximityAuth: [RecentAppsMediator] Package added: (user=UserHandle{0}) com.maxime.heron.monpetitroadtrip.debug
06-29 08:25:28.622  3168 13201 W SQLiteLog: (28) double-quoted string literal: "com.maxime.heron.monpetitroadtrip.debug"
06-29 08:25:28.697 17011 17011 D ActivityThread: Package [com.maxime.heron.monpetitroadtrip.debug] reported as REPLACED, but missing application info. Assuming REMOVED.
06-29 08:25:28.697 17011 17011 D ActivityThread: Package [com.maxime.heron.monpetitroadtrip.debug] reported as REPLACED, but missing application info. Assuming REMOVED.
06-29 08:25:28.698 17011 17011 D ActivityThread: Package [com.maxime.heron.monpetitroadtrip.debug] reported as REPLACED, but missing application info. Assuming REMOVED.
06-29 08:25:28.698 17011 17011 D ActivityThread: Package [com.maxime.heron.monpetitroadtrip.debug] reported as REPLACED, but missing application info. Assuming REMOVED.
06-29 08:25:28.700  8190  8190 D ActivityThread: Package [com.maxime.heron.monpetitroadtrip.debug] reported as REPLACED, but missing application info. Assuming REMOVED.
06-29 08:25:28.700  8190  8190 D ActivityThread: Package [com.maxime.heron.monpetitroadtrip.debug] reported as REPLACED, but missing application info. Assuming REMOVED.
06-29 08:25:31.820 13233 13233 I ResolverListAdapter: Add DisplayResolveInfo component: ComponentInfo{com.maxime.heron.monpetitroadtrip.debug/com.maxime.heron.monpetitroadtrip.debug.MainActivity}, intent component: ComponentInfo{com.maxime.heron.monpetitroadtrip.debug/com.maxime.heron.monpetitroadtrip.debug.MainActivity}
06-29 08:25:31.820 13233 13233 I ResolverListAdapter: Add DisplayResolveInfo component: ComponentInfo{com.maxime.heron.monpetitroadtrip/com.maxime.heron.monpetitroadtrip.MainActivity}, intent component: ComponentInfo{com.maxime.heron.monpetitroadtrip/com.maxime.heron.monpetitroadtrip.MainActivity}
06-29 08:25:35.463  1464  3993 I ActivityTaskManager: START u0 {act=android.intent.action.VIEW dat=exp+mon-petit-roadtrip://expo-development-client/... flg=0x13000000 cmp=com.maxime.heron.monpetitroadtrip.debug/.MainActivity} with LAUNCH_SINGLE_TASK from uid 2000 (realCallingUid=1000) (sr=75467499) (BAL_ALLOW_PERMISSION) result code=0
06-29 08:25:35.464  2170  2194 V WindowManagerShell: Transition requested (#11762): android.os.BinderProxy@fb2856f TransitionRequestInfo { type = OPEN, triggerTask = TaskInfo{userId=0 taskId=7783 effectiveUid=10491 displayId=0 isRunning=true baseIntent=Intent { act=android.intent.action.VIEW dat=exp+mon-petit-roadtrip://expo-development-client/... flg=0x13000000 cmp=com.maxime.heron.monpetitroadtrip.debug/.MainActivity } baseActivity=ComponentInfo{com.maxime.heron.monpetitroadtrip.debug/com.maxime.heron.monpetitroadtrip.debug.MainActivity} topActivity=ComponentInfo{com.maxime.heron.monpetitroadtrip.debug/com.maxime.heron.monpetitroadtrip.debug.MainActivity} origActivity=null realActivity=ComponentInfo{com.maxime.heron.monpetitroadtrip.debug/com.maxime.heron.monpetitroadtrip.debug.MainActivity} numActivities=1 lastActiveTime=2082507727 supportsMultiWindow=true resizeMode=1 isResizeable=true minWidth=-1 minHeight=-1 defaultMinSize=220 token=WCT{android.window.IWindowContainerToken$Stub$Proxy@684d27c} topActivityType=1 pictureInPictureParams=null shouldDockBigOverlays=false launchIntoPipHostTaskId=-1 lastParentTaskIdBeforePip=-1 displayCutoutSafeInsets=Rect(0, 113 - 0, 0) topActivityInfo=ActivityInfo{6979705 com.maxime.heron.monpetitroadtrip.debug.MainActivity} launchCookies=[] positionInParent=Point(0, 0) parentTaskId=-1 isFocused=false isVisible=false isVisibleRequested=false isTopActivityNoDisplay=false isSleeping=false locusId=null displayAreaFeatureId=1 isTopActivityTransparent=false isActivityStackTransparent=false lastNonFullscreenBounds=Rect(260, 647 - 749, 1655) capturedLink=null capturedLinkTimestamp=0 requestedVisibleTypes=-9 topActivityRequestOpenInBrowserEducationTimestamp=0 appCompatTaskInfo=AppCompatTaskInfo { topActivityInSizeCompat=false eligibleForLetterboxEducation= false isLetterboxEducationEnabled= false isLetterboxDoubleTapEnabled= false eligibleForUserAspectRatioButton= false topActivityBoundsLetterboxed= false isFromLetterboxDoubleTap= false topActivityLetterboxVerticalPosition= -1 topActivityLetterboxHorizontalPosition= -1 topActivityLetterboxWidth=-1 topActivityLetterboxHeight=-1 topActivityLetterboxAppWidth=-1 topActivityLetterboxAppHeight=-1 isUserFullscreenOverrideEnabled=false isSystemFullscreenOverrideEnabled=false hasMinAspectRatioOverride=false topActivityLetterboxBounds=null cameraCompatTaskInfo=CameraCompatTaskInfo { freeformCameraCompatMode=inactive}} topActivityMainWindowFrame=null}, pipChange = null, remoteTransition = null, displayChange = null, flags = 0, debugId = 11762 }
06-29 08:25:35.484  1464  1724 I ActivityManager: Start proc 13268:com.maxime.heron.monpetitroadtrip.debug/u0a491 for next-top-activity {com.maxime.heron.monpetitroadtrip.debug/com.maxime.heron.monpetitroadtrip.debug.MainActivity}
06-29 08:25:35.490  1464  5010 D CoreBackPreview: Window{bcdce34 u0 Splash Screen com.maxime.heron.monpetitroadtrip.debug}: Setting back callback OnBackInvokedCallbackInfo{mCallback=android.window.IOnBackInvokedCallback$Stub$Proxy@a675959, mPriority=0, mIsAnimationCallback=false, mOverrideBehavior=0}
06-29 08:25:35.510  1464  1706 V WindowManager: Sent Transition (#11762) createdAt=06-29 08:25:35.459 via request=TransitionRequestInfo { type = OPEN, triggerTask = TaskInfo{userId=0 taskId=7783 effectiveUid=10491 displayId=0 isRunning=true baseIntent=Intent { act=android.intent.action.VIEW dat=exp+mon-petit-roadtrip://expo-development-client/... flg=0x13000000 cmp=com.maxime.heron.monpetitroadtrip.debug/.MainActivity } baseActivity=ComponentInfo{com.maxime.heron.monpetitroadtrip.debug/com.maxime.heron.monpetitroadtrip.debug.MainActivity} topActivity=ComponentInfo{com.maxime.heron.monpetitroadtrip.debug/com.maxime.heron.monpetitroadtrip.debug.MainActivity} origActivity=null realActivity=ComponentInfo{com.maxime.heron.monpetitroadtrip.debug/com.maxime.heron.monpetitroadtrip.debug.MainActivity} numActivities=1 lastActiveTime=2082507727 supportsMultiWindow=true resizeMode=1 isRe