06-29 07:55:13.397  3663  3663 D ActivityThread: Package [com.google.android.aicore] reported as REPLACED, but missing application info. Assuming REMOVED.
06-29 07:55:13.397  6429  6429 D ActivityThread: Package [com.google.android.aicore] reported as REPLACED, but missing application info. Assuming REMOVED.
06-29 07:55:13.397  3294  3294 D ActivityThread: Package [com.google.android.aicore] reported as REPLACED, but missing application info. Assuming REMOVED.
06-29 07:55:13.397 19025 19025 D ActivityThread: Package [com.google.android.aicore] reported as REPLACED, but missing application info. Assuming REMOVED.
06-29 07:55:13.397  6329  6329 D ActivityThread: Package [com.google.android.aicore] reported as REPLACED, but missing application info. Assuming REMOVED.
06-29 07:55:13.397 10733 10733 D ActivityThread: Package [com.google.android.aicore] reported as REPLACED, but missing application info. Assuming REMOVED.
06-29 07:55:13.397  6717  6717 D ActivityThread: Package [com.google.android.aicore] reported as REPLACED, but missing application info. Assuming REMOVED.
06-29 07:55:13.397 18035 18035 D ActivityThread: Package [com.google.android.aicore] reported as REPLACED, but missing application info. Assuming REMOVED.
06-29 07:55:13.397 30994 30994 D ActivityThread: Package [com.google.android.aicore] reported as REPLACED, but missing application info. Assuming REMOVED.
06-29 07:55:13.398 10168 10168 D ActivityThread: Package [com.google.android.aicore] reported as REPLACED, but missing application info. Assuming REMOVED.
06-29 07:55:13.398 25869 25869 D ActivityThread: Package [com.google.android.aicore] reported as REPLACED, but missing application info. Assuming REMOVED.
06-29 07:55:13.398  2742  2742 D ActivityThread: Package [com.google.android.aicore] reported as REPLACED, but missing application info. Assuming REMOVED.
06-29 07:55:13.398  8190  8190 D ActivityThread: Package [com.google.android.aicore] reported as REPLACED, but missing application info. Assuming REMOVED.
06-29 07:55:13.398 29701 29701 D ActivityThread: Package [com.google.android.aicore] reported as REPLACED, but missing application info. Assuming REMOVED.
06-29 07:55:13.398  6864  6864 D ActivityThread: Package [com.google.android.aicore] reported as REPLACED, but missing application info. Assuming REMOVED.
06-29 07:55:13.398  6788  6788 D ActivityThread: Package [com.google.android.aicore] reported as REPLACED, but missing application info. Assuming REMOVED.
06-29 07:55:13.398 10797 10797 D ActivityThread: Package [com.google.android.aicore] reported as REPLACED, but missing application info. Assuming REMOVED.
06-29 07:55:13.398 27535 27535 D ActivityThread: Package [com.google.android.aicore] reported as REPLACED, but missing application info. Assuming REMOVED.
06-29 07:55:13.399  3061  3061 D ActivityThread: Package [com.google.android.aicore] reported as REPLACED, but missing application info. Assuming REMOVED.
06-29 07:55:13.399 27494 27494 D ActivityThread: Package [com.google.android.aicore] reported as REPLACED, but missing application info. Assuming REMOVED.
06-29 07:55:13.399 27494 27494 D ActivityThread: Package [com.google.android.aicore] reported as REPLACED, but missing application info. Assuming REMOVED.
06-29 07:55:13.400 10935 10935 D ActivityThread: Package [com.google.android.aicore] reported as REPLACED, but missing application info. Assuming REMOVED.
06-29 07:55:13.400 28649 28649 D ActivityThread: Package [com.google.android.aicore] reported as REPLACED, but missing application info. Assuming REMOVED.
06-29 07:55:13.400  8553  8553 D ActivityThread: Package [com.google.android.aicore] reported as REPLACED, but missing application info. Assuming REMOVED.
06-29 07:55:13.400  1464  2473 W AppOpService: Ignored setUidMode call for runtime permission app op: uid = 10139, code = READ_CELL_BROADCASTS, mode = allow, callingUid = 1001, oldMode = allow
06-29 07:55:13.401 16331 16331 D ActivityThread: Package [com.google.android.aicore] reported as REPLACED, but missing application info. Assuming REMOVED.
06-29 07:55:13.401 30503 30503 D ActivityThread: Package [com.google.android.aicore] reported as REPLACED, but missing application info. Assuming REMOVED.
06-29 07:55:13.401 16382 16382 D ActivityThread: Package [com.google.android.aicore] reported as REPLACED, but missing application info. Assuming REMOVED.
06-29 07:55:13.401  4099  4099 D ActivityThread: Package [com.google.android.aicore] reported as REPLACED, but missing application info. Assuming REMOVED.
06-29 07:55:13.401  2741  2741 D ActivityThread: Package [com.google.android.aicore] reported as REPLACED, but missing application info. Assuming REMOVED.
06-29 07:55:13.401  6494  6494 D ActivityThread: Package [com.google.android.aicore] reported as REPLACED, but missing application info. Assuming REMOVED.
06-29 07:55:13.402  8964  8964 D ActivityThread: Package [com.google.android.aicore] reported as REPLACED, but missing application info. Assuming REMOVED.
06-29 07:55:13.402  3728  3728 D ActivityThread: Package [com.google.android.aicore] reported as REPLACED, but missing application info. Assuming REMOVED.
06-29 07:55:13.402 22667 22667 D ActivityThread: Package [com.google.android.aicore] reported as REPLACED, but missing application info. Assuming REMOVED.
06-29 07:55:13.402  2741  2741 D ActivityThread: Package [com.google.android.aicore] reported as REPLACED, but missing application info. Assuming REMOVED.
06-29 07:55:13.402  3739  3739 D ActivityThread: Package [com.google.android.aicore] reported as REPLACED, but missing application info. Assuming REMOVED.
06-29 07:55:13.402  6305  6305 D ActivityThread: Package [com.google.android.aicore] reported as REPLACED, but missing application info. Assuming REMOVED.
06-29 07:55:13.402  6267  6267 D ActivityThread: Package [com.google.android.aicore] reported as REPLACED, but missing application info. Assuming REMOVED.
06-29 07:55:13.403  2512  2512 D ActivityThread: Package [com.google.android.aicore] reported as REPLACED, but missing application info. Assuming REMOVED.
06-29 07:55:13.403 30379 30379 D ActivityThread: Package [com.google.android.aicore] reported as REPLACED, but missing application info. Assuming REMOVED.
06-29 07:55:13.403 20927 20927 D ActivityThread: Package [com.google.android.aicore] reported as REPLACED, but missing application info. Assuming REMOVED.
06-29 07:55:13.403  2170  2170 D ActivityThread: Package [com.google.android.aicore] reported as REPLACED, but missing application info. Assuming REMOVED.
06-29 07:55:13.403 15345 15345 D ActivityThread: Package [com.google.android.aicore] reported as REPLACED, but missing application info. Assuming REMOVED.
06-29 07:55:13.404  2433  2433 D ActivityThread: Package [com.google.android.aicore] reported as REPLACED, but missing application info. Assuming REMOVED.
06-29 07:55:13.404  2527  2527 D ActivityThread: Package [com.google.android.aicore] reported as REPLACED, but missing application info. Assuming REMOVED.
06-29 07:55:13.404  1234  1234 D ActivityThread: Package [com.google.android.aicore] reported as REPLACED, but missing application info. Assuming REMOVED.
06-29 07:55:13.404  2406  2406 D ActivityThread: Package [com.google.android.aicore] reported as REPLACED, but missing application info. Assuming REMOVED.
06-29 07:55:13.405  2873  2873 D ActivityThread: Package [com.google.android.aicore] reported as REPLACED, but missing application info. Assuming REMOVED.
06-29 07:55:13.405 26835 26835 D ActivityThread: Package [com.google.android.aicore] reported as REPLACED, but missing application info. Assuming REMOVED.
06-29 07:55:13.405 30951 30951 D ActivityThread: Package [com.google.android.aicore] reported as REPLACED, but missing application info. Assuming REMOVED.
06-29 07:55:13.405  4942  4942 D ActivityThread: Package [com.google.android.aicore] reported as REPLACED, but missing application info. Assuming REMOVED.
06-29 07:55:13.405  2389  2389 D ActivityThread: Package [com.google.android.aicore] reported as REPLACED, but missing application info. Assuming REMOVED.
06-29 07:55:13.405  2424  2424 D ActivityThread: Package [com.google.android.aicore] reported as REPLACED, but missing application info. Assuming REMOVED.
06-29 07:55:13.405  2293  2293 D ActivityThread: Package [com.google.android.aicore] reported as REPLACED, but missing application info. Assuming REMOVED.
06-29 07:55:13.405  2377  2377 D ActivityThread: Package [com.google.android.aicore] reported as REPLACED, but missing application info. Assuming REMOVED.
06-29 07:55:13.405 23284 23284 D ActivityThread: Package [com.google.android.aicore] reported as REPLACED, but missing application info. Assuming REMOVED.
06-29 07:55:13.405  2479  2479 D ActivityThread: Package [com.google.android.aicore] reported as REPLACED, but missing application info. Assuming REMOVED.
06-29 07:55:13.405  3168  3168 D ActivityThread: Package [com.google.android.aicore] reported as REPLACED, but missing application info. Assuming REMOVED.
06-29 07:55:13.406  5472  5472 D ActivityThread: Package [com.google.android.aicore] reported as REPLACED, but missing application info. Assuming REMOVED.
06-29 07:55:13.406  2359  2359 D ActivityThread: Package [com.google.android.aicore] reported as REPLACED, but missing application info. Assuming REMOVED.
06-29 07:55:13.406  2375  2375 D ActivityThread: Package [com.google.android.aicore] reported as REPLACED, but missing application info. Assuming REMOVED.
06-29 07:55:13.406  8756  8756 D ActivityThread: Package [com.google.android.aicore] reported as REPLACED, but missing application info. Assuming REMOVED.
06-29 07:55:13.406  8177  8177 D ActivityThread: Package [com.google.android.aicore] reported as REPLACED, but missing application info. Assuming REMOVED.
06-29 07:55:13.407 20387 20387 D ActivityThread: Package [com.google.android.aicore] reported as REPLACED, but missing application info. Assuming REMOVED.
06-29 07:55:13.407  2491  2491 D ActivityThread: Package [com.google.android.aicore] reported as REPLACED, but missing application info. Assuming REMOVED.
06-29 07:55:13.407  6228  6228 D ActivityThread: Package [com.google.android.aicore] reported as REPLACED, but missing application info. Assuming REMOVED.
06-29 07:55:13.407 22688 22688 D ActivityThread: Package [com.google.android.aicore] reported as REPLACED, but missing application info. Assuming REMOVED.
06-29 07:55:13.407  2436  2436 D ActivityThread: Package [com.google.android.aicore] reported as REPLACED, but missing application info. Assuming REMOVED.
06-29 07:55:13.408  2361  2361 D ActivityThread: Package [com.google.android.aicore] reported as REPLACED, but missing application info. Assuming REMOVED.
06-29 07:55:13.408  6573  6573 D ActivityThread: Package [com.google.android.aicore] reported as REPLACED, but missing application info. Assuming REMOVED.
06-29 07:55:13.409  3891  3891 D ActivityThread: Package [com.google.android.aicore] reported as REPLACED, but missing application info. Assuming REMOVED.
06-29 07:55:13.409 16778 16778 D ActivityThread: Package [com.google.android.aicore] reported as REPLACED, but missing application info. Assuming REMOVED.
06-29 07:55:13.409 25218 25218 D ActivityThread: Package [com.google.android.aicore] reported as REPLACED, but missing application info. Assuming REMOVED.
06-29 07:55:13.410  8773  8773 D ActivityThread: Package [com.google.android.aicore] reported as REPLACED, but missing application info. Assuming REMOVED.
06-29 07:55:13.410  2555  2555 D ActivityThread: Package [com.google.android.aicore] reported as REPLACED, but missing application info. Assuming REMOVED.
06-29 07:55:13.410 25106 25106 D ActivityThread: Package [com.google.android.aicore] reported as REPLACED, but missing application info. Assuming REMOVED.
06-29 07:55:13.411 30765 30765 D ActivityThread: Package [com.google.android.aicore] reported as REPLACED, but missing application info. Assuming REMOVED.
06-29 07:55:13.411 26419 26419 D ActivityThread: Package [com.google.android.aicore] reported as REPLACED, but missing application info. Assuming REMOVED.
06-29 07:55:13.412  1464  2134 D BackgroundInstallControlService: Package event received: 0
06-29 07:55:13.413 27622 27622 D ActivityThread: Package [com.google.android.aicore] reported as REPLACED, but missing application info. Assuming REMOVED.
06-29 07:55:13.413  6957  6957 D ActivityThread: Package [com.google.android.aicore] reported as REPLACED, but missing application info. Assuming REMOVED.
06-29 07:55:13.414  7527  7527 D ActivityThread: Package [com.google.android.aicore] reported as REPLACED, but missing application info. Assuming REMOVED.
06-29 07:55:13.414 20387 20387 D ActivityThread: Package [com.google.android.aicore] reported as REPLACED, but missing application info. Assuming REMOVED.
06-29 07:55:13.414 11237 11237 D ActivityThread: Package [com.google.android.aicore] reported as REPLACED, but missing application info. Assuming REMOVED.
06-29 07:55:13.414  6228  6228 D ActivityThread: Package [com.google.android.aicore] reported as REPLACED, but missing application info. Assuming REMOVED.
06-29 07:55:13.415  6788  6788 D ActivityThread: Package [com.google.android.aicore] reported as REPLACED, but missing application info. Assuming REMOVED.
06-29 07:55:13.415 27041 27041 D ActivityThread: Package [com.google.android.aicore] reported as REPLACED, but missing application info. Assuming REMOVED.
06-29 07:55:13.415  1464  1464 D ActivityThread: Package [com.google.android.aicore] reported as REPLACED, but missing application info. Assuming REMOVED.
06-29 07:55:13.415  1464  1787 D PackageInstallerSession: Marking session 215450202 as applied
06-29 07:55:13.415  1464  1464 D ActivityThread: Package [com.google.android.aicore] reported as REPLACED, but missing application info. Assuming REMOVED.
06-29 07:55:13.416  6494  6494 D ActivityThread: Package [com.google.android.aicore] reported as REPLACED, but missing application info. Assuming REMOVED.
06-29 07:55:13.416  3240  3240 D ActivityThread: Package [com.google.android.aicore] reported as REPLACED, but missing application info. Assuming REMOVED.
06-29 07:55:13.416 28575 28575 D ActivityThread: Package [com.google.android.aicore] reported as REPLACED, but missing application info. Assuming REMOVED.
06-29 07:55:13.416  6864  6864 D ActivityThread: Package [com.google.android.aicore] reported as REPLACED, but missing application info. Assuming REMOVED.
06-29 07:55:13.416 11823 11823 D ActivityThread: Package [com.google.android.aicore] reported as REPLACED, but missing application info. Assuming REMOVED.
06-29 07:55:13.416 11122 11122 D ActivityThread: Package [com.google.android.aicore] reported as REPLACED, but missing application info. Assuming REMOVED.
06-29 07:55:13.416 27144 27144 D ActivityThread: Package [com.google.android.aicore] reported as REPLACED, but missing application info. Assuming REMOVED.
06-29 07:55:13.416 30544 30544 D ActivityThread: Package [com.google.android.aicore] reported as REPLACED, but missing application info. Assuming REMOVED.
06-29 07:55:13.417 18035 18035 D ActivityThread: Package [com.google.android.aicore] reported as REPLACED, but missing application info. Assuming REMOVED.
06-29 07:55:13.417  6717  6717 D ActivityThread: Package [com.google.android.aicore] reported as REPLACED, but missing application info. Assuming REMOVED.
06-29 07:55:13.417  6267  6267 D ActivityThread: Package [com.google.android.aicore] reported as REPLACED, but missing application info. Assuming REMOVED.
06-29 07:55:13.417 10168 10168 D ActivityThread: Package [com.google.android.aicore] reported as REPLACED, but missing application info. Assuming REMOVED.
06-29 07:55:13.417 30503 30503 D ActivityThread: Package [com.google.android.aicore] reported as REPLACED, but missing application info. Assuming REMOVED.
06-29 07:55:13.418  6429  6429 D ActivityThread: Package [com.google.android.aicore] reported as REPLACED, but missing application info. Assuming REMOVED.
06-29 07:55:13.418  6329  6329 D ActivityThread: Package [com.google.android.aicore] reported as REPLACED, but missing application info. Assuming REMOVED.
06-29 07:55:13.418 22862 22862 D ActivityThread: Package [com.google.android.aicore] reported as REPLACED, but missing application info. Assuming REMOVED.
06-29 07:55:13.418 27513 27513 D ActivityThread: Package [com.google.android.aicore] reported as REPLACED, but missing application info. Assuming REMOVED.
06-29 07:55:13.419 21428 21428 D ActivityThread: Package [com.google.android.aicore] reported as REPLACED, but missing application info. Assuming REMOVED.
06-29 07:55:13.419  1464  2482 W AppOpService: Ignored setUidMode call for runtime permission app op: uid = 1001, code = READ_SMS, mode = allow, callingUid = 1001, oldMode = allow
06-29 07:55:13.419  6815  6815 D ActivityThread: Package [com.google.android.aicore] reported as REPLACED, but missing application info. Assuming REMOVED.
06-29 07:55:13.419  8553  8553 D ActivityThread: Package [com.google.android.aicore] reported as REPLACED, but missing application info. Assuming REMOVED.
06-29 07:55:13.419  8964  8964 D ActivityThread: Package [com.google.android.aicore] reported as REPLACED, but missing application info. Assuming REMOVED.
06-29 07:55:13.419  1464  3539 W AppOpService: Ignored setUidMode call for runtime permission app op: uid = 1001, code = RECEIVE_SMS, mode = allow, callingUid = 1001, oldMode = allow
06-29 07:55:13.419 28649 28649 D ActivityThread: Package [com.google.android.aicore] reported as REPLACED, but missing application info. Assuming REMOVED.
06-29 07:55:13.419  6305  6305 D ActivityThread: Package [com.google.android.aicore] reported as REPLACED, but missing application info. Assuming REMOVED.
06-29 07:55:13.419  2555  2555 D ActivityThread: Package [com.google.android.aicore] reported as REPLACED, but missing application info. Assuming REMOVED.
06-29 07:55:13.419  4728  4728 D ActivityThread: Package [com.google.android.aicore] reported as REPLACED, but missing application info. Assuming REMOVED.
06-29 07:55:13.420  1464  4706 W AppOpService: Ignored setUidMode call for runtime permission app op: uid = 1001, code = RECEIVE_WAP_PUSH, mode = allow, callingUid = 1001, oldMode = allow
06-29 07:55:13.420  1464  3539 W AppOpService: Ignored setUidMode call for runtime permission app op: uid = 1001, code = SEND_SMS, mode = allow, callingUid = 1001, oldMode = allow
06-29 07:55:13.420  6573  6573 D ActivityThread: Package [com.google.android.aicore] reported as REPLACED, but missing application info. Assuming REMOVED.
06-29 07:55:13.420  1464  2482 W AppOpService: Ignored setUidMode call for runtime permission app op: uid = 1001, code = READ_CELL_BROADCASTS, mode = allow, callingUid = 1001, oldMode = allow
06-29 07:55:13.421  1234  1234 D ActivityThread: Package [com.google.android.aicore] reported as REPLACED, but missing application info. Assuming REMOVED.
06-29 07:55:13.421 25869 25869 D ActivityThread: Package [com.google.android.aicore] reported as REPLACED, but missing application info. Assuming REMOVED.
06-29 07:55:13.421  4332  4332 D ActivityThread: Package [com.google.android.aicore] reported as REPLACED, but missing application info. Assuming REMOVED.
06-29 07:55:13.422  3716  3716 D ActivityThread: Package [com.google.android.aicore] reported as REPLACED, but missing application info. Assuming REMOVED.
06-29 07:55:13.422  3716  3716 D ActivityThread: Package [com.google.android.aicore] reported as REPLACED, but missing application info. Assuming REMOVED.
06-29 07:55:13.423  2497  2497 D ActivityThread: Package [com.google.android.aicore] reported as REPLACED, but missing application info. Assuming REMOVED.
06-29 07:55:13.424  2497  2497 D ActivityThread: Package [com.google.android.aicore] reported as REPLACED, but missing application info. Assuming REMOVED.
06-29 07:55:13.429 25198 25198 D ActivityThread: Package [com.google.android.aicore] reported as REPLACED, but missing application info. Assuming REMOVED.
06-29 07:55:13.429  6545  6545 D ActivityThread: Package [com.google.android.aicore] reported as REPLACED, but missing application info. Assuming REMOVED.
06-29 07:55:13.433 22594 22594 D ActivityThread: Package [com.google.android.aicore] reported as REPLACED, but missing application info. Assuming REMOVED.
06-29 07:55:13.434 22688 22688 D ActivityThread: Package [com.google.android.aicore] reported as REPLACED, but missing application info. Assuming REMOVED.
06-29 07:55:13.436 22667 22667 D ActivityThread: Package [com.google.android.aicore] reported as REPLACED, but missing application info. Assuming REMOVED.
06-29 07:55:13.438  1464  1724 I ActivityManager: Start proc 9094:com.android.keychain/u10s1000 for service {com.android.keychain/com.android.keychain.KeyChainService}
06-29 07:55:13.439  4138  4138 D ActivityThread: Package [com.google.android.aicore] reported as REPLACED, but missing application info. Assuming REMOVED.
06-29 07:55:13.446  1464  9090 V Configuration: Updating configuration, locales updated from [] to [fr_FR]
06-29 07:55:13.446  1464  9090 V Configuration: Updating configuration, locales updated from [] to [fr_FR]
06-29 07:55:13.446  1464  9090 V Configuration: Updating configuration, locales updated from [] to [fr_FR]
06-29 07:55:13.446  1464  9090 V Configuration: Updating configuration, locales updated from [] to [fr_FR]
06-29 07:55:13.446  1464  9090 V Configuration: Updating configuration, locales updated from [] to [fr_FR]
06-29 07:55:13.447  1464  9090 V Configuration: Updating configuration, locales updated from [] to [fr_FR]
06-29 07:55:13.447  1464  9090 V Configuration: Updating configuration, locales updated from [] to [fr_FR]
06-29 07:55:13.447  1464  9090 V Configuration: Updating configuration, locales updated from [] to [fr_FR]
06-29 07:55:13.447  1464  9090 V Configuration: Updating configuration, locales updated from [] to [fr_FR]
06-29 07:55:13.448  1464  9090 V Configuration: Updating configuration, locales updated from [] to [fr_FR]
06-29 07:55:13.448  1464  9090 V Configuration: Updating configuration, locales updated from [] to [fr_FR]
06-29 07:55:13.448  1464  9090 V Configuration: Updating configuration, locales updated from [] to [fr_FR]
06-29 07:55:13.448  1464  9090 V Configuration: Updating configuration, locales updated from [] to [fr_FR]
06-29 07:55:13.448  1464  9090 V Configuration: Updating configuration, locales updated from [] to [fr_FR]
06-29 07:55:13.448  1464  9090 V Configuration: Updating configuration, locales updated from [] to [fr_FR]
06-29 07:55:13.450  1464  9090 V Configuration: Updating configuration, locales updated from [] to [fr_FR]
06-29 07:55:13.450  1464  9090 V Configuration: Updating configuration, locales updated from [] to [fr_FR]
06-29 07:55:13.450  1464  9090 V Configuration: Updating configuration, locales updated from [] to [fr_FR]
06-29 07:55:13.450  1464  9090 V Configuration: Updating configuration, locales updated from [] to [fr_FR]
06-29 07:55:13.450  1464  9090 V Configuration: Updating configuration, locales updated from [] to [fr_FR]
06-29 07:55:13.451  1464  9090 V Configuration: Updating configuration, locales updated from [] to [fr_FR]
06-29 07:55:13.451  1464  9090 V Configuration: Updating configuration, locales updated from [] to [fr_FR]
06-29 07:55:13.451  1464  9090 V Configuration: Updating configuration, locales updated from [] to [fr_FR]
06-29 07:55:13.451  1464  9090 V Configuration: Updating configuration, locales updated from [] to [fr_FR]
06-29 07:55:13.451  1464  9090 V Configuration: Updating configuration, locales updated from [] to [fr_FR]
06-29 07:55:13.452  1464  9090 V Configuration: Updating configuration, locales updated from [] to [fr_FR]
06-29 07:55:13.452  1464  9090 V Configuration: Updating configuration, locales updated from [] to [fr_FR]
06-29 07:55:13.452  1464  9090 V Configuration: Updating configuration, locales updated from [] to [fr_FR]
06-29 07:55:13.452  1464  9090 V Configuration: Updating configuration, locales updated from [] to [fr_FR]
06-29 07:55:13.452  1464  9090 D IntervalStats: Unable to parse usage stats packages: [567, 631, 632, 633]
06-29 07:55:13.455 25198 25198 D ActivityThread: Package [com.google.android.aicore] reported as REPLACED, but missing application info. Assuming REMOVED.
06-29 07:55:13.456 22594 22594 D ActivityThread: Package [com.google.android.aicore] reported as REPLACED, but missing application info. Assuming REMOVED.
06-29 07:55:13.458  5324  5324 D ActivityThread: Package [com.google.android.aicore] reported as REPLACED, but missing application info. Assuming REMOVED.
06-29 07:55:13.459  5324  5324 D ActivityThread: Package [com.google.android.aicore] reported as REPLACED, but missing application info. Assuming REMOVED.
06-29 07:55:13.460  4138  4138 D ActivityThread: Package [com.google.android.aicore] reported as REPLACED, but missing application info. Assuming REMOVED.
06-29 07:55:13.462  1464  1759 W ActivityManager: Stale PhantomProcessRecord {f12cb48 17412:1464:clatd-rmnet1/1000}, removing
06-29 07:55:13.483  1464  2482 D CompatChangeReporter: Compat change id reported: 151861875; UID 1001000; state: ENABLED
06-29 07:55:13.486  1464  2004 D ActivityManager: freezing 8177 com.huawei.health
06-29 07:55:13.492  1464  2031 W MagnificationConnectionManager: requestConnection duplicated request: connect=false, mConnectionState=DISCONNECTED
06-29 07:55:13.495  1464  2031 W MagnificationConnectionManager: requestConnection duplicated request: connect=false, mConnectionState=DISCONNECTED
06-29 07:55:13.499  6545  6545 D ActivityThread: Package [com.google.android.aicore] reported as REPLACED, but missing application info. Assuming REMOVED.
06-29 07:55:13.501  1464  1722 W UserManagerService: onPackageModified for another profile 0 from 10
06-29 07:55:13.543  9771  9771 D ActivityThread: Package [com.google.android.aicore] reported as REPLACED, but missing application info. Assuming REMOVED.
06-29 07:55:13.545  1464  2134 D BackgroundInstallControlService: Package event received: 0
06-29 07:55:13.546  1464  1464 D ActivityManager: sync unfroze 5380 com.google.android.odad for 6
06-29 07:55:13.547  1464  2134 D BackgroundInstallControlService: Package event received: 0
06-29 07:55:13.551  5380  5380 D ActivityThread: Package [com.google.android.aicore] reported as REPLACED, but missing application info. Assuming REMOVED.
06-29 07:55:13.552  5380  5380 D ActivityThread: Package [com.google.android.aicore] reported as REPLACED, but missing application info. Assuming REMOVED.
06-29 07:55:13.554  9771  9771 D ActivityThread: Package [com.google.android.aicore] reported as REPLACED, but missing application info. Assuming REMOVED.
06-29 07:55:13.560  1464  1464 I RemoteContentProtectionService: Connection status for: ComponentInfo{com.google.android.odad/com.google.android.apps.miphone.odad.contentprotection.ContentProtectionService} changed to: connected
06-29 07:55:13.564 24660 24660 D ActivityThread: Package [com.google.android.aicore] reported as REPLACED, but missing application info. Assuming REMOVED.
06-29 07:55:13.566  1464  2133 D ShortcutService: received package broadcast intent: Intent { act=android.intent.action.PACKAGE_ADDED dat=package: flg=0x4000010 (has extras) }
06-29 07:55:13.566  1464  2133 D ShortcutService: replacing package: com.google.android.aicore userId=0
06-29 07:55:13.567  1464  2133 D ShortcutService: received package broadcast intent: Intent { act=android.intent.action.PACKAGE_ADDED dat=package: flg=0x4000010 (has extras) }
06-29 07:55:13.567  1464  2133 D ShortcutService: replacing package: com.google.android.aicore userId=10
06-29 07:55:13.570  1464  2084 E AppOps  : attributionTag VCN not declared in manifest of android
06-29 07:55:13.574 24670 24670 D ActivityThread: Package [com.google.android.aicore] reported as REPLACED, but missing application info. Assuming REMOVED.
06-29 07:55:13.579  1464  2084 E AppOps  : attributionTag VCN not declared in manifest of android
06-29 07:55:13.579  1464  1464 D TransparencyService: com.google.android.aicore was updated. Scheduling measurement...
06-29 07:55:13.579  1464  1464 I TransparencyService: Scheduling binary content-digest computation job
06-29 07:55:13.579  1464  1464 D TransparencyService: A measurement job has already been scheduled.
06-29 07:55:13.585  1464  2134 D BackgroundInstallControlService: Package event received: 0
06-29 07:55:13.585  1464  4734 D ActivityManager: sync unfroze 3887 com.google.android.euicc for 6
06-29 07:55:13.587  1464  2134 D BackgroundInstallControlService: Package event received: 0
06-29 07:55:13.598  1464  3539 W AppOpService: Ignored setUidMode call for runtime permission app op: uid = 10139, code = READ_CELL_BROADCASTS, mode = allow, callingUid = 1001, oldMode = allow
06-29 07:55:13.600  3887  3887 D ActivityThread: Package [com.google.android.aicore] reported as REPLACED, but missing application info. Assuming REMOVED.
06-29 07:55:13.600  1464  5008 W AppOpService: Ignored setUidMode call for runtime permission app op: uid = 1001, code = READ_SMS, mode = allow, callingUid = 1001, oldMode = allow
06-29 07:55:13.603  1464  5008 W AppOpService: Ignored setUidMode call for runtime permission app op: uid = 1001, code = RECEIVE_SMS, mode = allow, callingUid = 1001, oldMode = allow
06-29 07:55:13.603  1464  2482 W AppOpService: Ignored setUidMode call for runtime permission app op: uid = 1001, code = RECEIVE_WAP_PUSH, mode = allow, callingUid = 1001, oldMode = allow
06-29 07:55:13.603  1464  5008 W AppOpService: Ignored setUidMode call for runtime permission app op: uid = 1001, code = SEND_SMS, mode = allow, callingUid = 1001, oldMode = allow
06-29 07:55:13.604  1464  1973 W AppOpService: Ignored setUidMode call for runtime permission app op: uid = 1001, code = READ_CELL_BROADCASTS, mode = allow, callingUid = 1001, oldMode = allow
06-29 07:55:13.605  3887  3887 D ActivityThread: Package [com.google.android.aicore] reported as REPLACED, but missing application info. Assuming REMOVED.
06-29 07:55:13.615  1464  1723 D ActivityManager: sync unfroze 5433 com.android.vending:instant_app_installer for 3
06-29 07:55:13.615  1464  1464 W AlarmManager: Package com.google.android.aicore, uid 10129 lost permission to set exact alarms!
06-29 07:55:13.616  1464  1464 W AlarmManager: Package com.google.android.aicore, uid 1010129 lost permission to set exact alarms!
06-29 07:55:13.623  1464  4008 W AppOpService: Ignored setUidMode call for runtime permission app op: uid = 10139, code = READ_CELL_BROADCASTS, mode = allow, callingUid = 1001, oldMode = allow
06-29 07:55:13.625  1464  3539 W AppOpService: Ignored setUidMode call for runtime permission app op: uid = 1001, code = READ_SMS, mode = allow, callingUid = 1001, oldMode = allow
06-29 07:55:13.626  1464  3539 W AppOpService: Ignored setUidMode call for runtime permission app op: uid = 1001, code = RECEIVE_SMS, mode = allow, callingUid = 1001, oldMode = allow
06-29 07:55:13.629  1464  1973 W AppOpService: Ignored setUidMode call for runtime permission app op: uid = 1001, code = RECEIVE_WAP_PUSH, mode = allow, callingUid = 1001, oldMode = allow
06-29 07:55:13.629  1464  3539 W AppOpService: Ignored setUidMode call for runtime permission app op: uid = 1001, code = SEND_SMS, mode = allow, callingUid = 1001, oldMode = allow
06-29 07:55:13.630  1464  1973 W AppOpService: Ignored setUidMode call for runtime permission app op: uid = 1001, code = READ_CELL_BROADCASTS, mode = allow, callingUid = 1001, oldMode = allow
06-29 07:55:13.631  5433  5433 D ActivityThread: Package [com.google.android.aicore] reported as REPLACED, but missing application info. Assuming REMOVED.
06-29 07:55:13.643  5433  5433 D ActivityThread: Package [com.google.android.aicore] reported as REPLACED, but missing application info. Assuming REMOVED.
06-29 07:55:13.643  1464  2482 W AppOpService: Ignored setUidMode call for runtime permission app op: uid = 10139, code = READ_CELL_BROADCASTS, mode = allow, callingUid = 1001, oldMode = allow
06-29 07:55:13.645 24670 24670 D ActivityThread: Package [com.google.android.aicore] reported as REPLACED, but missing application info. Assuming REMOVED.
06-29 07:55:13.645  1464  2482 W AppOpService: Ignored setUidMode call for runtime permission app op: uid = 1001, code = READ_SMS, mode = allow, callingUid = 1001, oldMode = allow
06-29 07:55:13.645  1464  1723 D CompatChangeReporter: Compat change id reported: 151861875; UID 10129; state: ENABLED
06-29 07:55:13.649  1464  4734 W AppOpService: Ignored setUidMode call for runtime permission app op: uid = 1001, code = RECEIVE_SMS, mode = allow, callingUid = 1001, oldMode = allow
06-29 07:55:13.649  1464  4734 W AppOpService: Ignored setUidMode call for runtime permission app op: uid = 1001, code = RECEIVE_WAP_PUSH, mode = allow, callingUid = 1001, oldMode = allow
06-29 07:55:13.653  1464  3539 W AppOpService: Ignored setUidMode call for runtime permission app op: uid = 1001, code = SEND_SMS, mode = allow, callingUid = 1001, oldMode = allow
06-29 07:55:13.656  1464  4008 W AppOpService: Ignored setUidMode call for runtime permission app op: uid = 1001, code = READ_CELL_BROADCASTS, mode = allow, callingUid = 1001, oldMode = allow
06-29 07:55:13.657 24660 24660 D ActivityThread: Package [com.google.android.aicore] reported as REPLACED, but missing application info. Assuming REMOVED.
06-29 07:55:13.661  1464  1724 I ActivityManager: Start proc 9143:com.google.android.aicore/u0a129 for broadcast {com.google.android.aicore/com.google.android.apps.aicore.app.preload.PreloadModelBroadcastReceiver}
06-29 07:55:13.668  1464  4000 W AppOpService: Ignored setUidMode call for runtime permission app op: uid = 10139, code = READ_CELL_BROADCASTS, mode = allow, callingUid = 1001, oldMode = allow
06-29 07:55:13.670  1464  4734 W AppOpService: Ignored setUidMode call for runtime permission app op: uid = 1001, code = READ_SMS, mode = allow, callingUid = 1001, oldMode = allow
06-29 07:55:13.670  1464  4008 W AppOpService: Ignored setUidMode call for runtime permission app op: uid = 1001, code = RECEIVE_SMS, mode = allow, callingUid = 1001, oldMode = allow
06-29 07:55:13.671  1464  5008 W AppOpService: Ignored setUidMode call for runtime permission app op: uid = 1001, code = RECEIVE_WAP_PUSH, mode = allow, callingUid = 1001, oldMode = allow
06-29 07:55:13.671  1464  2482 W AppOpService: Ignored setUidMode call for runtime permission app op: uid = 1001, code = SEND_SMS, mode = allow, callingUid = 1001, oldMode = allow
06-29 07:55:13.671  1464  4734 W AppOpService: Ignored setUidMode call for runtime permission app op: uid = 1001, code = READ_CELL_BROADCASTS, mode = allow, callingUid = 1001, oldMode = allow
06-29 07:55:13.727  5316  5316 D ActivityThread: Package [com.google.android.aicore] reported as REPLACED, but missing application info. Assuming REMOVED.
06-29 07:55:13.728  5316  5316 D ActivityThread: Package [com.google.android.aicore] reported as REPLACED, but missing application info. Assuming REMOVED.
06-29 07:55:13.762  1464  5008 D CompatChangeReporter: Compat change id reported: 311208629; UID 1001000; state: ENABLED
06-29 07:55:13.790  1464  1724 I ActivityManager: Start proc 9174:com.google.android.aicore/u10a129 for broadcast {com.google.android.aicore/com.google.android.apps.aicore.app.preload.PreloadModelBroadcastReceiver}
06-29 07:55:13.835  1464  2482 I ActivityManager: Background started FGS: Allowed [callingPackage: com.google.android.odad; callingUid: 10110; uidState: IMPF; uidBFSL: n/a; intent: Intent { cmp=com.google.android.odad/com.google.android.apps.miphone.odad.backgroundwork.impl.WorkService (has extras) }; code:BACKGROUND_ACTIVITY_PERMISSION; tempAllowListReason:<null>; targetSdkVersion:35; callerTargetSdkVersion:35; startForegroundCount:0; bindFromPackage:null: isBindService:false]
06-29 07:55:13.840  1464  4008 W ForegroundServiceTypeLoggerModule: Foreground service start for UID: 10110 does not have any types
06-29 07:55:13.840  1464  2134 D BackgroundInstallControlService: Package event received: 0
06-29 07:55:14.021  1464  3539 W ForegroundServiceTypeLoggerModule: FGS stop call for: 10110 has no types!
06-29 07:55:14.022  1464  2134 D BackgroundInstallControlService: Package event received: 0
06-29 07:55:14.023  1464  2134 D BackgroundInstallControlService: Package event received: 0
06-29 07:55:14.077  1464  2134 D BackgroundInstallControlService: Package event received: 0
06-29 07:55:14.101  1464  2134 D BackgroundInstallControlService: Package event received: 0
06-29 07:55:14.102  1464  2134 D BackgroundInstallControlService: Package event received: 0
06-29 07:55:14.102  1464  2134 D BackgroundInstallControlService: Package event received: 0
06-29 07:55:14.103  1464  2134 D BackgroundInstallControlService: Package event received: 0
06-29 07:55:14.107  1464  2134 D BackgroundInstallControlService: Package event received: 0
06-29 07:55:14.449  1464  4000 W ActivityManager: pid 25198 com.android.vending:background sent binder code 2 with flags 1 to frozen apps and got error -32
06-29 07:55:14.449  1464  1973 I ActivityManager: Process com.android.vending (pid 5316) has died: fg  RCVR
06-29 07:55:14.452  1464  4000 W ActivityManager: pid 22594 com.android.vending:quick_launch sent binder code 2 with flags 1 to frozen apps and got error -32
06-29 07:55:14.452  1464  4000 D ActivityManager: Too many transaction errors, throttling freezer binder callback.
06-29 07:55:14.495  1464  1724 I ActivityManager: Start proc 9258:com.android.vending/u10a158 for broadcast {com.android.vending/com.google.android.finsky.packagemonitor.impl.PackageMonitorReceiverImpl$RegisteredReceiver}
06-29 07:55:14.521  1464  4000 D CompatChangeReporter: Compat change id reported: 151861875; UID 1010158; state: ENABLED
06-29 07:55:14.525  1464  2134 D BackgroundInstallControlService: Package event received: 0
06-29 07:55:14.529  1464  2134 D BackgroundInstallControlService: Package event received: 0
06-29 07:55:14.530  1464  2134 D BackgroundInstallControlService: Package event received: 0
06-29 07:55:14.953  1464  2004 W ActivityManager: pid 4189 has 0 free async space, killing
06-29 07:55:14.954  1464  1723 I ActivityManager: Killing 4189:com.microsoft.office.outlook/u0a365 (adj 925): Async binder space running out while frozen
06-29 07:55:15.217  1464  2004 D ActivityManager: freezing 16778 com.google.android.apps.turbo:aab
06-29 07:55:15.217  1464  5003 D CompatChangeReporter: Compat change id reported: 311402873; UID 10129; state: ENABLED
06-29 07:55:15.217  1464  5003 D CompatChangeReporter: Compat change id reported: 323349338; UID 10129; state: ENABLED
06-29 07:55:15.219  1464  2004 D ActivityManager: freezing 8756 com.google.android.as.oss:learning_bg
06-29 07:55:15.414  1464  4000 D ActivityManager: sync unfroze 30541 com.microsoft.windowsintune.companyportal:omadm_client_process for 5
06-29 07:55:15.416  1464  4000 D CompatChangeReporter: Compat change id reported: 311208629; UID 10483; state: ENABLED
06-29 07:55:15.416 30541 30541 D ActivityThread: Package [com.google.android.aicore] reported as REPLACED, but missing application info. Assuming REMOVED.
06-29 07:55:15.418 30541 30541 D ActivityThread: Package [com.google.android.aicore] reported as REPLACED, but missing application info. Assuming REMOVED.
06-29 07:55:15.421  1464  1707 D DisplayManagerService: Drop pending events for gone uid 10365
06-29 07:55:15.441  1464  2134 D BackgroundInstallControlService: Package event received: 0
06-29 07:55:15.447  1464  4706 D ActivityManager: sync unfroze 3415 com.google.android.rkpdapp for 6
06-29 07:55:15.448  1464  2134 D BackgroundInstallControlService: Package event received: 0
06-29 07:55:15.451  3415  3415 D ActivityThread: Package [com.google.android.aicore] reported as REPLACED, but missing application info. Assuming REMOVED.
06-29 07:55:15.453  3415  3415 D ActivityThread: Package [com.google.android.aicore] reported as REPLACED, but missing application info. Assuming REMOVED.
06-29 07:55:15.572  1464  2474 D CompatChangeReporter: Compat change id reported: 311208629; UID 10129; state: ENABLED
06-29 07:55:15.683  1464  5011 D CompatChangeReporter: Compat change id reported: 319212206; UID 1010158; state: ENABLED
06-29 07:55:16.051  1464  2004 D ActivityManager: freezing 26419 com.google.android.youtube
06-29 07:55:16.062  1464  4706 W ActivityManager: pid 24670 com.android.vending:background sent binder code 2 with flags 1 to frozen apps and got error -32
06-29 07:55:16.062  1464  4706 D ActivityManager: Too many transaction errors, throttling freezer binder callback.
06-29 07:55:16.089  1464  2004 D ActivityManager: freezing 26835 com.android.chrome
06-29 07:55:16.104  1464  2004 D ActivityManager: freezing 27041 com.android.chrome:sandboxed_process0:org.chromium.content.app.SandboxedProcessService0:0
06-29 07:55:16.275     0     0 I trusty  : INFO: system/keymint/ta/src/lib.rs:949 add 64 bytes of entropy
06-29 07:55:16.426  1464  2134 D BackgroundInstallControlService: Package event received: 0
06-29 07:55:16.566  1464  1464 I RemoteContentProtectionService: Connection status for: ComponentInfo{com.google.android.odad/com.google.android.apps.miphone.odad.contentprotection.ContentProtectionService} changed to: disconnected
06-29 07:55:16.667  1464  5011 I ContentCaptureManagerService: Data share request accepted by Content Capture service
06-29 07:55:16.776  1464  2134 D BackgroundInstallControlService: Package event received: 0
06-29 07:55:16.782  1464  2134 D BackgroundInstallControlService: Package event received: 0
06-29 07:55:16.787  1464  2134 D BackgroundInstallControlService: Package event received: 0
06-29 07:55:17.620  1464  2929 I ContentCaptureManagerService: Data share request accepted by Content Capture service
06-29 07:55:17.851  1464  2004 D ActivityManager: freezing 7527 com.google.android.webview:webview_service
06-29 07:55:18.913  1464  2004 D ActivityManager: freezing 8964 com.google.android.webview:webview_apk
06-29 07:55:18.915  1464  2004 D ActivityManager: freezing 22862 com.google.android.webview:webview_service
06-29 07:55:19.055  1464  2134 D BackgroundInstallControlService: Package event received: 0
06-29 07:55:19.062  1464  2134 D BackgroundInstallControlService: Package event received: 0
06-29 07:55:19.062  1464  2134 D BackgroundInstallControlService: Package event received: 0
06-29 07:55:19.831  1464  2004 D ActivityManager: freezing 25218 com.google.android.dialer
06-29 07:55:20.114  1464  1722 W ProcessStats: Tracking association SourceState{290b9f7 com.huawei.health:PhoneService/10278 Fgs #2839082} whose proc state 3 is better than process ProcessState{d9b6ae1 com.huawei.health:DaemonService/10278 pkg=com.huawei.health} proc state 4 (141 skipped)
06-29 07:55:21.760  1464  2929 D CompatChangeReporter: Compat change id reported: 297989574; UID 1010158; state: ENABLED
06-29 07:55:22.099  1464  2004 D ActivityManager: freezing 8773 com.android.calllogbackup
06-29 07:55:22.100  1464  2004 D ActivityManager: freezing 5472 com.google.android.apps.maps
06-29 07:55:22.110  1464  2004 D ActivityManager: freezing 4332 com.google.android.projection.gearhead:car
06-29 07:55:23.105  1464  2134 D BackgroundInstallControlService: Package event received: 0
06-29 07:55:23.109  1464  2134 D BackgroundInstallControlService: Package event received: 0
06-29 07:55:23.111  1464  2134 D BackgroundInstallControlService: Package event received: 0
06-29 07:55:23.657  1464  2004 D ActivityManager: freezing 5433 com.android.vending:instant_app_installer
06-29 07:55:24.479  1464  2004 D ActivityManager: freezing 22594 com.android.vending:quick_launch
06-29 07:55:24.673  1464  2134 D BackgroundInstallControlService: Package event received: 0
06-29 07:55:25.431  1464  2004 D ActivityManager: freezing 30541 com.microsoft.windowsintune.companyportal:omadm_client_process
06-29 07:55:25.438  1464  2004 D ActivityManager: freezing 25198 com.android.vending:background
06-29 07:55:25.442  1464  2004 D ActivityManager: freezing 9258 com.android.vending
06-29 07:55:25.476  1464  2004 D ActivityManager: freezing 3415 com.google.android.rkpdapp
06-29 07:55:26.568  1464  2004 D ActivityManager: freezing 5380 com.google.android.odad
06-29 07:55:26.676   544  8304 I keystore2: system/security/keystore2/watchdog/src/lib.rs:356 - Watchdog thread idle -> terminating. Have a great day.
06-29 07:55:30.220  1464  1722 W UserManagerService: onShortcutChanged for another profile 0 from 10
06-29 07:55:30.221  1464  1722 W UserManagerService: onShortcutChanged for another profile 0 from 10
06-29 07:55:30.222  1464  1722 W UserManagerService: onShortcutChanged for another profile 0 from 10
06-29 07:55:30.223  1464  1722 W UserManagerService: onShortcutChanged for another profile 0 from 10
06-29 07:55:30.225  1464  1722 W UserManagerService: onShortcutChanged for another profile 0 from 10
06-29 07:55:30.227  1464  1722 W UserManagerService: onShortcutChanged for another profile 0 from 10
06-29 07:55:30.233  1464  1722 W UserManagerService: onShortcutChanged for another profile 0 from 10
06-29 07:55:30.235  1464  1722 W UserManagerService: onShortcutChanged for another profile 0 from 10
06-29 07:55:30.236  1464  1722 W UserManagerService: onShortcutChanged for another profile 0 from 10
06-29 07:55:30.237  1464  1722 W UserManagerService: onShortcutChanged for another profile 0 from 10
06-29 07:55:30.238  1464  1722 W UserManagerService: onShortcutChanged for another profile 0 from 10
06-29 07:55:30.240  1464  1722 W UserManagerService: onShortcutChanged for another profile 0 from 10
06-29 07:55:30.241  1464  1722 W UserManagerService: onShortcutChanged for another profile 0 from 10
06-29 07:55:30.243  1464  1722 W UserManagerService: onShortcutChanged for another profile 0 from 10
06-29 07:55:30.245  1464  1722 W UserManagerService: onShortcutChanged for another profile 0 from 10
06-29 07:55:30.247  1464  1722 W UserManagerService: onShortcutChanged for another profile 0 from 10
06-29 07:55:30.251  1464  1722 W UserManagerService: onShortcutChanged for another profile 0 from 10
06-29 07:55:30.251  1464  1722 W UserManagerService: onShortcutChanged for another profile 0 from 10
06-29 07:55:30.253  1464  1722 W UserManagerService: onShortcutChanged for another profile 0 from 10
06-29 07:55:30.254  1464  1722 W UserManagerService: onShortcutChanged for another profile 0 from 10
06-29 07:55:30.255  1464  1722 W UserManagerService: onShortcutChanged for another profile 0 from 10
06-29 07:55:30.256  1464  1722 W UserManagerService: onShortcutChanged for another profile 0 from 10
06-29 07:55:30.257  1464  1722 W UserManagerService: onShortcutChanged for another profile 0 from 10
06-29 07:55:30.257  1464  1722 W UserManagerService: onShortcutChanged for another profile 0 from 10
06-29 07:55:30.258  1464  1722 W UserManagerService: onShortcutChanged for another profile 0 from 10
06-29 07:55:30.259  1464  1722 W UserManagerService: onShortcutChanged for another profile 0 from 10
06-29 07:55:30.260  1464  1722 W UserManagerService: onShortcutChanged for another profile 0 from 10
06-29 07:55:30.261  1464  1722 W UserManagerService: onShortcutChanged for another profile 0 from 10
06-29 07:55:30.262  1464  1722 W UserManagerService: onShortcutChanged for another profile 0 from 10
06-29 07:55:30.263  1464  1722 W UserManagerService: onShortcutChanged for another profile 0 from 10
06-29 07:55:30.263  1464  1722 W UserManagerService: onShortcutChanged for another profile 0 from 10
06-29 07:55:30.264  1464  1722 W UserManagerService: onShortcutChanged for another profile 0 from 10
06-29 07:55:30.265  1464  1722 W UserManagerService: onShortcutChanged for another profile 0 from 10
06-29 07:55:30.267  1464  1722 W UserManagerService: onShortcutChanged for another profile 0 from 10
06-29 07:55:30.267  1464  1722 W UserManagerService: onShortcutChanged for another profile 0 from 10
06-29 07:55:30.268  1464  1722 W UserManagerService: onShortcutChanged for another profile 0 from 10
06-29 07:55:30.268  1464  1722 W UserManagerService: onShortcutChanged for another profile 0 from 10
06-29 07:55:30.269  1464  1722 W UserManagerService: onShortcutChanged for another profile 0 from 10
06-29 07:55:30.270  1464  1722 W UserManagerService: onShortcutChanged for another profile 0 from 10
06-29 07:55:30.271  1464  1722 W UserManagerService: onShortcutChanged for another profile 0 from 10
06-29 07:55:30.272  1464  1722 W UserManagerService: onShortcutChanged for another profile 0 from 10
06-29 07:55:30.273  1464  1722 W UserManagerService: onShortcutChanged for another profile 0 from 10
06-29 07:55:30.274  1464  1722 W UserManagerService: onShortcutChanged for another profile 0 from 10
06-29 07:55:30.274  1464  1722 W UserManagerService: onShortcutChanged for another profile 0 from 10
06-29 07:55:30.276  1464  1722 W UserManagerService: onShortcutChanged for another profile 0 from 10
06-29 07:55:30.277  1464  1722 W UserManagerService: onShortcutChanged for another profile 0 from 10
06-29 07:55:30.278  1464  1722 W UserManagerService: onShortcutChanged for another profile 0 from 10
06-29 07:55:30.279  1464  1722 W UserManagerService: onShortcutChanged for another profile 0 from 10
06-29 07:55:30.280  1464  1722 W UserManagerService: onShortcutChanged for another profile 0 from 10
06-29 07:55:30.281  1464  1722 W UserManagerService: onShortcutChanged for another profile 0 from 10
06-29 07:55:30.282  1464  8488 I UsageStatsService: Returning backup payload for u=0
06-29 07:55:30.282  1464  8488 I UsageStatsService: User[0] Flushing usage stats to disk
06-29 07:55:30.282  1464  1722 W UserManagerService: onShortcutChanged for another profile 0 from 10
06-29 07:55:30.283  1464  1722 W UserManagerService: onShortcutChanged for another profile 0 from 10
06-29 07:55:30.284  1464  1722 W UserManagerService: onShortcutChanged for another profile 0 from 10
