06-29 07:52:46.845  2170  2194 D RemoteTransitionHandler: Found filterPair{{types=[] flags=0x0] notFlags=0x100 checks=[{atype=home independent=true modes=[OPEN,TO_FRONT] flags=NONE mustBeTask=false order=TOP topActivity=ComponentInfo{com.google.android.apps.nexuslauncher/com.google.android.apps.nexuslauncher.NexusLauncherActivity} launchCookie=null windowingMode=undefined},{atype=standard independent=true modes=[CLOSE,TO_BACK] flags=NONE mustBeTask=false order=ANY topActivity=null launchCookie=null windowingMode=undefined},{NOT atype=undefined independent=true modes=[] flags=NONE mustBeTask=true order=ANY topActivity=null launchCookie=null customAnim=true windowingMode=undefined}]} RemoteTransition { remoteTransition = android.window.IRemoteTransition$Stub$Proxy@f321d56, appThread = android.app.IApplicationThread$Stub$Proxy@3cae1d7, debugName = QuickstepLaunchHome }}
06-29 07:52:46.845  2170  2194 V WindowManagerShell:  Delegate animation for (#11734) to RemoteTransition { remoteTransition = android.window.IRemoteTransition$Stub$Proxy@f321d56, appThread = android.app.IApplicationThread$Stub$Proxy@3cae1d7, debugName = QuickstepLaunchHome }
06-29 07:52:46.849  1464  1464 I ConditionProviders: Disallowing condition provider com.maxime.heron.monpetitroadtrip.debug (userSet: true)
06-29 07:52:46.856  1464  1706 V WindowManager: Sent Transition (#11734) createdAt=06-29 07:52:46.809 via request=TransitionRequestInfo { type = CLOSE, triggerTask = TaskInfo{userId=0 taskId=7774 effectiveUid=1000 displayId=0 isRunning=false baseIntent=Intent { act=android.settings.APPLICATION_DETAILS_SETTINGS dat=package: flg=0x10008000 cmp=com.android.settings/.applications.InstalledAppDetails } baseActivity=null topActivity=null origActivity=ComponentInfo{com.android.settings/com.android.settings.applications.InstalledAppDetails} realActivity=ComponentInfo{com.android.settings/com.android.settings.applications.InstalledAppDetailsTop} numActivities=0 lastActiveTime=2080538800 supportsMultiWindow=true resizeMode=1 isResizeable=true minWidth=-1 minHeight=-1 defaultMinSize=220 token=WCT{RemoteToken{1da4a1a Task{288726a #7774 type=standard A=1000:com.android.settings}}} topActivityType=1 pictureInPictureParams=null shouldDockBigOverlays=false launchIntoPipHostTaskId=-1 lastParentTaskIdBeforePip=-1 displayCutoutSafeInsets=Rect(0, 0 - 0, 0) topActivityInfo=null launchCookies=[android.os.BinderProxy@f6c1f28] positionInParent=Point(0, 0) parentTaskId=-1 isFocused=true isVisible=true isVisibleRequested=true isTopActivityNoDisplay=false isSleeping=false locusId=null displayAreaFeatureId=1 isTopActivityTransparent=false isActivityStackTransparent=true lastNonFullscreenBounds=Rect(260, 647 - 749, 1655) capturedLink=null capturedLinkTimestamp=0 requestedVisibleTypes=-9 topActivityRequestOpenInBrowserEducationTimestamp=0 appCompatTaskInfo=AppCompatTaskInfo { topActivityInSizeCompat=false eligibleForLetterboxEducation= false isLetterboxEducationEnabled= false isLetterboxDoubleTapEnabled= false eligibleForUserAspectRatioButton= false topActivityBoundsLetterboxed= false isFromLetterboxDoubleTap= false topActivityLetterboxVerticalPosition= -1 topActivityLetterboxHorizontalPosition= -1 topActivityLetterboxWidth=-1 topActivityLetterboxHeight=-1 topActivityLetterboxAppWidth=-1 topActivityLetterboxAppHeight=-1 isUserFullscreenOverrideEnabled=false isSystemFullscreenOverrideEnabled=false hasMinAspectRatioOverride=false topActivityLetterboxBounds=null cameraCompatTaskInfo=CameraCompatTaskInfo { freeformCameraCompatMode=inactive}} topActivityMainWindowFrame=null}, pipChange = null, remoteTransition = null, displayChange = null, flags = 0, debugId = 11734 }
06-29 07:52:46.856  1464  1706 V WindowManager:     startWCT=WindowContainerTransaction { changes= {} hops= [] errorCallbackToken=null taskFragmentOrganizer=null }
06-29 07:52:46.856  1464  1706 V WindowManager:     info={id=11734 t=CLOSE f=0x0 trk=0 r=[0@Point(0, 0)] c=[
06-29 07:52:46.856  1464  1706 V WindowManager:         {WCT{RemoteToken{a1778f Task{36eeeef #1 type=home}}} m=TO_FRONT f=SHOW_WALLPAPER|MOVE_TO_TOP leash=Surface(name=Task=1)/@0x6eb5566 sb=Rect(0, 0 - 1008, 2244) eb=Rect(0, 0 - 1008, 2244) epz=Point(1008, 2244) d=0 taskParent=-1},
06-29 07:52:46.856  1464  1706 V WindowManager:         {WCT{RemoteToken{1da4a1a Task{288726a #7774 type=standard A=1000:com.android.settings}}} m=CLOSE f=NONE leash=Surface(name=Task=7774)/@0x6538b3c sb=Rect(0, 0 - 1008, 2244) eb=Rect(0, 0 - 1008, 2244) epz=Point(1008, 2244) d=0 taskParent=-1},
06-29 07:52:46.856  1464  1706 V WindowManager:         {m=TO_FRONT f=IS_WALLPAPER leash=Surface(name=WallpaperWindowToken{a2c5a4c token=android.os.Binder@fc70a7f})/@0x1695aa8 sb=Rect(0, 0 - 1008, 2244) eb=Rect(0, 0 - 1008, 2244) epz=Point(1008, 2244) d=0}
06-29 07:52:46.856  1464  1706 V WindowManager:     ]}
06-29 07:52:46.857  2170  2194 V WindowManagerShell:  animated by com.android.wm.shell.transition.RemoteTransitionHandler@98fd9c9
06-29 07:52:46.864  1464  2473 W UserManagerService: Requested status bar icon for non-badged user 0
06-29 07:52:46.875  1464  1632 W PackageConfigPersister: App-specific configuration not found for packageName: com.google.android.apps.nexuslauncher and userId: 0
06-29 07:52:46.909  1464  2085 D CompatChangeReporter: Compat change id reported: 331793339; UID 10289; state: LOGGED
06-29 07:52:47.064  1464  2134 D BackgroundInstallControlService: Package event received: 0
06-29 07:52:47.064  1464  2134 D BackgroundInstallControlService: Package event received: 0
06-29 07:52:47.066  1464  2134 D BackgroundInstallControlService: Package event received: 0
06-29 07:52:47.068  1464  2134 D BackgroundInstallControlService: Package event received: 0
06-29 07:52:47.069  1464  1722 I CredentialManager: updateProvidersWhenPackageRemoved
06-29 07:52:47.090   544  7484 W keystore2: system/security/keystore2/watchdog/src/lib.rs:131 - ### Keystore Watchdog report - BEGIN ###
06-29 07:52:47.090   544  7484 W keystore2: system/security/keystore2/watchdog/src/lib.rs:140 - When extracting from a bug report, please include this header
06-29 07:52:47.090   544  7484 W keystore2: system/security/keystore2/watchdog/src/lib.rs:141 - and all 1 records below.
06-29 07:52:47.090   544  7484 W keystore2: system/security/keystore2/watchdog/src/lib.rs:181 - ThreadId(13602) KeystoreDB::handle_next_superseded_blob Pending: 500.568237ms Overdue 568.726s
06-29 07:52:47.090   544  7484 W keystore2: system/security/keystore2/watchdog/src/lib.rs:192 - ### Keystore Watchdog report - END ###
06-29 07:52:47.108   544  7484 W keystore2: system/security/keystore2/watchdog/src/lib.rs:131 - ### Keystore Watchdog report - BEGIN ###
06-29 07:52:47.108   544  7484 W keystore2: system/security/keystore2/watchdog/src/lib.rs:140 - When extracting from a bug report, please include this header
06-29 07:52:47.108   544  7484 W keystore2: system/security/keystore2/watchdog/src/lib.rs:141 - and all 6 records below.
06-29 07:52:47.108   544  7484 W keystore2: system/security/keystore2/watchdog/src/lib.rs:181 - ThreadId(65) IKeystoreMaintenance::clearNamespace Pending: 515.787354ms Overdue 15.789266ms
06-29 07:52:47.108   544  7484 W keystore2: system/security/keystore2/watchdog/src/lib.rs:181 - ThreadId(65) KeystoreDB::unbind_keys_for_namespace Pending: 515.677491ms Overdue 15.677816ms
06-29 07:52:47.108   544  7484 W keystore2: system/security/keystore2/watchdog/src/lib.rs:181 - ThreadId(13602) KeystoreDB::handle_next_superseded_blob Pending: 518.8844ms Overdue 18.884969ms
06-29 07:52:47.108   544  7484 W keystore2: system/security/keystore2/watchdog/src/lib.rs:181 - ThreadId(13602) TX_handle_next_superseded_blob Pending: 518.22404ms Overdue 18.225179ms
06-29 07:52:47.108   544  7484 W keystore2: system/security/keystore2/watchdog/src/lib.rs:181 - ThreadId(13602) KeystoreDB::handle_next_superseded_blob load_metadata Pending: 500.37911ms Overdue 379.394s
06-29 07:52:47.108   544  7484 W keystore2: system/security/keystore2/watchdog/src/lib.rs:181 - ThreadId(13602) KeystoreDB::handle_next_superseded_blob delete v2 Pending: 500.365519ms Overdue 365.764s
06-29 07:52:47.108   544  7484 W keystore2: system/security/keystore2/watchdog/src/lib.rs:192 - ### Keystore Watchdog report - END ###
06-29 07:52:47.132  1464  2057 W NetworkPolicy: shared quota unsupported; generating rule for each iface
06-29 07:52:47.140  2170  2194 V WindowManagerShell: Transition animation finished (aborted=false), notifying core (#11734) android.os.BinderProxy@3a9b585@0
06-29 07:52:47.141  1464  1706 V WindowManager: Finish Transition (#11734): created at 06-29 07:52:46.809 collect-started=0.017ms request-sent=0.068ms started=2.265ms ready=31.41ms sent=33.742ms finished=331.417ms
06-29 07:52:47.141  2170  2194 V WindowManagerShell: Track 0 became idle
06-29 07:52:47.141  2170  2194 V WindowManagerShell: All active transition animations finished
06-29 07:52:47.148  1464  1973 W UserManagerService: Requested status bar icon for non-badged user 0
06-29 07:52:47.148  1464  1973 W UserManagerService: Requested status bar icon for non-badged user 0
06-29 07:52:47.240   544  7486 I keystore2: system/security/keystore2/watchdog/src/lib.rs:210 - Watchdog complete for: ThreadId(13602) KeystoreDB::handle_next_superseded_blob delete v2 Pending: 632.437948ms Overdue 132.438274ms
06-29 07:52:47.240   544  7486 I keystore2: system/security/keystore2/watchdog/src/lib.rs:210 - Watchdog complete for: ThreadId(13602) KeystoreDB::handle_next_superseded_blob load_metadata Pending: 632.533895ms Overdue 132.534098ms
06-29 07:52:47.240   544  7486 I keystore2: system/security/keystore2/watchdog/src/lib.rs:210 - Watchdog complete for: ThreadId(13602) TX_handle_next_superseded_blob Pending: 650.393718ms Overdue 150.394776ms
06-29 07:52:47.240   544  7486 I keystore2: system/security/keystore2/watchdog/src/lib.rs:210 - Watchdog complete for: ThreadId(13602) KeystoreDB::handle_next_superseded_blob Pending: 651.098755ms Overdue 151.099122ms
--------- beginning of kernel
06-29 07:52:47.241     0     0 I trusty  : INFO: system/keymint/ta/src/lib.rs:949 add 64 bytes of entropy
06-29 07:52:47.267  1464  1464 W Looper  : Slow dispatch took 367ms main h=com.android.server.accessibility.AccessibilityManagerService$MainHandler c=<recycled PooledLambda@84bc572> m=0
06-29 07:52:47.287  1464  2134 D BackgroundInstallControlService: Package event received: 0
06-29 07:52:47.338   544 15264 I keystore2: system/security/keystore2/watchdog/src/lib.rs:210 - Watchdog complete for: ThreadId(65) KeystoreDB::unbind_keys_for_namespace Pending: 746.184286ms Overdue 246.184652ms
06-29 07:52:47.339   544  7484 W keystore2: system/security/keystore2/watchdog/src/lib.rs:131 - ### Keystore Watchdog report - BEGIN ###
06-29 07:52:47.339   544  7484 W keystore2: system/security/keystore2/watchdog/src/lib.rs:140 - When extracting from a bug report, please include this header
06-29 07:52:47.339   544  7484 W keystore2: system/security/keystore2/watchdog/src/lib.rs:141 - and all 1 records below.
06-29 07:52:47.339   544  7484 W keystore2: system/security/keystore2/watchdog/src/lib.rs:181 - ThreadId(65) IKeystoreMaintenance::clearNamespace Pending: 746.504314ms Overdue 246.505819ms
06-29 07:52:47.339   544  7484 W keystore2: system/security/keystore2/watchdog/src/lib.rs:192 - ### Keystore Watchdog report - END ###
06-29 07:52:47.339   544  7484 W keystore2: system/security/keystore2/watchdog/src/lib.rs:131 - ### Keystore Watchdog report - BEGIN ###
06-29 07:52:47.339   544  7484 W keystore2: system/security/keystore2/watchdog/src/lib.rs:140 - When extracting from a bug report, please include this header
06-29 07:52:47.339   544  7484 W keystore2: system/security/keystore2/watchdog/src/lib.rs:141 - and all 1 records below.
06-29 07:52:47.339   544  7484 W keystore2: system/security/keystore2/watchdog/src/lib.rs:181 - ThreadId(65) IKeystoreMaintenance::clearNamespace Pending: 746.709636ms Overdue 246.711141ms
06-29 07:52:47.339   544  7484 W keystore2: system/security/keystore2/watchdog/src/lib.rs:192 - ### Keystore Watchdog report - END ###
06-29 07:52:47.340   544 15264 I keystore2: system/security/keystore2/watchdog/src/lib.rs:210 - Watchdog complete for: ThreadId(65) IKeystoreMaintenance::clearNamespace Pending: 747.491822ms Overdue 247.493449ms
06-29 07:52:47.342  1464  1464 W Looper  : Slow delivery took 403ms main h=com.android.server.accessibility.AccessibilityManagerService$MainHandler c=<recycled PooledLambda@9d10be1> m=0
06-29 07:52:47.348  1464  2134 D BackgroundInstallControlService: Package event received: 0
06-29 07:52:47.348  1464  1464 W Looper  : Drained
06-29 07:52:47.355  1464 12674 V Configuration: Updating configuration, locales updated from [] to [fr_FR]
06-29 07:52:47.355  1464 12674 V Configuration: Updating configuration, locales updated from [] to [fr_FR]
06-29 07:52:47.355  1464 12674 V Configuration: Updating configuration, locales updated from [] to [fr_FR]
06-29 07:52:47.355  1464 12674 V Configuration: Updating configuration, locales updated from [] to [fr_FR]
06-29 07:52:47.355  1464 12674 V Configuration: Updating configuration, locales updated from [] to [fr_FR]
06-29 07:52:47.362  1464  1464 D ActivityManager: sync unfroze 5380 com.google.android.odad for 6
06-29 07:52:47.366  1464  1988 D CoreBackPreview: Window{384dad0 u0 com.android.settings/com.android.settings.spa.SpaActivity}: Setting back callback null
06-29 07:52:47.368  1464 12674 V Configuration: Updating configuration, locales updated from [] to [fr_FR]
06-29 07:52:47.368  1464 12674 V Configuration: Updating configuration, locales updated from [] to [fr_FR]
06-29 07:52:47.368  1464 12674 V Configuration: Updating configuration, locales updated from [] to [fr_FR]
06-29 07:52:47.368  1464 12674 V Configuration: Updating configuration, locales updated from [] to [fr_FR]
06-29 07:52:47.374  1464 12674 V Configuration: Updating configuration, locales updated from [] to [fr_FR]
06-29 07:52:47.377  1464 12674 V Configuration: Updating configuration, locales updated from [] to [fr_FR]
06-29 07:52:47.378  1464 12674 V Configuration: Updating configuration, locales updated from [] to [fr_FR]
06-29 07:52:47.379  1464  1464 I RemoteContentProtectionService: Connection status for: ComponentInfo{com.google.android.odad/com.google.android.apps.miphone.odad.contentprotection.ContentProtectionService} changed to: connected
06-29 07:52:47.390  1464  1723 D ActivityManager: sync unfroze 22879 com.google.android.videos for 3
06-29 07:52:47.405  1464 12674 V Configuration: Updating configuration, locales updated from [] to [fr_FR]
06-29 07:52:47.405  1464 12674 V Configuration: Updating configuration, locales updated from [] to [fr_FR]
06-29 07:52:47.405  1464 12674 V Configuration: Updating configuration, locales updated from [] to [fr_FR]
06-29 07:52:47.409  1464 12674 V Configuration: Updating configuration, locales updated from [] to [fr_FR]
06-29 07:52:47.409  1464 12674 V Configuration: Updating configuration, locales updated from [] to [fr_FR]
06-29 07:52:47.415  1464 12674 V Configuration: Updating configuration, locales updated from [] to [fr_FR]
06-29 07:52:47.415  1464 12674 V Configuration: Updating configuration, locales updated from [] to [fr_FR]
06-29 07:52:47.415  1464 12674 V Configuration: Updating configuration, locales updated from [] to [fr_FR]
06-29 07:52:47.424  1464 12674 V Configuration: Updating configuration, locales updated from [] to [fr_FR]
06-29 07:52:47.425  1464 12674 V Configuration: Updating configuration, locales updated from [] to [fr_FR]
06-29 07:52:47.425  1464 12674 V Configuration: Updating configuration, locales updated from [] to [fr_FR]
06-29 07:52:47.428  1464 12674 V Configuration: Updating configuration, locales updated from [] to [fr_FR]
06-29 07:52:47.428  1464 12674 V Configuration: Updating configuration, locales updated from [] to [fr_FR]
06-29 07:52:47.430  1464 12674 V Configuration: Updating configuration, locales updated from [] to [fr_FR]
06-29 07:52:47.430  1464 12674 V Configuration: Updating configuration, locales updated from [] to [fr_FR]
06-29 07:52:47.430  1464 12674 V Configuration: Updating configuration, locales updated from [] to [fr_FR]
06-29 07:52:47.430  1464 12674 V Configuration: Updating configuration, locales updated from [] to [fr_FR]
06-29 07:52:47.431  1464 12674 D IntervalStats: Unable to parse usage stats packages: [567, 631, 632, 633]
06-29 07:52:47.432  1464  2134 D BackgroundInstallControlService: Package event received: 0
06-29 07:52:47.432  1464  2134 D BackgroundInstallControlService: Package event received: 0
06-29 07:52:47.432  1464  2134 D BackgroundInstallControlService: Package event received: 0
06-29 07:52:47.432  1464  2134 D BackgroundInstallControlService: Package event received: 0
06-29 07:52:47.432  1464  2134 D BackgroundInstallControlService: Package event received: 0
06-29 07:52:47.433  1464  2134 D BackgroundInstallControlService: Package event received: 0
06-29 07:52:47.435  1464  2031 W MagnificationConnectionManager: requestConnection duplicated request: connect=false, mConnectionState=DISCONNECTED
06-29 07:52:47.463  1464  2473 I ActivityManager: Background started FGS: Allowed [callingPackage: com.google.android.odad; callingUid: 10110; uidState: IMPF; uidBFSL: n/a; intent: Intent { cmp=com.google.android.odad/com.google.android.apps.miphone.odad.backgroundwork.impl.WorkService (has extras) }; code:BACKGROUND_ACTIVITY_PERMISSION; tempAllowListReason:<null>; targetSdkVersion:35; callerTargetSdkVersion:35; startForegroundCount:0; bindFromPackage:null: isBindService:false]
06-29 07:52:47.470  1464  2473 W ForegroundServiceTypeLoggerModule: Foreground service start for UID: 10110 does not have any types
06-29 07:52:47.471  1464  2134 D BackgroundInstallControlService: Package event received: 0
06-29 07:52:47.512  1464  4000 W ForegroundServiceTypeLoggerModule: FGS stop call for: 10110 has no types!
06-29 07:52:47.513  1464  2134 D BackgroundInstallControlService: Package event received: 0
06-29 07:52:47.513  1464  2134 D BackgroundInstallControlService: Package event received: 0
06-29 07:52:47.554  1464  2005 D HintManagerService: Starts cleaning for 10085
06-29 07:52:47.667  1464  1722 D LauncherAppsService: onPackageRemoved: triggering onPackageRemoved for user=UserHandle{0}, packageName=com.maxime.heron.monpetitroadtrip.debug
06-29 07:52:47.667  1464  1722 D LauncherAppsService: onPackageRemoved: triggering onPackageRemoved for user=UserHandle{0}, packageName=com.maxime.heron.monpetitroadtrip.debug
06-29 07:52:47.667  1464  1722 D LauncherAppsService: onPackageRemoved: triggering onPackageRemoved for user=UserHandle{0}, packageName=com.maxime.heron.monpetitroadtrip.debug
06-29 07:52:47.667  1464  1722 W UserManagerService: onPackageRemoved for another profile 0 from 10
06-29 07:52:47.667  1464  1722 D LauncherAppsService: onPackageRemoved: Skipping - profile not enabled or not accessible for user=UserHandle{0}, packageName=com.maxime.heron.monpetitroadtrip.debug
06-29 07:52:47.671  1464  2134 D BackgroundInstallControlService: Package event received: 0
06-29 07:52:47.672  1464  2134 D BackgroundInstallControlService: Package event received: 0
06-29 07:52:47.751  7682  7682 I VirtualizationService: virtualizationservice: Registered Binder service android.system.virtualizationservice.
06-29 07:52:47.753  7682  7682 I VirtualizationService: virtualizationservice: Registered Binder service android.system.virtualizationmaintenance.
06-29 07:52:47.754  7682  7708 I VirtualizationService: virtualizationservice::aidl: packageRemoved(user_id=0, app_id=10490)
06-29 07:52:47.754  7682  7708 I VirtualizationService: virtualizationservice::maintenance: Connecting to android.hardware.security.secretkeeper.ISecretkeeper/default
06-29 07:52:47.756  7682  7708 I VirtualizationService: virtualizationservice::maintenance: re-using existing VM ID DB
06-29 07:52:47.757  7682  7708 I VirtualizationService: virtualizationservice::maintenance: delete_ids_for_app(user_id=0, app_id=10490) removes 0 secrets
06-29 07:52:47.766  1464  1723 D ActivityManager: sync unfroze 3715 com.google.android.apps.nbu.files for 3
06-29 07:52:48.048  1464  1724 I ActivityManager: Start proc 7734:com.google.android.documentsui/u0a90 for broadcast {com.google.android.documentsui/com.android.documentsui.PackageReceiver}
06-29 07:52:48.057  1464  1723 D ActivityManager: sync unfroze 30541 com.microsoft.windowsintune.companyportal:omadm_client_process for 3
06-29 07:52:48.109  1464  1723 D ActivityManager: sync unfroze 1264 android.process.media for 3
06-29 07:52:48.146  1464  4734 D ActivityManager: sync unfroze 25216 com.google.android.apps.docs for 7
06-29 07:52:48.254  1464  2134 D BackgroundInstallControlService: Package event received: 0
06-29 07:52:48.254  1464  2134 D BackgroundInstallControlService: Package event received: 0
06-29 07:52:48.707  1464  2134 D BackgroundInstallControlService: Package event received: 0
06-29 07:52:48.707  1464  2134 D BackgroundInstallControlService: Package event received: 0
06-29 07:52:48.804  1464  1787 I AppsFilter: interaction: PackageSetting{5b67fac com.google.android.microdroid.empty_payload/10260} -> PackageSetting{b72fd98 com.google.android.apps.carrier.carrierwifi/10142} BLOCKED
06-29 07:52:48.808  1464  1722 W UserManagerService: onPackageModified for another profile 0 from 10
06-29 07:52:48.812  1464  2133 D ShortcutService: received package broadcast intent: Intent { act=android.intent.action.PACKAGE_CHANGED dat=package: flg=0x45000010 (has extras) }
06-29 07:52:48.812  1464  2133 D ShortcutService: changing package: com.google.android.apps.carrier.carrierwifi userId=0
06-29 07:52:48.823  1464  1988 W AppOpService: Ignored setUidMode call for runtime permission app op: uid = 10139, code = READ_CELL_BROADCASTS, mode = allow, callingUid = 1001, oldMode = allow
06-29 07:52:48.825  1464  2134 D BackgroundInstallControlService: Package event received: 0
06-29 07:52:48.831  1464  2407 W AppOpService: Ignored setUidMode call for runtime permission app op: uid = 1001, code = READ_SMS, mode = allow, callingUid = 1001, oldMode = allow
06-29 07:52:48.832  1464  5008 W AppOpService: Ignored setUidMode call for runtime permission app op: uid = 1001, code = RECEIVE_SMS, mode = allow, callingUid = 1001, oldMode = allow
06-29 07:52:48.832  1464  2473 W AppOpService: Ignored setUidMode call for runtime permission app op: uid = 1001, code = RECEIVE_WAP_PUSH, mode = allow, callingUid = 1001, oldMode = allow
06-29 07:52:48.833  1464  5008 W AppOpService: Ignored setUidMode call for runtime permission app op: uid = 1001, code = SEND_SMS, mode = allow, callingUid = 1001, oldMode = allow
06-29 07:52:48.833  1464  2473 W AppOpService: Ignored setUidMode call for runtime permission app op: uid = 1001, code = READ_CELL_BROADCASTS, mode = allow, callingUid = 1001, oldMode = allow
06-29 07:52:48.839  1464  2031 W MagnificationConnectionManager: requestConnection duplicated request: connect=false, mConnectionState=DISCONNECTED
06-29 07:52:48.848  1464  2407 W AppOpService: Ignored setUidMode call for runtime permission app op: uid = 10139, code = READ_CELL_BROADCASTS, mode = allow, callingUid = 1001, oldMode = allow
06-29 07:52:48.851  1464  1988 W AppOpService: Ignored setUidMode call for runtime permission app op: uid = 1001, code = READ_SMS, mode = allow, callingUid = 1001, oldMode = allow
06-29 07:52:48.852  1464  2473 W AppOpService: Ignored setUidMode call for runtime permission app op: uid = 1001, code = RECEIVE_SMS, mode = allow, callingUid = 1001, oldMode = allow
06-29 07:52:48.852  1464  2407 W AppOpService: Ignored setUidMode call for runtime permission app op: uid = 1001, code = RECEIVE_WAP_PUSH, mode = allow, callingUid = 1001, oldMode = allow
06-29 07:52:48.853  1464  1988 W AppOpService: Ignored setUidMode call for runtime permission app op: uid = 1001, code = SEND_SMS, mode = allow, callingUid = 1001, oldMode = allow
06-29 07:52:48.853  1464  2473 W AppOpService: Ignored setUidMode call for runtime permission app op: uid = 1001, code = READ_CELL_BROADCASTS, mode = allow, callingUid = 1001, oldMode = allow
06-29 07:52:49.139  1464  2134 D BackgroundInstallControlService: Package event received: 0
06-29 07:52:49.139  1464  2134 D BackgroundInstallControlService: Package event received: 0
06-29 07:52:49.139  1464  2134 D BackgroundInstallControlService: Package event received: 0
06-29 07:52:49.139  1464  2134 D BackgroundInstallControlService: Package event received: 0
06-29 07:52:50.004  1464  1723 D ActivityManager: sync unfroze 4189 com.microsoft.office.outlook for 3
06-29 07:52:50.062  1464  2134 D BackgroundInstallControlService: Package event received: 0
06-29 07:52:50.076  1464  2134 D BackgroundInstallControlService: Package event received: 0
06-29 07:52:50.378  1464  3726 E TaskPersister: File error accessing recents directory (directory doesn't exist?).
06-29 07:52:50.382  1464  1464 I RemoteContentProtectionService: Connection status for: ComponentInfo{com.google.android.odad/com.google.android.apps.miphone.odad.contentprotection.ContentProtectionService} changed to: disconnected
06-29 07:52:50.859  1464  5008 W NotificationService: Toast already killed. pkg=com.google.android.packageinstaller token=android.os.BinderProxy@c4a410e
06-29 07:52:51.042  1464  5008 W ActivityManager: pid 30541 com.microsoft.windowsintune.companyportal:omadm_client_process sent binder code 1 with flags 2 to frozen apps and got error -2147483646
06-29 07:52:51.043 30541  7736 I ActivityThread: Removing dead content provider:android.content.ContentProviderProxy@e32ae73
06-29 07:52:51.044  1464  5008 I ActivityManager: Process com.microsoft.windowsintune.companyportal.omadm_client_process (pid 30823) early provider death
06-29 07:52:51.044  1464  5008 I ActivityManager: Process com.microsoft.windowsintune.companyportal.omadm_client_process (pid 30823) has died: cch+15 CEM 
06-29 07:52:51.047  1464  5008 W ActivityManager: ProcessRecord{fafb082 0:com.microsoft.windowsintune.companyportal.omadm_client_process/u0a483} is attached to a previous process 30823
06-29 07:52:51.052  1464  5008 D CompatChangeReporter: Compat change id reported: 151861875; UID 10483; state: ENABLED
06-29 07:52:51.116  1464  1973 V ActivityManager: Got obituary of 30823:com.microsoft.windowsintune.companyportal.omadm_client_process
06-29 07:52:51.117  1464  1724 W ActivityManager: Slow operation: 65ms so far, now at startProcess: asking zygote to start proc
06-29 07:52:51.149  1464  1724 W ActivityManager: Slow operation: 97ms so far, now at startProcess: returned from zygote!
06-29 07:52:51.152  1464  1724 W ActivityManager: Slow operation: 101ms so far, now at startProcess: done updating battery stats
06-29 07:52:51.152  1464  1724 W ActivityManager: Slow operation: 101ms so far, now at startProcess: building log message
06-29 07:52:51.152  1464  1724 I ActivityManager: Start proc 7888:com.microsoft.windowsintune.companyportal.omadm_client_process/u0a483 for content provider {com.microsoft.windowsintune.companyportal/com.microsoft.intune.origindetection.abstraction.DeviceOriginContentProvider}
06-29 07:52:51.153  1464  1724 W ActivityManager: Slow operation: 101ms so far, now at startProcess: starting to update pids map
06-29 07:52:51.153  1464  1724 W ActivityManager: Slow operation: 101ms so far, now at startProcess: done updating pids map
06-29 07:52:51.192  1464  2004 W ActivityManager: pid 5910 has 0 free async space, killing
06-29 07:52:51.193  1464  1723 I ActivityManager: Killing 5910:com.microsoft.office.officehubrow/u0a472 (adj 915): Async binder space running out while frozen
06-29 07:52:51.193  1464  2004 W ActivityManager: pid 4981 has 0 free async space, killing
06-29 07:52:51.194  1464  1723 I ActivityManager: Killing 4981:com.microsoft.teams/u0a356 (adj 915): Async binder space running out while frozen
06-29 07:52:51.256  1464  1707 D DisplayManagerService: Drop pending events for gone uid 10472
06-29 07:52:51.272  1464  1707 D DisplayManagerService: Drop pending events for gone uid 10356
06-29 07:52:52.050  1464  2134 D BackgroundInstallControlService: Package event received: 0
06-29 07:52:52.065  1464  2134 D BackgroundInstallControlService: Package event received: 0
06-29 07:52:52.106  1464  2134 D BackgroundInstallControlService: Package event received: 0
06-29 07:52:53.468  1464  1733 I ActivityManager: Process PhantomProcessRecord {6433f7d 7877:4189:zygote_reactjs/u0a365} died
06-29 07:52:53.484  1464  1733 I ActivityManager: Process PhantomProcessRecord {b6fcfe9 7884:30541:zygote_reactjs/u0a483} died
06-29 07:52:53.669  1464  1733 I ActivityManager: Process PhantomProcessRecord {b37ca6 7887:30541:zygote_reactjs/u0a483} died
06-29 07:52:54.407  1464  2134 D BackgroundInstallControlService: Package event received: 0
06-29 07:52:55.591  1464  2004 D ActivityManager: freezing 4081 com.google.android.apps.tips
06-29 07:52:56.771  1464  2004 D ActivityManager: freezing 7440 com.google.android.packageinstaller
06-29 07:52:56.886  1464  2153 W FileUtils: Failed to chmod(AtomicFile[/data/system_de/0/system/game-manager-service.xml]): android.system.ErrnoException: chmod failed: ENOENT (No such file or directory)
06-29 07:52:57.531  1464  2004 D ActivityManager: freezing 5606 com.airbnb.android
06-29 07:52:57.935  1464  2004 D ActivityManager: freezing 3715 com.google.android.apps.nbu.files
06-29 07:52:57.995  1464  1988 W AppOps  : Noting op not finished: uid 10163 pkg com.google.android.gms code 113 startTime of in progress event=1751176200248
06-29 07:52:58.030  1464  2004 D ActivityManager: freezing 22879 com.google.android.videos
06-29 07:52:58.038  1464  1632 W AppOps  : Noting op not finished: uid 10150 pkg com.google.android.apps.scone code 79 startTime of in progress event=1751158089978
06-29 07:52:58.172  1464  2004 D ActivityManager: freezing 7734 com.google.android.documentsui
06-29 07:52:58.174  1464  2004 D ActivityManager: freezing 25216 com.google.android.apps.docs
06-29 07:52:58.290  1464  2004 D ActivityManager: freezing 1264 android.process.media
06-29 07:52:58.411  1464  2004 D ActivityManager: freezing 24670 com.android.vending:background
06-29 07:53:00.103  1464  2134 D BackgroundInstallControlService: Package event received: 0
06-29 07:53:00.123  1464  2134 D BackgroundInstallControlService: Package event received: 0
06-29 07:53:00.387  1464  2004 D ActivityManager: freezing 5380 com.google.android.odad
06-29 07:53:03.960   544  7484 I keystore2: system/security/keystore2/watchdog/src/lib.rs:356 - Watchdog thread idle -> terminating. Have a great day.
06-29 07:53:04.324  1014  1088 I vendor.google.wifi_ext-service-vendor: Wifi: Resetting SAR Scenario to default
06-29 07:53:05.127  1464  2004 D ActivityManager: freezing 26835 com.android.chrome
06-29 07:53:05.132  1464  2004 D ActivityManager: freezing 27041 com.android.chrome:sandboxed_process0:org.chromium.content.app.SandboxedProcessService0:0
06-29 07:53:07.275  1464  2004 D ActivityManager: freezing 7888 com.microsoft.windowsintune.companyportal.omadm_client_process
06-29 07:53:08.840  2170  3639 D PowerUI : can't show warning due to - plugged: true status unknown: false
06-29 07:53:08.854  1464  2004 D ActivityManager: freezing 3891 com.google.android.permissioncontroller
06-29 07:53:10.011  1464  2134 D BackgroundInstallControlService: Package event received: 0
06-29 07:53:14.087  1464  2134 D BackgroundInstallControlService: Package event received: 0
06-29 07:53:14.123  1464  2134 D BackgroundInstallControlService: Package event received: 0
06-29 07:53:14.127  1464  2134 D BackgroundInstallControlService: Package event received: 0
06-29 07:53:14.127  1464  2134 D BackgroundInstallControlService: Package event received: 0
06-29 07:53:21.179  1464  2004 D ActivityManager: freezing 4138 com.google.android.apps.wellbeing
06-29 07:53:24.070  1464  1723 W ActivityManager: Stale PhantomProcessRecord {90a9dc4 17412:1464:clatd-rmnet1/1000}, removing
06-29 07:53:26.816  1464  2004 D ActivityManager: freezing 27494 com.android.settings
06-29 07:53:26.829  1464  2004 D ActivityManager: freezing 5324 com.android.keychain
06-29 07:53:26.833  1464  2004 D ActivityManager: freezing 2741 system:ui
06-29 07:53:26.836  1464  2004 D ActivityManager: freezing 1234 com.android.DeviceAsWebcam
06-29 07:53:32.908  1014  1088 I vendor.google.wifi_ext-service-vendor: Wifi: Setting SAR Scenario to 3
06-29 07:53:38.598  1464  1759 W ActivityManager: Stale PhantomProcessRecord {f81d753 17412:1464:clatd-rmnet1/1000}, removing
06-29 07:53:39.217  1464  2004 D ActivityManager: freezing 9771 com.android.vending
06-29 07:53:39.222  1464  2004 D ActivityManager: freezing 3168 com.google.android.gms
06-29 07:53:39.231  1464  2004 D ActivityManager: freezing 30765 com.google.android.gms.unstable
06-29 07:53:40.014  1464  2004 D ActivityManager: freezing 4189 com.microsoft.office.outlook
06-29 07:53:40.023  1464  2004 D ActivityManager: freezing 30541 com.microsoft.windowsintune.companyportal:omadm_client_process
06-29 07:53:45.744  1464  4999 W AppOps  : Noting op not finished: uid 10163 pkg com.google.android.gms code 113 startTime of in progress event=1751176200248
06-29 07:53:45.771  1464  4999 W AppOps  : Noting op not finished: uid 10150 pkg com.google.android.apps.scone code 79 startTime of in progress event=1751158089978
06-29 07:53:52.116  1014  3544 I vendor.google.wifi_ext-service-vendor: Wifi: Resetting SAR Scenario to default
06-29 07:53:56.846  1464  1994 D ActivityManager: sync unfroze 1683 com.facebook.katana for 6
06-29 07:53:56.854  1464  1994 W JobServiceContext: Sending onNetworkChanged for a job that isn't started. JobStatus{9baa56f androidx.work.systemjobscheduler:u0a289/19979 @androidx.work.systemjobscheduler@com.facebook.katana/androidx.work.impl.background.systemjob.SystemJobService u=0 s=10289 TIME=-24s893ms:none NET READY}
06-29 07:53:56.907  1464  4999 W ProcessStats: Tracking association SourceState{8a01c76 system/1000 ImpBg #2838347} whose proc state 6 is better than process ProcessState{91c8717 com.facebook.katana/10289 pkg=com.facebook.katana} proc state 15 (103 skipped)
06-29 07:53:57.591  1464  2004 D ActivityManager: freezing 3887 com.google.android.euicc
06-29 07:54:08.286  1464  2004 D ActivityManager: freezing 1683 com.facebook.katana
06-29 07:54:08.831  2170  3631 D PowerUI : can't show warning due to - plugged: true status unknown: false
06-29 07:54:26.466  1464  2134 D BackgroundInstallControlService: Package event received: 0
06-29 07:54:26.466  1464  2134 D BackgroundInstallControlService: Package event received: 0
06-29 07:54:29.181  1014  1088 I vendor.google.wifi_ext-service-vendor: Wifi: Setting SAR Scenario to 3
06-29 07:54:31.510  1464  1989 W PackageConfigPersister: App-specific configuration not found for packageName: com.google.android.apps.nexuslauncher and userId: 0
06-29 07:54:31.712  2170  2194 D WindowManagerShell: setLauncherKeepClearAreaHeight: visible=true, height=452
06-29 07:54:31.713  1464  2027 W InputMethodManagerService: Delegator package does not match. Ignoring startStylusHandwriting
06-29 07:54:31.714  1464  2134 D BackgroundInstallControlService: Package event received: 0
06-29 07:54:31.735  1464  4734 W PackageConfigPersister: App-specific configuration not found for packageName: com.google.android.apps.nexuslauncher and userId: 0
06-29 07:54:32.012  1464  4734 W PackageConfigPersister: App-specific configuration not found for packageName: com.google.android.apps.nexuslauncher and userId: 0
06-29 07:54:32.020  1464  1989 W PackageConfigPersister: App-specific configuration not found for packageName: com.google.android.apps.nexuslauncher and userId: 0
06-29 07:54:33.593  1464  1707 D WindowManager: powerPress: eventTime=1125062802 interactive=true count=1 mShortPressOnPowerBehavior=1
06-29 07:54:33.597  1464  1707 I PowerGroup: Powering off display group due to power_button (groupId= 0, uid= 1000, millisSinceLastUserActivity=1803, lastUserActivityEvent=touch)...
06-29 07:54:33.598  1464  1707 I PowerManagerService: Going to sleep due to power_button (uid 1000, screenOffTimeout=300000, activityTimeoutWM=-1, maxDimRatio=0.20000005, maxDimDur=7000)...
06-29 07:54:33.601  1464  2134 D BackgroundInstallControlService: Package event received: 0
06-29 07:54:33.601  1464  2134 D BackgroundInstallControlService: Package event received: 0
06-29 07:54:33.610  1464  1989 D BiometricUtils: isEncrypted: false isLockdown: false
06-29 07:54:33.615  1464  2125 D BiometricScheduler: [Added] {[3356] com.android.server.biometrics.sensors.fingerprint.aidl.FingerprintAuthenticationClient, proto=3, owner=com.android.systemui, cookie=0, requestId=899, userId=0}, new queue size: 1
06-29 07:54:33.615  1464  2125 D BiometricScheduler: [Polled] {[3356] com.android.server.biometrics.sensors.fingerprint.aidl.FingerprintAuthenticationClient, proto=3, owner=com.android.systemui, cookie=0, requestId=899, userId=0}, State: 0
06-29 07:54:33.615  1464  2125 D GestureAvailabilityTracker: Notifying gesture availability, active=false
06-29 07:54:33.615  1464  2125 D BiometricScheduler: [Started] {[3356] com.android.server.biometrics.sensors.fingerprint.aidl.FingerprintAuthenticationClient, proto=3, owner=com.android.systemui, cookie=0, requestId=899, userId=0}
06-29 07:54:33.615  1464  2125 D BiometricStateCallback: State updated from 0 to 2, client {[3356] com.android.server.biometrics.sensors.fingerprint.aidl.FingerprintAuthenticationClient, proto=3, owner=com.android.systemui, cookie=0, requestId=899, userId=0}
06-29 07:54:33.616  1464  2125 D Biometrics/AuthenticationClient: Requesting auth for com.android.systemui
06-29 07:54:33.646  1464  1464 W ProcessStats: Tracking association SourceState{290b9f7 com.huawei.health:PhoneService/10278 Fgs #2838367} whose proc state 3 is better than process ProcessState{d9b6ae1 com.huawei.health:DaemonService/10278 pkg=com.huawei.health} proc state 4 (0 skipped)
06-29 07:54:33.648  1464  2125 V BiometricSchedulerOperation: started: {[3356] com.android.server.biometrics.sensors.fingerprint.aidl.FingerprintAuthenticationClient, proto=3, owner=com.android.systemui, cookie=0, requestId=899, userId=0}, State: 2
06-29 07:54:33.720  1464  1766 I DisplayPowerController[0]: BrightnessEvent: brt=0.11566965 (78.0%), nits= 184.9104, lux=96.69414, reason=automatic, strat=AutomaticBrightnessStrategy, state=ON, stateReason=DEFAULT_POLICY, policy=OFF, flags=, initBrt=0.11566965, rcmdBrt=0.11566965, preBrt=0.081608295, preLux=165.0604, wasShortTermModelActive=false, autoBrightness=true (default), unclampedBrt=0.11566965, hbmMax=0.377495, hbmMode=off, thrmMax=1.0, rbcStrength=35, powerFactor=1.0, physDisp=cran intgr(local:4619827535830457088), logicalId=0
06-29 07:54:34.124  1464  1766 I DisplayPowerController[0]: Blocking screen off
06-29 07:54:34.127  1464  1766 I DisplayPowerController[0]: Unblocked screen off after 2 ms
06-29 07:54:34.146  1464  1766 D WindowManager: Create SleepToken: tag=Display-off, displayId=0
06-29 07:54:34.146  1464  1766 D ActivityTaskManager: Top Process State changed to PROCESS_STATE_TOP_SLEEPING
06-29 07:54:34.158  1464  2134 D BackgroundInstallControlService: Package event received: 0
06-29 07:54:34.164  1464  1766 I DisplayBrightnessStrategySelector: Changing the DisplayBrightnessStrategy from AutomaticBrightnessStrategy to ScreenOffBrightnessStrategy for display 0
06-29 07:54:34.166  1464  1766 V DisplayPowerController[0]: Brightness [0.0] reason changing to: 'screen_off', previous reason: 'automatic'.
06-29 07:54:34.166  1464  1766 I DisplayPowerController[0]: BrightnessEvent: brt=0.0 (0.0%), nits= 2.0, lux=-1.0, reason=screen_off, strat=ScreenOffBrightnessStrategy, state=OFF, stateReason=DEFAULT_POLICY, policy=OFF, flags=, initBrt=0.11566965, rcmdBrt=NaN, preBrt=NaN, preLux=0.0, wasShortTermModelActive=false, autoBrightness=true (default), unclampedBrt=-1.0, hbmMax=0.63, hbmMode=off, thrmMax=1.0, rbcStrength=35, powerFactor=1.0, physDisp=cran intgr(local:4619827535830457088), logicalId=0
06-29 07:54:34.170  1464  1709 I DisplayDeviceRepository: Display device changed state: "cran intgr", OFF
06-29 07:54:34.171  1464  1766 D BrightnessThermalClamper: Thermal status observer already started
06-29 07:54:34.183  1464  1707 I DisplayDevice: [0] Layerstack set to -1 for local:4619827535830457088
06-29 07:54:34.183  1464  1994 D ActivityManager: sync unfroze 23527 com.google.android.apps.docs.editors.sheets for 6
06-29 07:54:34.196  1464  2134 D BackgroundInstallControlService: Package event received: 0
06-29 07:54:34.196  1464  1759 W ActivityManager: Stale PhantomProcessRecord {c38f3c 17412:1464:clatd-rmnet1/1000}, removing
06-29 07:54:34.197  1464  1994 W JobServiceContext: Sending onNetworkChanged for a job that isn't started. JobStatus{1e2f3db androidx.work.systemjobscheduler:u0a350/464 @androidx.work.systemjobscheduler@com.google.android.apps.docs.editors.sheets/androidx.work.impl.background.systemjob.SystemJobService u=0 s=10350 TIME=-1m1s308ms:none NET READY}
06-29 07:54:34.207  1464  2134 D BackgroundInstallControlService: Package event received: 0
06-29 07:54:34.210  1464  2163 D ActivityManager: sync unfroze 23733 com.whatsapp for 6
06-29 07:54:34.257  1464  2473 D ActivityManager: sync unfroze 23284 android.process.acore for 7
06-29 07:54:34.320  1464  1766 D BrightnessThermalClamper: Thermal status observer already started
06-29 07:54:34.320  1464  1766 I DreamManagerService: Entering dreamland.
06-29 07:54:34.320  1464  1766 I PowerManagerService: Dozing...
06-29 07:54:34.328  1464  1706 I DreamController: Starting dream: name=ComponentInfo{com.android.systemui/com.android.systemui.doze.DozeService}, isPreviewMode=false, canDoze=true, userId=0, reason='power manager request'
06-29 07:54:34.332  1464  2134 D BackgroundInstallControlService: Package event received: 0
06-29 07:54:34.339  1464  4999 D WindowManager: Create SleepToken: tag=keyguard, displayId=0
06-29 07:54:34.340  2170  2170 D InsetsController: Setting requestedVisibleTypes to -11 (was -9)
06-29 07:54:34.347  2170  2170 V DreamService[DozeService]: UpdateDoze mDozeScreenState=1 mDozeScreenBrightness=30 mDozeScreenBrightnessFloat=NaN
06-29 07:54:34.348  1464  5008 D DreamManagerService: Dream requested to start dozing: android.os.Binder@40e6ab3, screenState=OFF, reason=UNKNOWN, screenBrightnessFloat=NaN, screenBrightnessInt=30, useNormalBrightnessForDoze=false
06-29 07:54:34.350  1464  1766 I DisplayPowerController[0]: BrightnessEvent: brt=0.0 (0.0%), nits= 2.0, lux=-1.0, reason=screen_off, strat=ScreenOffBrightnessStrategy, state=OFF, stateReason=UNKNOWN, policy=DOZE, flags=, initBrt=0.0, rcmdBrt=NaN, preBrt=NaN, preLux=0.0, wasShortTermModelActive=false, autoBrightness=true (default), unclampedBrt=-1.0, hbmMax=0.63, hbmMode=off, thrmMax=1.0, rbcStrength=35, powerFactor=1.0, physDisp=cran intgr(local:4619827535830457088), logicalId=0
06-29 07:54:34.354  2359  2359 D ContextualAwarenessService: Before dispatching ACTION_SCREEN_OFF onReceive work to background
06-29 07:54:34.355  2359  2359 D ContextualAwarenessService: After dispatching ACTION_SCREEN_OFF onReceive work to background
06-29 07:54:34.355  2359 19667 D ContextualAwarenessService: Before ACTION_SCREEN_OFF onReceive work
06-29 07:54:34.356  2359 19667 D ContextualAwarenessService: After ACTION_SCREEN_OFF onReceive work
06-29 07:54:34.363   544 15264 I keystore2: system/security/keystore2/src/authorization.rs:155 - on_device_locked(user_id=0, unlocking_sids=[-4383642125494490543, 5565863533125837576], weak_unlock_enabled=false)
06-29 07:54:34.365   926  1895 I Lyric   : spectral_driver.cc:137: Ambient light sampling has been disabled. Stream consumer count: 0
06-29 07:54:34.377   544 15264 I keystore2: system/security/keystore2/src/super_key.rs:973 - UnlockedDeviceRequired super keys for user 0 are biometric-encrypted.
06-29 07:54:34.378   544 15264 I keystore2: system/security/keystore2/src/authorization.rs:155 - on_device_locked(user_id=10, unlocking_sids=[-4383642125494490543, 5565863533125837576], weak_unlock_enabled=false)
06-29 07:54:34.382  1464  1709 W AccessibilityWindowsPopulator: The displayInfo of this displayId (0) called back from the surface fligner is null
06-29 07:54:34.385  1464  4734 W AccessibilityWindowsPopulator: The displayInfo of this displayId (0) called back from the surface fligner is null
06-29 07:54:34.387  1464  4734 W AccessibilityWindowsPopulator: The displayInfo of this displayId (0) called back from the surface fligner is null
06-29 07:54:34.402  1464  2473 W AccessibilityWindowsPopulator: The displayInfo of this displayId (0) called back from the surface fligner is null
06-29 07:54:34.408  1464  4734 D SystemServerTiming: getUserSwitchability-0
06-29 07:54:34.408  1464  4734 D SystemServerTiming: TM.isInCall
06-29 07:54:34.408  1464  4734 D SystemServerTiming: hasUserRestriction-DISALLOW_USER_SWITCH
06-29 07:54:34.409  1464  1709 W AccessibilityWindowsPopulator: The displayInfo of this displayId (0) called back from the surface fligner is null
06-29 07:54:34.409  1464  4734 D SystemServerTiming: getInt-ALLOW_USER_SWITCHING_WHEN_SYSTEM_USER_LOCKED
06-29 07:54:34.409  1464  4734 D SystemServerTiming: isUserUnlocked-USER_SYSTEM
06-29 07:54:34.409  1464  5008 D BiometricService: canAuthenticate: User=0, Caller=0, Authenticators=255
06-29 07:54:34.412  1464  1973 D SystemServerTiming: getUserSwitchability-0
06-29 07:54:34.412  1464  1973 D SystemServerTiming: TM.isInCall
06-29 07:54:34.412  1464  4999 D SystemServerTiming: getUserSwitchability-0
06-29 07:54:34.412  1464  4999 D SystemServerTiming: TM.isInCall
06-29 07:54:34.413  1464  5008 D BiometricService/PreAuthInfo: Package: com.android.systemui Sensor ID: 0 Modality: 2 Status: 1
06-29 07:54:34.413  1464  1973 D SystemServerTiming: hasUserRestriction-DISALLOW_USER_SWITCH
06-29 07:54:34.413  1464  1973 D SystemServerTiming: getInt-ALLOW_USER_SWITCHING_WHEN_SYSTEM_USER_LOCKED
06-29 07:54:34.413  1464  1973 D SystemServerTiming: isUserUnlocked-USER_SYSTEM
06-29 07:54:34.414  1464  4999 D SystemServerTiming: hasUserRestriction-DISALLOW_USER_SWITCH
06-29 07:54:34.414  1464  4999 D SystemServerTiming: getInt-ALLOW_USER_SWITCHING_WHEN_SYSTEM_USER_LOCKED
06-29 07:54:34.414  1464  4999 D SystemServerTiming: isUserUnlocked-USER_SYSTEM
06-29 07:54:34.417  1464  5008 D BiometricService/PreAuthInfo: Package: com.android.systemui Sensor ID: 1 Modality: 8 Status: 1
06-29 07:54:34.417  1464  5008 D BiometricService/PreAuthInfo: getCanAuthenticateInternal Modality: 10 AuthenticatorStatus: 1
06-29 07:54:34.417  1464  5008 D AuthService: canAuthenticate, userId: 0, callingUserId: 0, authenticators: 255, result: 0
06-29 07:54:34.427   926  1920 I Lyric   : face_authentication_controller.cc:68: FaceAuthPreAllocation Finished
06-29 07:54:34.439  1464  1973 W AccessibilityWindowsPopulator: The displayInfo of this displayId (0) called back from the surface fligner is null
06-29 07:54:34.448     0     0 I trusty  : INFO: system/keymint/ta/src/lib.rs:949 add 64 bytes of entropy
06-29 07:54:34.459  1464  2134 D BackgroundInstallControlService: Package event received: 0
06-29 07:54:34.466   544 15264 I keystore2: system/security/keystore2/src/super_key.rs:973 - UnlockedDeviceRequired super keys for user 10 are biometric-encrypted.
06-29 07:54:34.466  1464  1464 W Looper  : Slow dispatch took 106ms main h=com.android.server.trust.TrustManagerService$4 c=null m=6
06-29 07:54:34.468  1464  2134 D BackgroundInstallControlService: Package event received: 0
06-29 07:54:34.468  1464  2134 D BackgroundInstallControlService: Package event received: 0
06-29 07:54:34.470  1464  4000 W UserManagerService: Requested status bar icon for non-badged user 0
06-29 07:54:34.474  1464  1973 D ActivityManager: sync unfroze 3168 com.google.android.gms for 4
06-29 07:54:34.474  1464  2134 D BackgroundInstallControlService: Package event received: 0
06-29 07:54:34.475  1464  1973 D ActivityManager: sync unfroze 9771 com.android.vending for 4
06-29 07:54:34.476  1464  1973 D ActivityManager: sync unfroze 30765 com.google.android.gms.unstable for 4
06-29 07:54:34.477  1464  2134 D BackgroundInstallControlService: Package event received: 0
06-29 07:54:34.477  1464  2134 D BackgroundInstallControlService: Package event received: 0
06-29 07:54:34.477  1464  2134 D BackgroundInstallControlService: Package event received: 0
06-29 07:54:34.482  1464  1464 I PowerManagerService: onFlip(): Face up.
06-29 07:54:34.484  1464  1709 W AccessibilityWindowsPopulator: The displayInfo of this displayId (0) called back from the surface fligner is null
06-29 07:54:34.491  1464  1723 D ActivityManager: sync unfroze 1683 com.facebook.katana for 3
06-29 07:54:34.567  1464  2473 W AccessibilityWindowsPopulator: The displayInfo of this displayId (0) called back from the surface fligner is null
06-29 07:54:34.572  1464  2473 W AccessibilityWindowsPopulator: The displayInfo of this displayId (0) called back from the surface fligner is null
06-29 07:54:34.584  1464  4000 D FingerprintProvider/default: setIgnoreDisplayTouches set to false
06-29 07:54:34.591  1464  1709 W AccessibilityWindowsPopulator: The displayInfo of this displayId (0) called back from the surface fligner is null
06-29 07:54:34.616  1464  1709 W AccessibilityWindowsPopulator: The displayInfo of this displayId (0) called back from the surface fligner is null
06-29 07:54:34.643  1464  2473 W ActivityManager: Background start not allowed: service Intent { act=com.whatsapp.messaging.MessageService.START cmp=com.whatsapp/.messaging.MessageService } to com.whatsapp/.messaging.MessageService from pid=23733 uid=10274 pkg=com.whatsapp startFg?=false
06-29 07:54:34.656  1464  2124 I MR2ServiceImpl: Updating composite discovery preference | preference: RouteDiscoveryRequest{ preferredFeatures={}, activeScan=false }, active routers: []
